PASS / pre-world JS: 186631 / 256000 bytes gzip
PASS / critical transfer: 203993 / 665600 bytes
PASS /about pre-world JS: 177188 / 256000 bytes gzip
PASS /about critical transfer: 190143 / 665600 bytes
PASS /contact pre-world JS: 179059 / 256000 bytes gzip
PASS /contact critical transfer: 191041 / 665600 bytes
PASS /resume pre-world JS: 177188 / 256000 bytes gzip
PASS /resume critical transfer: 190875 / 665600 bytes
PASS /projects pre-world JS: 177188 / 256000 bytes gzip
PASS /projects critical transfer: 189786 / 665600 bytes
PASS desktop essential assets: 2020880 / 6291456 bytes
PASS desktop active geometry upper bound: 21904 / 300000 triangles
PASS desktop asset-derived GPU upper bound: 21845331 / 167772160 bytes estimate
PASS mobile essential assets: 2021376 / 3145728 bytes
PASS mobile active geometry upper bound: 21904 / 140000 triangles
PASS mobile asset-derived GPU upper bound: 21845331 / 83886080 bytes estimate
PASS full optional production world: 4012608 / 14680064 bytes
PASS desktop-1440x900 cold DOMContentLoaded median: 83 / 3000 ms localhost lab
PASS mobile-390x844 cold DOMContentLoaded median: 64 / 3000 ms localhost lab
PASS narrow-320x600 cold DOMContentLoaded median: 56 / 3000 ms localhost lab
PASS active route frame median: 16.69999999999709 / 33.3 ms browser lab
PASS active route frame p95: 16.70000000001164 / 45 ms browser lab
