Lockfile is up to date, resolution step is skipped
Progress: resolved 1, reused 0, downloaded 0, added 0
Packages: +404
++++++++++++++++++++++++++++++++++++++++++++++++++++++++++++++++++++++++++++++++
Progress: resolved 404, reused 1, downloaded 0, added 0
Progress: resolved 404, reused 11, downloaded 0, added 0
Progress: resolved 404, reused 49, downloaded 0, added 0
Progress: resolved 404, reused 91, downloaded 0, added 0
Progress: resolved 404, reused 115, downloaded 0, added 0
Progress: resolved 404, reused 132, downloaded 0, added 0
Progress: resolved 404, reused 156, downloaded 0, added 0
Progress: resolved 404, reused 184, downloaded 0, added 0
Progress: resolved 404, reused 186, downloaded 0, added 0
Progress: resolved 404, reused 187, downloaded 0, added 0
Progress: resolved 404, reused 208, downloaded 0, added 0
Progress: resolved 404, reused 247, downloaded 0, added 0
Progress: resolved 404, reused 316, downloaded 0, added 0
Progress: resolved 404, reused 350, downloaded 0, added 0
Progress: resolved 404, reused 398, downloaded 0, added 3
Progress: resolved 404, reused 400, downloaded 0, added 27
Progress: resolved 404, reused 400, downloaded 0, added 28
Progress: resolved 404, reused 400, downloaded 0, added 29
Progress: resolved 404, reused 400, downloaded 0, added 38
Progress: resolved 404, reused 400, downloaded 0, added 41
Progress: resolved 404, reused 402, downloaded 0, added 47
Progress: resolved 404, reused 402, downloaded 0, added 52
Progress: resolved 404, reused 402, downloaded 0, added 91
Progress: resolved 404, reused 402, downloaded 0, added 92
Progress: resolved 404, reused 402, downloaded 0, added 127
Progress: resolved 404, reused 402, downloaded 0, added 147
Progress: resolved 404, reused 402, downloaded 0, added 148
Progress: resolved 404, reused 402, downloaded 0, added 207
Progress: resolved 404, reused 402, downloaded 0, added 208
Progress: resolved 404, reused 402, downloaded 0, added 209
Progress: resolved 404, reused 402, downloaded 0, added 251
Progress: resolved 404, reused 402, downloaded 0, added 252
Progress: resolved 404, reused 403, downloaded 0, added 306
Progress: resolved 404, reused 403, downloaded 0, added 307
Progress: resolved 404, reused 403, downloaded 0, added 342
Progress: resolved 404, reused 403, downloaded 0, added 343
Progress: resolved 404, reused 403, downloaded 0, added 364
Progress: resolved 404, reused 403, downloaded 0, added 365
Progress: resolved 404, reused 403, downloaded 0, added 381
Progress: resolved 404, reused 403, downloaded 0, added 382
Progress: resolved 404, reused 403, downloaded 0, added 391
Progress: resolved 404, reused 403, downloaded 0, added 395
Progress: resolved 404, reused 403, downloaded 0, added 396
Progress: resolved 404, reused 403, downloaded 0, added 397
Progress: resolved 404, reused 403, downloaded 0, added 400
Progress: resolved 404, reused 403, downloaded 0, added 401
Progress: resolved 404, reused 403, downloaded 0, added 402
Progress: resolved 404, reused 403, downloaded 0, added 403
Progress: resolved 404, reused 404, downloaded 0, added 403
Progress: resolved 404, reused 404, downloaded 0, added 404
Progress: resolved 404, reused 404, downloaded 0, added 404, done

dependencies:
+ @supabase/ssr 0.12.7
+ @supabase/supabase-js 2.117.2
+ next 16.3.8
+ pg 8.16.3
+ react 19.3.0
+ react-dom 19.3.0
+ server-only 0.0.1
+ sharp 0.35.5
+ three 0.180.0
+ zod 4.6.5

devDependencies:
+ @axe-core/playwright 4.13.0
+ @electric-sql/pglite 0.5.8
+ @playwright/test 1.63.0
+ @types/node 24.19.0
+ @types/pg 8.15.5
+ @types/react 19.3.0
+ @types/react-dom 19.3.0
+ @types/three 0.180.0
+ eslint 9.39.5
+ eslint-config-next 16.3.8
+ gltf-validator 2.0.0-dev.3.10
+ typescript 6.0.3
+ vitest 5.0.2

Done in 1m 39.7s using pnpm v9.15.9
