
> yor-world@1.0.0-rc3 test:integration C:\Users\yoray\AppData\Local\Temp\yw-iv-2a186\app
> vitest run --config vitest.integration.config.ts "--reporter=default" "--reporter=json" "--outputFile.json=C:\\Users\\yoray\\Projects\\Yor World\\deliveries\\G6\\rc3-platform-independent-verification\\evidence\\integration-results.json"


 RUN  v5.0.2 C:/Users/yoray/AppData/Local/Temp/yw-iv-2a186/app

 ✓ tests/integration/platform/owner-auth.test.ts (18 tests) 67ms
 ✓ tests/integration/platform/publication.test.ts (17 tests) 294ms
 ✓ tests/integration/platform/media-access.test.ts (13 tests) 387ms
 ✓ tests/integration/candidate-integration.test.ts (9 tests) 23ms
 ✓ tests/integration/production-lighting.test.ts (4 tests) 326ms
 ✓ tests/integration/production-camera.test.ts (5 tests) 287ms
 ✓ tests/integration/platform/operations-restore.test.ts (4 tests) 16ms
 ✓ tests/integration/runtime/frozen-world-binding.test.ts (4 tests) 523ms
 ✓ tests/integration/platform/github-metadata.test.ts (5 tests) 398ms
   ✓ Milestone A6: GitHub Metadata Integration (5)
     ✓ fetches and caches metadata successfully for allowlisted repository 332ms
 ✓ tests/integration/platform/contact-idempotency-r2.test.ts (11 tests) 5648ms
   ✓ A5/A6-CONTACT-IDEMPOTENCY-R2: Database-Safe Idempotency Suite (11)
     ✓ 1. Baseline Ingestion & Idempotency (4)
       ✓ 1.4 [100 concurrent requests]: high concurrency stress test verifies database race arbiter 405ms
 ✓ tests/integration/platform/session-claims.test.ts (4 tests) 41ms
 ✓ tests/integration/runtime/adaptive-runtime.test.ts (3 tests) 11ms
 ✓ tests/integration/platform/telemetry.test.ts (5 tests) 26ms
 ✓ tests/integration/platform/scp-media-validation.test.ts (34 tests) 826ms
 ✓ tests/integration/platform/postgres-transactions.test.ts (2 tests) 11ms
 ✓ tests/integration/platform/internal-jobs.test.ts (4 tests) 48ms
 ✓ tests/integration/runtime/public-snapshot.test.ts (7 tests) 354ms
 ✓ tests/integration/platform/database-authorization.test.ts (13 tests) 9713ms
 ✓ tests/integration/platform/scp-telemetry-github.test.ts (12 tests) 8920ms
 ✓ tests/integration/platform/published-media.test.ts (4 tests) 4262ms
 ✓ tests/integration/platform/contact.test.ts (13 tests) 9385ms
 ✓ tests/integration/platform/canonical-platform.test.ts (9 tests) 9188ms
 ✓ tests/integration/platform/scp-publication-outbox.test.ts (23 tests) 10180ms
 ✓ tests/integration/platform/canonical-fixture.test.ts (1 test) 5457ms
   ✓ Explicit browser fixture connection ownership across Next route bundles (1)
     ✓ initializes the same file database once across independently loaded route modules 5454ms

 Test Files  24 passed (24)
      Tests  224 passed (224)
   Start at  21:54:53
   Duration  13.19s (tests 74%, import 15%, transform 11%)

JSON report written to C:/Users/yoray/Projects/Yor World/deliveries/G6/rc3-platform-independent-verification/evidence/integration-results.json
