
> yor-world@1.0.0-rc3 build C:\Users\yoray\AppData\Local\Temp\yw-iv-2a186\app
> next build

▲ Next.js 16.3.8 (Turbopack)
✓ Running next.config.ts took 386ms
⚠ No build cache found. Please configure build caching for faster rebuilds. Read more: https://nextjs.org/docs/messages/no-cache
Attention: Next.js now collects completely anonymous telemetry regarding usage.
This information is used to shape Next.js' roadmap and prioritize features.
You can learn more, including how to opt-out if you'd not like to participate in this anonymous program, by visiting the following URL:
https://nextjs.org/telemetry


  Creating an optimized production build ...
✓ Compiled successfully in 9.9s
  Running TypeScript ...
  Finished TypeScript in 15.3s ...
  Collecting page data using 11 workers ...
  Generating static pages using 11 workers (0/7) ...
  Generating static pages using 11 workers (1/7) 
  Generating static pages using 11 workers (3/7) 
  Generating static pages using 11 workers (5/7) 
✓ Generating static pages using 11 workers (7/7) in 319ms
  Finalizing page optimization ...

Route (app)
┌ ƒ /
├ ○ /_not-found
├ ○ /about
├ ƒ /admin
├ ƒ /admin/editor
├ ○ /admin/login
├ ƒ /admin/publish
├ ƒ /api/admin/audit
├ ƒ /api/admin/media
├ ƒ /api/admin/media/[id]
├ ƒ /api/admin/media/[id]/approve
├ ƒ /api/admin/projects
├ ƒ /api/admin/publish
├ ƒ /api/admin/rollback
├ ƒ /api/admin/verify
├ ƒ /api/contact
├ ƒ /api/events
├ ƒ /api/github
├ ƒ /api/internal/jobs/[job]
├ ○ /contact
├ ƒ /projects
├ ƒ /projects/[slug]
├ ○ /resume
├ ○ /robots.txt
└ ƒ /sitemap.xml


○  (Static)   prerendered as static content
ƒ  (Dynamic)  server-rendered on demand

