COMMAND: "C:\Program Files\nodejs\node.EXE" C:\Users\yoray\AppData\Roaming\npm\node_modules\pnpm\bin\pnpm.cjs install --frozen-lockfile --store-dir C:\Users\yoray\AppData\Local\Temp\yor-world-b5-proof-xc9mhki2\store --config.cache-dir=C:\Users\yoray\AppData\Local\Temp\yor-world-b5-proof-xc9mhki2\cache
CWD: C:\Users\yoray\AppData\Local\Temp\yor-world-c1-proof-psav0kdc\app
Lockfile is up to date, resolution step is skipped
Progress: resolved 1, reused 0, downloaded 0, added 0
Packages: +376
++++++++++++++++++++++++++++++++++++++++++++++++++++++++++++++++++++++++++++++++
Progress: resolved 376, reused 1, downloaded 0, added 0
Progress: resolved 376, reused 16, downloaded 0, added 0
Progress: resolved 376, reused 35, downloaded 0, added 0
Progress: resolved 376, reused 63, downloaded 0, added 0
Progress: resolved 376, reused 91, downloaded 0, added 0
Progress: resolved 376, reused 146, downloaded 0, added 0
Progress: resolved 376, reused 201, downloaded 0, added 0
Progress: resolved 376, reused 261, downloaded 0, added 0
Progress: resolved 376, reused 320, downloaded 0, added 0
Progress: resolved 376, reused 375, downloaded 0, added 10
Progress: resolved 376, reused 375, downloaded 0, added 32
Progress: resolved 376, reused 375, downloaded 0, added 50
Progress: resolved 376, reused 375, downloaded 0, added 59
Progress: resolved 376, reused 375, downloaded 0, added 60
Progress: resolved 376, reused 375, downloaded 0, added 72
Progress: resolved 376, reused 375, downloaded 0, added 94
Progress: resolved 376, reused 375, downloaded 0, added 118
Progress: resolved 376, reused 375, downloaded 0, added 141
Progress: resolved 376, reused 376, downloaded 0, added 152
Progress: resolved 376, reused 376, downloaded 0, added 169
Progress: resolved 376, reused 376, downloaded 0, added 183
Progress: resolved 376, reused 376, downloaded 0, added 199
Progress: resolved 376, reused 376, downloaded 0, added 217
Progress: resolved 376, reused 376, downloaded 0, added 221
Progress: resolved 376, reused 376, downloaded 0, added 248
Progress: resolved 376, reused 376, downloaded 0, added 267
Progress: resolved 376, reused 376, downloaded 0, added 284
Progress: resolved 376, reused 376, downloaded 0, added 308
Progress: resolved 376, reused 376, downloaded 0, added 316
Progress: resolved 376, reused 376, downloaded 0, added 326
Progress: resolved 376, reused 376, downloaded 0, added 334
Progress: resolved 376, reused 376, downloaded 0, added 342
Progress: resolved 376, reused 376, downloaded 0, added 348
Progress: resolved 376, reused 376, downloaded 0, added 368
Progress: resolved 376, reused 376, downloaded 0, added 369
Progress: resolved 376, reused 376, downloaded 0, added 371
Progress: resolved 376, reused 376, downloaded 0, added 372
Progress: resolved 376, reused 376, downloaded 0, added 373
Progress: resolved 376, reused 376, downloaded 0, added 374
Progress: resolved 376, reused 376, downloaded 0, added 375
Progress: resolved 376, reused 376, downloaded 0, added 376
Progress: resolved 376, reused 376, downloaded 0, added 376, done

dependencies:
+ next 16.3.8
+ react 19.3.0
+ react-dom 19.3.0
+ three 0.180.0
+ zod 4.6.5

devDependencies:
+ @axe-core/playwright 4.13.0
+ @playwright/test 1.63.0
+ @types/node 24.19.0
+ @types/react 19.3.0
+ @types/react-dom 19.3.0
+ @types/three 0.180.0
+ eslint 9.39.5
+ eslint-config-next 16.3.8
+ typescript 6.0.3
+ vitest 5.0.2

Done in 1m 31.1s using pnpm v9.15.9

EXIT: 0
