COMMAND: "C:\Program Files\nodejs\node.EXE" C:\Users\yoray\AppData\Roaming\npm\node_modules\pnpm\bin\pnpm.cjs typecheck
CWD: C:\Users\yoray\AppData\Local\Temp\yor-world-c1-proof-psav0kdc\app

> yor-world-g1-proof@0.1.0 typecheck C:\Users\yoray\AppData\Local\Temp\yor-world-c1-proof-psav0kdc\app
> tsc --noEmit

src/features/experience/controller.ts(238,12): error TS2678: Type '"CLOSE_PANEL"' is not comparable to type '"ENTER" | "SKIP" | "GREET" | "OPEN_PROJECT" | "NAVIGATE" | "OPEN_PANEL" | "SET_LAMP" | "SET_BLINDS" | "SET_SOUND" | "SET_QUALITY" | "SET_CLOCK_FORMAT" | "SET_PAUSED" | "ESCAPE" | "HIDE" | "SHOW" | "RENDERER_FAILED"'.
src/features/experience/controller.ts(272,12): error TS2678: Type '"TILT_PAINTING"' is not comparable to type '"ENTER" | "SKIP" | "GREET" | "OPEN_PROJECT" | "NAVIGATE" | "OPEN_PANEL" | "SET_LAMP" | "SET_BLINDS" | "SET_SOUND" | "SET_QUALITY" | "SET_CLOCK_FORMAT" | "SET_PAUSED" | "ESCAPE" | "HIDE" | "SHOW" | "RENDERER_FAILED"'.
src/features/experience/controller.ts(273,39): error TS2339: Property 'angleDeg' does not exist on type 'never'.
src/features/experience/controller.ts(276,12): error TS2678: Type '"NUDGE_PLANT"' is not comparable to type '"ENTER" | "SKIP" | "GREET" | "OPEN_PROJECT" | "NAVIGATE" | "OPEN_PANEL" | "SET_LAMP" | "SET_BLINDS" | "SET_SOUND" | "SET_QUALITY" | "SET_CLOCK_FORMAT" | "SET_PAUSED" | "ESCAPE" | "HIDE" | "SHOW" | "RENDERER_FAILED"'.
src/features/experience/controller.ts(280,12): error TS2678: Type '"ADJUST_CHAIR"' is not comparable to type '"ENTER" | "SKIP" | "GREET" | "OPEN_PROJECT" | "NAVIGATE" | "OPEN_PANEL" | "SET_LAMP" | "SET_BLINDS" | "SET_SOUND" | "SET_QUALITY" | "SET_CLOCK_FORMAT" | "SET_PAUSED" | "ESCAPE" | "HIDE" | "SHOW" | "RENDERER_FAILED"'.
src/features/experience/controller.ts(284,12): error TS2678: Type '"FOCUS_MONITOR"' is not comparable to type '"ENTER" | "SKIP" | "GREET" | "OPEN_PROJECT" | "NAVIGATE" | "OPEN_PANEL" | "SET_LAMP" | "SET_BLINDS" | "SET_SOUND" | "SET_QUALITY" | "SET_CLOCK_FORMAT" | "SET_PAUSED" | "ESCAPE" | "HIDE" | "SHOW" | "RENDERER_FAILED"'.
src/features/experience/controller.ts(288,12): error TS2678: Type '"REPLAY_ENTRANCE"' is not comparable to type '"ENTER" | "SKIP" | "GREET" | "OPEN_PROJECT" | "NAVIGATE" | "OPEN_PANEL" | "SET_LAMP" | "SET_BLINDS" | "SET_SOUND" | "SET_QUALITY" | "SET_CLOCK_FORMAT" | "SET_PAUSED" | "ESCAPE" | "HIDE" | "SHOW" | "RENDERER_FAILED"'.
src/features/experience/intent-arbitration.ts(43,12): error TS2678: Type '"CLOSE_PANEL"' is not comparable to type '"ENTER" | "SKIP" | "GREET" | "OPEN_PROJECT" | "NAVIGATE" | "OPEN_PANEL" | "SET_LAMP" | "SET_BLINDS" | "SET_SOUND" | "SET_QUALITY" | "SET_CLOCK_FORMAT" | "SET_PAUSED" | "ESCAPE" | "HIDE" | "SHOW" | "RENDERER_FAILED"'.
src/features/experience/intent-arbitration.ts(51,12): error TS2678: Type '"FOCUS_MONITOR"' is not comparable to type '"ENTER" | "SKIP" | "GREET" | "OPEN_PROJECT" | "NAVIGATE" | "OPEN_PANEL" | "SET_LAMP" | "SET_BLINDS" | "SET_SOUND" | "SET_QUALITY" | "SET_CLOCK_FORMAT" | "SET_PAUSED" | "ESCAPE" | "HIDE" | "SHOW" | "RENDERER_FAILED"'.
src/features/experience/intent-arbitration.ts(52,12): error TS2678: Type '"REPLAY_ENTRANCE"' is not comparable to type '"ENTER" | "SKIP" | "GREET" | "OPEN_PROJECT" | "NAVIGATE" | "OPEN_PANEL" | "SET_LAMP" | "SET_BLINDS" | "SET_SOUND" | "SET_QUALITY" | "SET_CLOCK_FORMAT" | "SET_PAUSED" | "ESCAPE" | "HIDE" | "SHOW" | "RENDERER_FAILED"'.
src/features/experience/intent-arbitration.ts(64,12): error TS2678: Type '"TILT_PAINTING"' is not comparable to type '"ENTER" | "SKIP" | "GREET" | "OPEN_PROJECT" | "NAVIGATE" | "OPEN_PANEL" | "SET_LAMP" | "SET_BLINDS" | "SET_SOUND" | "SET_QUALITY" | "SET_CLOCK_FORMAT" | "SET_PAUSED" | "ESCAPE" | "HIDE" | "SHOW" | "RENDERER_FAILED"'.
src/features/experience/intent-arbitration.ts(65,12): error TS2678: Type '"NUDGE_PLANT"' is not comparable to type '"ENTER" | "SKIP" | "GREET" | "OPEN_PROJECT" | "NAVIGATE" | "OPEN_PANEL" | "SET_LAMP" | "SET_BLINDS" | "SET_SOUND" | "SET_QUALITY" | "SET_CLOCK_FORMAT" | "SET_PAUSED" | "ESCAPE" | "HIDE" | "SHOW" | "RENDERER_FAILED"'.
src/features/experience/intent-arbitration.ts(66,12): error TS2678: Type '"ADJUST_CHAIR"' is not comparable to type '"ENTER" | "SKIP" | "GREET" | "OPEN_PROJECT" | "NAVIGATE" | "OPEN_PANEL" | "SET_LAMP" | "SET_BLINDS" | "SET_SOUND" | "SET_QUALITY" | "SET_CLOCK_FORMAT" | "SET_PAUSED" | "ESCAPE" | "HIDE" | "SHOW" | "RENDERER_FAILED"'.
src/features/experience/intent-arbitration.ts(135,9): error TS2367: This comparison appears to be unintentional because the types '"ENTER" | "SKIP" | "GREET" | "OPEN_PROJECT" | "NAVIGATE" | "OPEN_PANEL" | "SET_LAMP" | "SET_BLINDS" | "SET_SOUND" | "SET_QUALITY" | "SET_CLOCK_FORMAT" | "SET_PAUSED" | "ESCAPE" | "HIDE" | "SHOW" | "RENDERER_FAILED"' and '"TILT_PAINTING"' have no overlap.
src/features/experience/intent-arbitration.ts(136,98): error TS2339: Property 'isFinal' does not exist on type 'never'.
src/features/experience/intent-arbitration.ts(147,9): error TS2367: This comparison appears to be unintentional because the types '"ENTER" | "SKIP" | "GREET" | "OPEN_PROJECT" | "NAVIGATE" | "OPEN_PANEL" | "SET_LAMP" | "SET_BLINDS" | "SET_SOUND" | "SET_QUALITY" | "SET_CLOCK_FORMAT" | "SET_PAUSED" | "ESCAPE" | "HIDE" | "SHOW" | "RENDERER_FAILED"' and '"NUDGE_PLANT"' have no overlap.
src/features/experience/intent-arbitration.ts(159,9): error TS2367: This comparison appears to be unintentional because the types '"ENTER" | "SKIP" | "GREET" | "OPEN_PROJECT" | "NAVIGATE" | "OPEN_PANEL" | "SET_LAMP" | "SET_BLINDS" | "SET_SOUND" | "SET_QUALITY" | "SET_CLOCK_FORMAT" | "SET_PAUSED" | "ESCAPE" | "HIDE" | "SHOW" | "RENDERER_FAILED"' and '"ADJUST_CHAIR"' have no overlap.
src/features/room/room-controls.tsx(52,44): error TS2322: Type '"ADJUST_CHAIR"' is not assignable to type '"ENTER" | "SKIP" | "GREET" | "OPEN_PROJECT" | "NAVIGATE" | "OPEN_PANEL" | "SET_LAMP" | "SET_BLINDS" | "SET_SOUND" | "SET_QUALITY" | "SET_CLOCK_FORMAT" | "SET_PAUSED" | "ESCAPE" | "HIDE" | "SHOW" | "RENDERER_FAILED"'.
src/features/room/room-controls.tsx(76,44): error TS2322: Type '"TILT_PAINTING"' is not assignable to type '"ENTER" | "SKIP" | "GREET" | "OPEN_PROJECT" | "NAVIGATE" | "OPEN_PANEL" | "SET_LAMP" | "SET_BLINDS" | "SET_SOUND" | "SET_QUALITY" | "SET_CLOCK_FORMAT" | "SET_PAUSED" | "ESCAPE" | "HIDE" | "SHOW" | "RENDERER_FAILED"'.
src/features/room/room-controls.tsx(134,44): error TS2322: Type '"NUDGE_PLANT"' is not assignable to type '"ENTER" | "SKIP" | "GREET" | "OPEN_PROJECT" | "NAVIGATE" | "OPEN_PANEL" | "SET_LAMP" | "SET_BLINDS" | "SET_SOUND" | "SET_QUALITY" | "SET_CLOCK_FORMAT" | "SET_PAUSED" | "ESCAPE" | "HIDE" | "SHOW" | "RENDERER_FAILED"'.
src/features/room/room-controls.tsx(207,44): error TS2322: Type '"REPLAY_ENTRANCE"' is not assignable to type '"ENTER" | "SKIP" | "GREET" | "OPEN_PROJECT" | "NAVIGATE" | "OPEN_PANEL" | "SET_LAMP" | "SET_BLINDS" | "SET_SOUND" | "SET_QUALITY" | "SET_CLOCK_FORMAT" | "SET_PAUSED" | "ESCAPE" | "HIDE" | "SHOW" | "RENDERER_FAILED"'.
src/features/world/WorldRuntime.ts(69,9): error TS2322: Type 'CameraDirector' is not assignable to type 'CameraDirectorAdapter'.
  Types of property 'transitionTo' are incompatible.
    Type '(preset: CameraPreset, signalOrDuration?: number | AbortSignal | undefined, durationMsParam?: number) => Promise<void>' is not assignable to type '(preset: string, durationSec?: number | undefined) => Promise<void>'.
      Types of parameters 'preset' and 'preset' are incompatible.
        Type 'string' is not assignable to type 'CameraPreset'.
tests/unit/intent-arbitration.test.ts(25,43): error TS2322: Type '"TILT_PAINTING"' is not assignable to type '"ENTER" | "SKIP" | "GREET" | "OPEN_PROJECT" | "NAVIGATE" | "OPEN_PANEL" | "SET_LAMP" | "SET_BLINDS" | "SET_SOUND" | "SET_QUALITY" | "SET_CLOCK_FORMAT" | "SET_PAUSED" | "ESCAPE" | "HIDE" | "SHOW" | "RENDERER_FAILED"'.
tests/unit/intent-arbitration.test.ts(26,43): error TS2322: Type '"NUDGE_PLANT"' is not assignable to type '"ENTER" | "SKIP" | "GREET" | "OPEN_PROJECT" | "NAVIGATE" | "OPEN_PANEL" | "SET_LAMP" | "SET_BLINDS" | "SET_SOUND" | "SET_QUALITY" | "SET_CLOCK_FORMAT" | "SET_PAUSED" | "ESCAPE" | "HIDE" | "SHOW" | "RENDERER_FAILED"'.
tests/unit/intent-arbitration.test.ts(27,43): error TS2322: Type '"ADJUST_CHAIR"' is not assignable to type '"ENTER" | "SKIP" | "GREET" | "OPEN_PROJECT" | "NAVIGATE" | "OPEN_PANEL" | "SET_LAMP" | "SET_BLINDS" | "SET_SOUND" | "SET_QUALITY" | "SET_CLOCK_FORMAT" | "SET_PAUSED" | "ESCAPE" | "HIDE" | "SHOW" | "RENDERER_FAILED"'.
tests/unit/intent-arbitration.test.ts(59,9): error TS2322: Type '"TILT_PAINTING"' is not assignable to type '"ENTER" | "SKIP" | "GREET" | "OPEN_PROJECT" | "NAVIGATE" | "OPEN_PANEL" | "SET_LAMP" | "SET_BLINDS" | "SET_SOUND" | "SET_QUALITY" | "SET_CLOCK_FORMAT" | "SET_PAUSED" | "ESCAPE" | "HIDE" | "SHOW" | "RENDERER_FAILED"'.
tests/unit/intent-arbitration.test.ts(73,43): error TS2322: Type '"NUDGE_PLANT"' is not assignable to type '"ENTER" | "SKIP" | "GREET" | "OPEN_PROJECT" | "NAVIGATE" | "OPEN_PANEL" | "SET_LAMP" | "SET_BLINDS" | "SET_SOUND" | "SET_QUALITY" | "SET_CLOCK_FORMAT" | "SET_PAUSED" | "ESCAPE" | "HIDE" | "SHOW" | "RENDERER_FAILED"'.
tests/unit/intent-arbitration.test.ts(76,43): error TS2322: Type '"NUDGE_PLANT"' is not assignable to type '"ENTER" | "SKIP" | "GREET" | "OPEN_PROJECT" | "NAVIGATE" | "OPEN_PANEL" | "SET_LAMP" | "SET_BLINDS" | "SET_SOUND" | "SET_QUALITY" | "SET_CLOCK_FORMAT" | "SET_PAUSED" | "ESCAPE" | "HIDE" | "SHOW" | "RENDERER_FAILED"'.
tests/unit/intent-arbitration.test.ts(79,43): error TS2322: Type '"NUDGE_PLANT"' is not assignable to type '"ENTER" | "SKIP" | "GREET" | "OPEN_PROJECT" | "NAVIGATE" | "OPEN_PANEL" | "SET_LAMP" | "SET_BLINDS" | "SET_SOUND" | "SET_QUALITY" | "SET_CLOCK_FORMAT" | "SET_PAUSED" | "ESCAPE" | "HIDE" | "SHOW" | "RENDERER_FAILED"'.
tests/unit/intent-arbitration.test.ts(83,43): error TS2322: Type '"ADJUST_CHAIR"' is not assignable to type '"ENTER" | "SKIP" | "GREET" | "OPEN_PROJECT" | "NAVIGATE" | "OPEN_PANEL" | "SET_LAMP" | "SET_BLINDS" | "SET_SOUND" | "SET_QUALITY" | "SET_CLOCK_FORMAT" | "SET_PAUSED" | "ESCAPE" | "HIDE" | "SHOW" | "RENDERER_FAILED"'.
tests/unit/intent-arbitration.test.ts(86,43): error TS2322: Type '"ADJUST_CHAIR"' is not assignable to type '"ENTER" | "SKIP" | "GREET" | "OPEN_PROJECT" | "NAVIGATE" | "OPEN_PANEL" | "SET_LAMP" | "SET_BLINDS" | "SET_SOUND" | "SET_QUALITY" | "SET_CLOCK_FORMAT" | "SET_PAUSED" | "ESCAPE" | "HIDE" | "SHOW" | "RENDERER_FAILED"'.
tests/unit/intent-arbitration.test.ts(89,43): error TS2322: Type '"ADJUST_CHAIR"' is not assignable to type '"ENTER" | "SKIP" | "GREET" | "OPEN_PROJECT" | "NAVIGATE" | "OPEN_PANEL" | "SET_LAMP" | "SET_BLINDS" | "SET_SOUND" | "SET_QUALITY" | "SET_CLOCK_FORMAT" | "SET_PAUSED" | "ESCAPE" | "HIDE" | "SHOW" | "RENDERER_FAILED"'.
tests/unit/interaction-controller.test.ts(76,31): error TS2322: Type '"FOCUS_MONITOR"' is not assignable to type '"ENTER" | "SKIP" | "GREET" | "OPEN_PROJECT" | "NAVIGATE" | "OPEN_PANEL" | "SET_LAMP" | "SET_BLINDS" | "SET_SOUND" | "SET_QUALITY" | "SET_CLOCK_FORMAT" | "SET_PAUSED" | "ESCAPE" | "HIDE" | "SHOW" | "RENDERER_FAILED"'.
tests/unit/interaction-controller.test.ts(190,31): error TS2322: Type '"TILT_PAINTING"' is not assignable to type '"ENTER" | "SKIP" | "GREET" | "OPEN_PROJECT" | "NAVIGATE" | "OPEN_PANEL" | "SET_LAMP" | "SET_BLINDS" | "SET_SOUND" | "SET_QUALITY" | "SET_CLOCK_FORMAT" | "SET_PAUSED" | "ESCAPE" | "HIDE" | "SHOW" | "RENDERER_FAILED"'.
 ELIFECYCLE  Command failed with exit code 2.

EXIT: 2
