COMMAND: "C:\Program Files\nodejs\node.EXE" C:\Users\yoray\AppData\Roaming\npm\node_modules\pnpm\bin\pnpm.cjs build
CWD: C:\Users\yoray\AppData\Local\Temp\yor-world-c1-proof-psav0kdc\app

> yor-world-g1-proof@0.1.0 build C:\Users\yoray\AppData\Local\Temp\yor-world-c1-proof-psav0kdc\app
> next build

▲ Next.js 16.3.8 (Turbopack)
✓ Running next.config.ts took 188ms
⚠ No build cache found. Please configure build caching for faster rebuilds. Read more: https://nextjs.org/docs/messages/no-cache

  Creating an optimized production build ...
✓ Compiled successfully in 8.7s
  Running TypeScript ...
  Finished TypeScript in 7.9s ...
  Collecting page data using 8 workers ...
  Generating static pages using 8 workers (0/7) ...
  Generating static pages using 8 workers (1/7) 
  Generating static pages using 8 workers (3/7) 
  Generating static pages using 8 workers (5/7) 
✓ Generating static pages using 8 workers (7/7) in 996ms
  Finalizing page optimization ...

Route (app)
┌ ○ /
├ ○ /_not-found
├ ○ /about
├ ○ /contact
├ ○ /projects
└ ○ /resume


○  (Static)  prerendered as static content


EXIT: 0
