Lockfile is up to date, resolution step is skipped
Progress: resolved 1, reused 0, downloaded 0, added 0
Packages: +367
++++++++++++++++++++++++++++++++++++++++++++++++++++++++++++++++++++++++++++++++
Progress: resolved 367, reused 0, downloaded 14, added 14
Progress: resolved 367, reused 0, downloaded 47, added 47
Progress: resolved 367, reused 0, downloaded 61, added 59
Progress: resolved 367, reused 0, downloaded 91, added 88
Progress: resolved 367, reused 0, downloaded 116, added 114
Progress: resolved 367, reused 0, downloaded 161, added 159
Progress: resolved 367, reused 0, downloaded 185, added 182
Progress: resolved 367, reused 0, downloaded 206, added 202
Progress: resolved 367, reused 0, downloaded 251, added 251
Progress: resolved 367, reused 0, downloaded 278, added 277
Progress: resolved 367, reused 0, downloaded 303, added 297
Progress: resolved 367, reused 0, downloaded 328, added 327
Progress: resolved 367, reused 0, downloaded 345, added 345
Progress: resolved 367, reused 0, downloaded 359, added 359
Progress: resolved 367, reused 0, downloaded 361, added 360
Progress: resolved 367, reused 0, downloaded 363, added 362
Progress: resolved 367, reused 0, downloaded 363, added 363
Progress: resolved 367, reused 0, downloaded 364, added 363
Progress: resolved 367, reused 0, downloaded 364, added 364
Progress: resolved 367, reused 0, downloaded 365, added 364
Progress: resolved 367, reused 0, downloaded 365, added 365
Progress: resolved 367, reused 0, downloaded 366, added 365
Progress: resolved 367, reused 0, downloaded 366, added 366
Progress: resolved 367, reused 0, downloaded 367, added 366
Progress: resolved 367, reused 0, downloaded 367, added 367
Progress: resolved 367, reused 0, downloaded 367, added 367, done
.../node_modules/unrs-resolver postinstall$ node postinstall.js
.../node_modules/unrs-resolver postinstall: Done

dependencies:
+ next 16.3.8
+ react 19.3.0
+ react-dom 19.3.0
+ zod 4.6.5

devDependencies:
+ @axe-core/playwright 4.13.0
+ @playwright/test 1.63.0
+ @types/node 24.19.0
+ @types/react 19.3.0
+ @types/react-dom 19.3.0
+ eslint 9.39.5
+ eslint-config-next 16.3.8
+ typescript 6.0.3
+ vitest 5.0.2

Done in 1m 9.5s using pnpm v9.15.9
