COMMAND: "C:\Program Files\nodejs\node.EXE" C:\Users\yoray\AppData\Roaming\npm\node_modules\pnpm\bin\pnpm.cjs install --frozen-lockfile --store-dir C:\Users\yoray\AppData\Local\Temp\yor-world-g1-proof-5k01yp30\store --config.cache-dir=C:\Users\yoray\AppData\Local\Temp\yor-world-g1-proof-5k01yp30\cache
CWD: C:\Users\yoray\AppData\Local\Temp\yor-world-g1-proof-5k01yp30\app
Lockfile is up to date, resolution step is skipped
Progress: resolved 1, reused 0, downloaded 0, added 0
Packages: +376
++++++++++++++++++++++++++++++++++++++++++++++++++++++++++++++++++++++++++++++++
Progress: resolved 376, reused 0, downloaded 2, added 2
Progress: resolved 376, reused 0, downloaded 4, added 4
Progress: resolved 376, reused 0, downloaded 12, added 12
Progress: resolved 376, reused 0, downloaded 18, added 18
Progress: resolved 376, reused 0, downloaded 41, added 39
Progress: resolved 376, reused 0, downloaded 52, added 52
Progress: resolved 376, reused 0, downloaded 55, added 55
Progress: resolved 376, reused 0, downloaded 61, added 60
Progress: resolved 376, reused 0, downloaded 72, added 71
Progress: resolved 376, reused 0, downloaded 85, added 83
Progress: resolved 376, reused 0, downloaded 120, added 119
Progress: resolved 376, reused 0, downloaded 132, added 132
Progress: resolved 376, reused 0, downloaded 160, added 158
Progress: resolved 376, reused 0, downloaded 180, added 179
Progress: resolved 376, reused 0, downloaded 216, added 215
Progress: resolved 376, reused 0, downloaded 234, added 232
Progress: resolved 376, reused 0, downloaded 265, added 258
Progress: resolved 376, reused 0, downloaded 280, added 279
Progress: resolved 376, reused 0, downloaded 280, added 280
Progress: resolved 376, reused 0, downloaded 293, added 292
Progress: resolved 376, reused 0, downloaded 303, added 301
Progress: resolved 376, reused 0, downloaded 304, added 302
Progress: resolved 376, reused 0, downloaded 313, added 313
Progress: resolved 376, reused 0, downloaded 317, added 317
Progress: resolved 376, reused 0, downloaded 332, added 331
Progress: resolved 376, reused 0, downloaded 338, added 337
Progress: resolved 376, reused 0, downloaded 362, added 360
Progress: resolved 376, reused 0, downloaded 368, added 366
Progress: resolved 376, reused 0, downloaded 370, added 370
Progress: resolved 376, reused 0, downloaded 371, added 370
Progress: resolved 376, reused 0, downloaded 371, added 371
Progress: resolved 376, reused 0, downloaded 373, added 373
Progress: resolved 376, reused 0, downloaded 374, added 373
Progress: resolved 376, reused 0, downloaded 374, added 374
Progress: resolved 376, reused 0, downloaded 375, added 374
Progress: resolved 376, reused 0, downloaded 375, added 375
Progress: resolved 376, reused 0, downloaded 376, added 375
Progress: resolved 376, reused 0, downloaded 376, added 376
Progress: resolved 376, reused 0, downloaded 376, added 376, done
.../node_modules/unrs-resolver postinstall$ node postinstall.js
.../node_modules/unrs-resolver postinstall: Done

dependencies:
+ next 16.3.8
+ react 19.3.0
+ react-dom 19.3.0
+ three 0.180.0
+ zod 4.6.5

devDependencies:
+ @axe-core/playwright 4.13.0
+ @playwright/test 1.63.0
+ @types/node 24.19.0
+ @types/react 19.3.0
+ @types/react-dom 19.3.0
+ @types/three 0.180.0
+ eslint 9.39.5
+ eslint-config-next 16.3.8
+ typescript 6.0.3
+ vitest 5.0.2

Done in 1m 17.6s using pnpm v9.15.9

EXIT: 0
