COMMAND: "C:\Program Files\nodejs\node.EXE" C:\Users\yoray\AppData\Roaming\npm\node_modules\pnpm\bin\pnpm.cjs typecheck
CWD: C:\Users\yoray\AppData\Local\Temp\yor-world-g1-proof-5k01yp30\app

> yor-world-g1-proof@0.1.0 typecheck C:\Users\yoray\AppData\Local\Temp\yor-world-g1-proof-5k01yp30\app
> tsc --noEmit

src/features/studio/animation-controller.ts(66,5): error TS2412: Type '((mode: string) => void) | undefined' is not assignable to type '(mode: string) => void' with 'exactOptionalPropertyTypes: true'. Consider adding 'undefined' to the type of the target.
  Type 'undefined' is not assignable to type '(mode: string) => void'.
src/features/studio/animation-controller.ts(67,5): error TS2412: Type '((clip: ClipName, time: number) => void) | undefined' is not assignable to type '(clip: ClipName, time: number) => void' with 'exactOptionalPropertyTypes: true'. Consider adding 'undefined' to the type of the target.
  Type 'undefined' is not assignable to type '(clip: ClipName, time: number) => void'.
src/features/studio/animation-controller.ts(182,18): error TS2532: Object is possibly 'undefined'.
src/features/studio/animation-controller.ts(182,38): error TS2532: Object is possibly 'undefined'.
src/features/studio/animation-controller.ts(270,33): error TS18048: 'seg' is possibly 'undefined'.
src/features/studio/animation-controller.ts(270,42): error TS18048: 'seg' is possibly 'undefined'.
src/features/studio/animation-controller.ts(271,63): error TS18048: 'seg' is possibly 'undefined'.
src/features/studio/animation-controller.ts(273,7): error TS18048: 'seg' is possibly 'undefined'.
src/features/studio/animation-controller.ts(276,24): error TS18048: 'seg' is possibly 'undefined'.
src/features/studio/animation-controller.ts(276,45): error TS18048: 'seg' is possibly 'undefined'.
src/features/studio/animation-controller.ts(276,54): error TS18048: 'seg' is possibly 'undefined'.
src/features/studio/animation-controller.ts(276,66): error TS18048: 'seg' is possibly 'undefined'.
src/features/studio/animation-controller.ts(277,18): error TS18048: 'seg' is possibly 'undefined'.
src/features/studio/animation-controller.ts(279,11): error TS18048: 'seg' is possibly 'undefined'.
src/features/studio/animation-controller.ts(283,18): error TS18048: 'seg' is possibly 'undefined'.
src/features/studio/animation-controller.ts(283,28): error TS18048: 'seg' is possibly 'undefined'.
src/features/studio/animation-controller.ts(287,20): error TS2532: Object is possibly 'undefined'.
src/features/studio/animation-controller.ts(287,40): error TS2532: Object is possibly 'undefined'.
src/features/studio/studio-view.tsx(358,10): error TS2375: Type '{ children: Element[]; href: string; className: string | undefined; onClick: (() => void) | undefined; }' is not assignable to type 'LinkProps<any>' with 'exactOptionalPropertyTypes: true'. Consider adding 'undefined' to the types of the target's properties.
  Types of property 'onClick' are incompatible.
    Type '(() => void) | undefined' is not assignable to type 'MouseEventHandler<HTMLAnchorElement>'.
      Type 'undefined' is not assignable to type 'MouseEventHandler<HTMLAnchorElement>'.
src/features/world/WorldRoot.tsx(129,13): error TS2375: Type '{ reason: string; onDismiss: (() => void) | undefined; }' is not assignable to type 'WorldFallbackProps' with 'exactOptionalPropertyTypes: true'. Consider adding 'undefined' to the types of the target's properties.
  Types of property 'onDismiss' are incompatible.
    Type '(() => void) | undefined' is not assignable to type '() => void'.
      Type 'undefined' is not assignable to type '() => void'.
 ELIFECYCLE  Command failed with exit code 2.

EXIT: 2
