COMMAND: "C:\Program Files\nodejs\node.EXE" C:\Users\yoray\AppData\Roaming\npm\node_modules\pnpm\bin\pnpm.cjs build
CWD: C:\Users\yoray\AppData\Local\Temp\yor-world-g1-proof-5k01yp30\app

> yor-world-g1-proof@0.1.0 build C:\Users\yoray\AppData\Local\Temp\yor-world-g1-proof-5k01yp30\app
> next build

▲ Next.js 16.3.8 (Turbopack)
✓ Running next.config.ts took 305ms

  Creating an optimized production build ...
✓ Compiled successfully in 521ms
  Running TypeScript ...
  Finished TypeScript in 7.2s ...
  Collecting page data using 8 workers ...
  Generating static pages using 8 workers (0/7) ...
  Generating static pages using 8 workers (1/7) 
  Generating static pages using 8 workers (3/7) 
  Generating static pages using 8 workers (5/7) 
✓ Generating static pages using 8 workers (7/7) in 1704ms
  Finalizing page optimization ...

Route (app)
┌ ○ /
├ ○ /_not-found
├ ○ /about
├ ○ /contact
├ ○ /projects
└ ○ /resume


○  (Static)  prerendered as static content


EXIT: 0
