BASE_HEAD=f62a43c5e71c00dcb89e28275ea81d842167db80
R3_PATCH_SHA256=e1be558f734378fe69659dcf8271c4e5e57d87fbfbdca1582823be103082dc5d
R3_OUTPUTS_PRE_R5=29/29 verified by SHA-256 and byte length
ORIGINAL_PATCH_SHA256=791fbb4220eea7ec3e03f6a028144ba2e1cbfac6e908cf4cd9dca9b688fb9f3b
ORIGINAL_PATCH_LINE_ENDINGS=LF:735 CRLF:735
ORIGINAL_PATCH_DEFAULT_APPLY_CHECK_EXIT=1
error: patch failed: app/src/features/world/AssetLoader.ts:73
error: app/src/features/world/AssetLoader.ts: patch does not apply
error: patch failed: app/src/features/world/RuntimeMaterialQuality.ts:8
error: app/src/features/world/RuntimeMaterialQuality.ts: patch does not apply
error: patch failed: app/src/features/world/WorldRuntime.ts:84
error: app/src/features/world/WorldRuntime.ts: patch does not apply
error: patch failed: app/tests/unit/project-transition.test.ts:1
error: app/tests/unit/project-transition.test.ts: patch does not apply
error: patch failed: app/tests/unit/runtime-material-quality.test.ts:1
error: app/tests/unit/runtime-material-quality.test.ts: patch does not apply
error: patch failed: app/tests/unit/world/completion-essential-loader.test.ts:5
error: app/tests/unit/world/completion-essential-loader.test.ts: patch does not apply
CORRECTED_R5_PATCH_SHA256=d6ad3359fa628067ab228eccc52f25d0604ddddb42813d7023e6a809cf60d83d
CORRECTED_R5_PATCH_LINE_ENDINGS=LF:735 CRLF:0
CORRECTED_R5_PATCH_DEFAULT_APPLY_CHECK_EXIT=0
