COMMAND: "C:\Program Files\nodejs\node.EXE" C:\Users\yoray\AppData\Roaming\npm\node_modules\pnpm\bin\pnpm.cjs install --frozen-lockfile --store-dir C:\Users\yoray\AppData\Local\Temp\yor-world-c2-proof-qkortug2\store --config.cache-dir=C:\Users\yoray\AppData\Local\Temp\yor-world-c2-proof-qkortug2\cache
CWD: C:\Users\yoray\AppData\Local\Temp\yor-world-c2-proof-qkortug2\app
Lockfile is up to date, resolution step is skipped
Progress: resolved 1, reused 0, downloaded 0, added 0
Packages: +376
++++++++++++++++++++++++++++++++++++++++++++++++++++++++++++++++++++++++++++++++
Progress: resolved 376, reused 0, downloaded 0, added 0
Progress: resolved 376, reused 0, downloaded 1, added 0
Progress: resolved 376, reused 0, downloaded 19, added 19
Progress: resolved 376, reused 0, downloaded 27, added 25
Progress: resolved 376, reused 0, downloaded 42, added 40
Progress: resolved 376, reused 0, downloaded 45, added 43
Progress: resolved 376, reused 0, downloaded 57, added 57
Progress: resolved 376, reused 0, downloaded 66, added 65
Progress: resolved 376, reused 0, downloaded 74, added 73
Progress: resolved 376, reused 0, downloaded 75, added 73
Progress: resolved 376, reused 0, downloaded 99, added 99
Progress: resolved 376, reused 0, downloaded 109, added 108
Progress: resolved 376, reused 0, downloaded 125, added 124
Progress: resolved 376, reused 0, downloaded 158, added 157
Progress: resolved 376, reused 0, downloaded 176, added 175
Progress: resolved 376, reused 0, downloaded 198, added 198
Progress: resolved 376, reused 0, downloaded 209, added 205
Progress: resolved 376, reused 0, downloaded 209, added 206
Progress: resolved 376, reused 0, downloaded 212, added 208
Progress: resolved 376, reused 0, downloaded 222, added 217
Progress: resolved 376, reused 0, downloaded 226, added 225
Progress: resolved 376, reused 0, downloaded 231, added 226
Progress: resolved 376, reused 0, downloaded 250, added 247
Progress: resolved 376, reused 0, downloaded 276, added 276
Progress: resolved 376, reused 0, downloaded 281, added 281
Progress: resolved 376, reused 0, downloaded 291, added 289
Progress: resolved 376, reused 0, downloaded 296, added 292
Progress: resolved 376, reused 0, downloaded 299, added 295
Progress: resolved 376, reused 0, downloaded 301, added 300
Progress: resolved 376, reused 0, downloaded 303, added 300
Progress: resolved 376, reused 0, downloaded 311, added 308
Progress: resolved 376, reused 0, downloaded 312, added 310
Progress: resolved 376, reused 0, downloaded 314, added 312
Progress: resolved 376, reused 0, downloaded 317, added 316
Progress: resolved 376, reused 0, downloaded 318, added 316
Progress: resolved 376, reused 0, downloaded 343, added 343
Progress: resolved 376, reused 0, downloaded 350, added 350
Progress: resolved 376, reused 0, downloaded 365, added 365
Progress: resolved 376, reused 0, downloaded 367, added 366
Progress: resolved 376, reused 0, downloaded 369, added 369
Progress: resolved 376, reused 0, downloaded 371, added 370
Progress: resolved 376, reused 0, downloaded 371, added 371
Progress: resolved 376, reused 0, downloaded 372, added 371
Progress: resolved 376, reused 0, downloaded 372, added 372
Progress: resolved 376, reused 0, downloaded 373, added 373
Progress: resolved 376, reused 0, downloaded 374, added 373
Progress: resolved 376, reused 0, downloaded 374, added 374
Progress: resolved 376, reused 0, downloaded 375, added 374
Progress: resolved 376, reused 0, downloaded 375, added 375
Progress: resolved 376, reused 0, downloaded 376, added 375
Progress: resolved 376, reused 0, downloaded 376, added 376
Progress: resolved 376, reused 0, downloaded 376, added 376, done
.../node_modules/unrs-resolver postinstall$ node postinstall.js
.../node_modules/unrs-resolver postinstall: Done

dependencies:
+ next 16.3.8
+ react 19.3.0
+ react-dom 19.3.0
+ three 0.180.0
+ zod 4.6.5

devDependencies:
+ @axe-core/playwright 4.13.0
+ @playwright/test 1.63.0
+ @types/node 24.19.0
+ @types/react 19.3.0
+ @types/react-dom 19.3.0
+ @types/three 0.180.0
+ eslint 9.39.5
+ eslint-config-next 16.3.8
+ typescript 6.0.3
+ vitest 5.0.2

Done in 1m 57.2s using pnpm v9.15.9

EXIT: 0
