COMMAND: "C:\Program Files\nodejs\node.EXE" C:\Users\yoray\AppData\Roaming\npm\node_modules\pnpm\bin\pnpm.cjs build
CWD: C:\Users\yoray\AppData\Local\Temp\yor-world-c2-proof-qkortug2\app

> yor-world-g1-proof@0.1.0 build C:\Users\yoray\AppData\Local\Temp\yor-world-c2-proof-qkortug2\app
> next build

▲ Next.js 16.3.8 (Turbopack)
✓ Running next.config.ts took 7.9s
⚠ No build cache found. Please configure build caching for faster rebuilds. Read more: https://nextjs.org/docs/messages/no-cache

  Creating an optimized production build ...
✓ Compiled successfully in 9.7s
  Running TypeScript ...
✓ Finished writing to filesystem cache in 24.8s
  Finished TypeScript in 2.1min ...
  Collecting page data using 11 workers ...
  Generating static pages using 11 workers (0/13) ...
  Generating static pages using 11 workers (3/13) 
  Generating static pages using 11 workers (6/13) 
  Generating static pages using 11 workers (9/13) 
✓ Generating static pages using 11 workers (13/13) in 1050ms
  Finalizing page optimization ...

Route (app)
┌ ○ /
├ ○ /_not-found
├ ○ /about
├ ○ /contact
├ ○ /projects
├   /projects/[slug]
│ ├ ● /projects/ai-vs-real
│ ├ ● /projects/zenith
│ ├ ● /projects/helios
│ └ ● /projects/talks
├ ○ /resume
├ ○ /robots.txt
└ ○ /sitemap.xml


○  (Static)  prerendered as static content
●  (SSG)     prerendered as static HTML (uses generateStaticParams)


EXIT: 0
