{
  "measuredAt": "2026-10-07T15:45:04.849Z",
  "command": "node deliveries/G7/rc6-independent-delta/r4-audit/loading-visibility-probe.cjs 30240b672ae31537d8090b11b60f8bf808a27670",
  "results": [
    {
      "revision": "c34e01bb5bff210d924f42d5266e2fa1ed13288e",
      "visibilityDuringLoading": false,
      "stateBefore": "LOADING",
      "scheduledBeforeAssets": 0,
      "scheduledAfterAssets": 1,
      "stateAfter": "HOME",
      "rendersInOneBrowserTick": 1,
      "singleRenderLoop": true,
      "remainingCallbacksImmediatelyAfterDispose": 0,
      "rendersAfterDispose": 0,
      "queuedAfterDisposedCallback": 0,
      "executionClass": "committed production source with deterministic renderer/loader/RAF adapters; not actual browser rendering"
    },
    {
      "revision": "c34e01bb5bff210d924f42d5266e2fa1ed13288e",
      "visibilityDuringLoading": true,
      "stateBefore": "LOADING",
      "scheduledBeforeAssets": 1,
      "scheduledAfterAssets": 2,
      "stateAfter": "HOME",
      "rendersInOneBrowserTick": 2,
      "singleRenderLoop": false,
      "remainingCallbacksImmediatelyAfterDispose": 1,
      "rendersAfterDispose": 0,
      "queuedAfterDisposedCallback": 0,
      "executionClass": "committed production source with deterministic renderer/loader/RAF adapters; not actual browser rendering"
    },
    {
      "revision": "6c7200ae4222557f6f8aecce4e2b7d88755ca6f3",
      "visibilityDuringLoading": false,
      "stateBefore": "LOADING",
      "scheduledBeforeAssets": 0,
      "scheduledAfterAssets": 1,
      "stateAfter": "HOME",
      "rendersInOneBrowserTick": 1,
      "singleRenderLoop": true,
      "remainingCallbacksImmediatelyAfterDispose": 0,
      "rendersAfterDispose": 0,
      "queuedAfterDisposedCallback": 0,
      "executionClass": "committed production source with deterministic renderer/loader/RAF adapters; not actual browser rendering"
    },
    {
      "revision": "6c7200ae4222557f6f8aecce4e2b7d88755ca6f3",
      "visibilityDuringLoading": true,
      "stateBefore": "LOADING",
      "scheduledBeforeAssets": 1,
      "scheduledAfterAssets": 2,
      "stateAfter": "HOME",
      "rendersInOneBrowserTick": 2,
      "singleRenderLoop": false,
      "remainingCallbacksImmediatelyAfterDispose": 1,
      "rendersAfterDispose": 0,
      "queuedAfterDisposedCallback": 0,
      "executionClass": "committed production source with deterministic renderer/loader/RAF adapters; not actual browser rendering"
    },
    {
      "revision": "30240b672ae31537d8090b11b60f8bf808a27670",
      "visibilityDuringLoading": false,
      "stateBefore": "LOADING",
      "scheduledBeforeAssets": 0,
      "scheduledAfterAssets": 1,
      "stateAfter": "HOME",
      "rendersInOneBrowserTick": 1,
      "singleRenderLoop": true,
      "remainingCallbacksImmediatelyAfterDispose": 0,
      "rendersAfterDispose": 0,
      "queuedAfterDisposedCallback": 0,
      "executionClass": "committed production source with deterministic renderer/loader/RAF adapters; not actual browser rendering"
    },
    {
      "revision": "30240b672ae31537d8090b11b60f8bf808a27670",
      "visibilityDuringLoading": true,
      "stateBefore": "LOADING",
      "scheduledBeforeAssets": 0,
      "scheduledAfterAssets": 1,
      "stateAfter": "HOME",
      "rendersInOneBrowserTick": 1,
      "singleRenderLoop": true,
      "remainingCallbacksImmediatelyAfterDispose": 0,
      "rendersAfterDispose": 0,
      "queuedAfterDisposedCallback": 0,
      "executionClass": "committed production source with deterministic renderer/loader/RAF adapters; not actual browser rendering"
    }
  ]
}

--- STDERR ---
