{
  "createdAt": "2026-10-07T15:44:45.789608+00:00",
  "auditedSource": "30240b672ae31537d8090b11b60f8bf808a27670",
  "priorAuditedSource": "71737a61c52d1bb887e5cdfc65201666daee5a1d",
  "candidate": "deliveries/G7/rc6-candidate-r4",
  "checks": [
    {
      "check": "Exact source commit accessible",
      "status": "PASS",
      "detail": null
    },
    {
      "check": "Exact R4 app tree",
      "status": "PASS",
      "detail": null
    },
    {
      "check": "Production app bytes remain identical; only reviewed pointer-test timeout changed",
      "status": "PASS",
      "detail": [
        "app/tests/e2e/renderer-recovery.spec.ts"
      ]
    },
    {
      "check": "Pointer test assertions and product budgets unchanged",
      "status": "PASS",
      "detail": null
    },
    {
      "check": "R4 policy/archive paths agree",
      "status": "PASS",
      "detail": null
    },
    {
      "check": "CI derives/preflights deliveryRoot from frozen policy",
      "status": "PASS",
      "detail": null
    },
    {
      "check": "CI strict receipt uses permitted in-policy output",
      "status": "PASS",
      "detail": null
    },
    {
      "check": "CI copies actual strict receipt into unchanged uploaded evidence root",
      "status": "PASS",
      "detail": null
    },
    {
      "check": "All thirteen numbered mandatory steps remain",
      "status": "PASS",
      "detail": [
        "- name: 1. Frozen canonical dependency install",
        "- name: 2. Lint canonical application",
        "- name: 3. Typecheck canonical application",
        "- name: 4. Unified unit tests",
        "- name: 5. Unified backend/runtime integration tests",
        "- name: 6. Khronos frozen canonical asset validation",
        "- name: 7. Full-stack production build",
        "- name: 8. Full unified Playwright E2E",
        "- name: 9. Automated accessibility",
        "- name: 10. Fresh canonical performance browser measurements",
        "- name: 11. Actual production route/module composition",
        "- name: 12. Fresh canonical performance budgets",
        "- name: 13. Exact committed RC6 manifest/archive validation"
      ]
    },
    {
      "check": "Automatic same-root proof generator removed",
      "status": "PASS",
      "detail": null
    },
    {
      "check": "JavaScript and Python output preflight reserve R3 history",
      "status": "PASS",
      "detail": null
    },
    {
      "check": "Local71737a6 proof branch retains exact archive commit",
      "status": "PASS",
      "detail": null
    },
    {
      "check": "Remote R3 snapshot remains reachable ancestor: 49080809bde98fee2f6158b935ec6bc32c81d1bc",
      "status": "PASS",
      "detail": null
    },
    {
      "check": "Remote R3 snapshot remains reachable ancestor: 6c379b0a7587b53fa3ec70f14b67eaea6760ae25",
      "status": "PASS",
      "detail": null
    },
    {
      "check": "Reviewed working source equals committed R4",
      "status": "PASS",
      "detail": null
    }
  ],
  "preservedSnapshotFiles": 1510,
  "productionAndPhysicalManual": "NOT RUN",
  "acceptanceClaim": false,
  "defects": [],
  "overallStatus": "PASS"
}

--- STDERR ---
