STDOUT
{
  "sourceCommit": "e461e029a1b38c461743d60dcd4aadb599613218",
  "fixturePath": "C:\\Users\\yoray\\AppData\\Local\\Temp\\yor-r5-independent-identity-a3kNjF\\repo",
  "cases": [
    {
      "label": "builder uppercase archive receipt, absent outputs",
      "status": "PASS",
      "message": "FAIL v1.0.0-rc6 bundle: Bundle and receipt outputs must differ\n"
    },
    {
      "label": "canonical distinct builder outputs remain usable",
      "status": "PASS"
    },
    {
      "label": "builder uppercase archive receipt, existing gzip",
      "status": "PASS",
      "message": "FAIL v1.0.0-rc6 bundle: Bundle and receipt outputs must differ\n"
    },
    {
      "label": "validator uppercase manifest receipt",
      "status": "PASS",
      "message": "FAIL v1.0.0-rc6 manifest validation: Validation receipt must not overwrite its inputs\n"
    },
    {
      "label": "validator uppercase archive receipt",
      "status": "PASS",
      "message": "FAIL v1.0.0-rc6 manifest validation: Validation receipt must not overwrite its inputs\n"
    },
    {
      "label": "validator implicit mandatory read-only receipt: source-binding.json",
      "status": "FAIL",
      "message": "FAIL v1.0.0-rc6 manifest validation: Unsafe repository path: undefined\n"
    },
    {
      "label": "validator implicit mandatory read-only receipt: bundle-receipt.json",
      "status": "PASS",
      "message": "FAIL v1.0.0-rc6 manifest validation: Validation receipt must not overwrite its inputs\n"
    },
    {
      "label": "validator implicit mandatory read-only receipt: release-composition.json",
      "status": "FAIL",
      "message": "FAIL v1.0.0-rc6 manifest validation: Unsafe repository path: undefined\n"
    },
    {
      "label": "validator implicit mandatory read-only receipt: asset-validation.json",
      "status": "FAIL",
      "message": "FAIL v1.0.0-rc6 manifest validation: Unsafe repository path: undefined\n"
    },
    {
      "label": "validator implicit mandatory read-only receipt: evidence/versions.json",
      "status": "FAIL",
      "message": "FAIL v1.0.0-rc6 manifest validation: Unsafe repository path: undefined\n"
    },
    {
      "label": "validator implicit mandatory read-only receipt: evidence/e2e/browser-results.json",
      "status": "FAIL",
      "message": "FAIL v1.0.0-rc6 manifest validation: Unsafe repository path: undefined\n"
    },
    {
      "label": "validator implicit mandatory read-only receipt: evidence/accessibility/browser-results.json",
      "status": "FAIL",
      "message": "FAIL v1.0.0-rc6 manifest validation: Unsafe repository path: undefined\n"
    },
    {
      "label": "validator implicit mandatory read-only receipt: evidence/performance/performance-results.json",
      "status": "FAIL",
      "message": "FAIL v1.0.0-rc6 manifest validation: Unsafe repository path: undefined\n"
    },
    {
      "label": "validator implicit mandatory read-only receipt: evidence/performance/active-route-frame-pacing.json",
      "status": "FAIL",
      "message": "FAIL v1.0.0-rc6 manifest validation: Unsafe repository path: undefined\n"
    },
    {
      "label": "validator implicit mandatory read-only receipt: evidence/performance/cold-loads-desktop-1440x900.json",
      "status": "FAIL",
      "message": "FAIL v1.0.0-rc6 manifest validation: Unsafe repository path: undefined\n"
    },
    {
      "label": "validator implicit mandatory read-only receipt: evidence/performance/cold-loads-mobile-390x844.json",
      "status": "FAIL",
      "message": "FAIL v1.0.0-rc6 manifest validation: Unsafe repository path: undefined\n"
    },
    {
      "label": "validator implicit mandatory read-only receipt: evidence/performance/cold-loads-narrow-320x600.json",
      "status": "FAIL",
      "message": "FAIL v1.0.0-rc6 manifest validation: Unsafe repository path: undefined\n"
    },
    {
      "label": "validator implicit mandatory read-only receipt: evidence/performance/enter-exit-stability.json",
      "status": "FAIL",
      "message": "FAIL v1.0.0-rc6 manifest validation: Unsafe repository path: undefined\n"
    },
    {
      "label": "validator implicit mandatory read-only receipt: evidence/performance/public-payloads.json",
      "status": "FAIL",
      "message": "FAIL v1.0.0-rc6 manifest validation: Unsafe repository path: undefined\n"
    },
    {
      "label": "validator manifest-declared read-only receipt: evidenceHashes",
      "status": "PASS",
      "message": "FAIL v1.0.0-rc6 manifest validation: Validation receipt must not overwrite its inputs\n"
    },
    {
      "label": "validator manifest-declared read-only receipt: requiredChecks",
      "status": "PASS",
      "message": "FAIL v1.0.0-rc6 manifest validation: Validation receipt must not overwrite its inputs\n"
    },
    {
      "label": "JS mutable output hard link to protected R4 sentinel",
      "status": "PASS",
      "message": "Hard-linked release output is forbidden: deliveries/G7/rc6-candidate-r5/hardlink-output.json"
    },
    {
      "label": "readers can inspect hard-linked input",
      "status": "PASS"
    },
    {
      "label": "builder receipt hard link rejected before archive write",
      "status": "PASS",
      "message": "FAIL v1.0.0-rc6 bundle: Hard-linked release output is forbidden: deliveries/G7/rc6-candidate-r5/hardlink-receipt.json\n"
    },
    {
      "label": "reserved historical output: deliveries/G7/rc6-candidate-r4/new/receipt.json",
      "status": "PASS",
      "message": "Accepted RC1-RC5 evidence, audit and G6-R1 are immutable; original RC6, rejected R2, reconciled R3 and canonical R4 proof are preserved"
    },
    {
      "label": "reserved historical output: DELIVERIES/G7/RC6-CANDIDATE-R4/new/receipt.json",
      "status": "PASS",
      "message": "Accepted RC1-RC5 evidence, audit and G6-R1 are immutable; original RC6, rejected R2, reconciled R3 and canonical R4 proof are preserved"
    },
    {
      "label": "nested junction into protected R4",
      "status": "PASS",
      "message": "Accepted RC1-RC5 evidence, audit and G6-R1 are immutable; original RC6, rejected R2, reconciled R3 and canonical R4 proof are preserved"
    },
    {
      "label": "nested junction outside repository",
      "status": "PASS",
      "message": "Symlink escapes repository: deliveries/G7/rc6-candidate-r5/outside-alias/new/receipt.json"
    }
  ],
  "overallStatus": "FAIL"
}

STDERR
