STDOUT
{
  "createdAt": "2026-10-07T21:08:31.587666+00:00",
  "reviewer": "/root/r5_independent_audit",
  "executionClass": "Own read-only Git, policy and source identity analysis",
  "sourceCommit": "e461e029a1b38c461743d60dcd4aadb599613218",
  "r4Source": "30240b672ae31537d8090b11b60f8bf808a27670",
  "sourceAppTree": "42ea29ec235225046a75959eb19eb386ac2f821d",
  "changedProtectedPaths": [
    "deliveries/G7/preparation/tools/candidate-driver.py",
    "scripts/release/build-release-bundle.mjs",
    "scripts/release/rc6-policy.json",
    "scripts/release/release-lib.mjs",
    "scripts/release/tests/immutable-output.test.mjs",
    "scripts/release/tests/policy-output.test.mjs",
    "scripts/release/validate-release.mjs"
  ],
  "checks": {
    "amendmentWithinSevenPaths": true,
    "appTreeUnchanged": true,
    "workflowTreeUnchanged": true,
    "workingSourceMatches": true,
    "policyOnlyChangesOutputPaths": true,
    "r5OutputBinding": true,
    "reviewedLedgerUnchanged": true,
    "preservedAncestor:d9277083a00a9d1ed08abff50971310c1fcdf3ec": true,
    "preservedAncestor:49080809": true,
    "preservedAncestor:6c379b0a": true
  },
  "sourceHashes": [
    {
      "path": "scripts/release/rc6-policy.json",
      "sourceSha256Lf": "4f055a549ee4035ae3919c682706ddd5823b0e07316762b5068a59caeb25b57c",
      "workingMatches": true
    },
    {
      "path": "scripts/release/release-lib.mjs",
      "sourceSha256Lf": "38667ba0a01b47fd94f7f3f816e6312d910073eccb6b4533c31eceb88d267998",
      "workingMatches": true
    },
    {
      "path": "scripts/release/build-release-bundle.mjs",
      "sourceSha256Lf": "d065930d6b22ede5cdd9593ea13e74d3bab45c85754687a31f7c01e4599cc561",
      "workingMatches": true
    },
    {
      "path": "scripts/release/validate-release.mjs",
      "sourceSha256Lf": "ce651bdaca843abed167088ec810bb5c6c810f4bc35e6b0d66aff15f5963802b",
      "workingMatches": true
    },
    {
      "path": "scripts/release/tests/immutable-output.test.mjs",
      "sourceSha256Lf": "433f1006e7661631bbe3f1c0985b6ac29d1811746dde1221db97889b229de25e",
      "workingMatches": true
    },
    {
      "path": "scripts/release/tests/policy-output.test.mjs",
      "sourceSha256Lf": "5c38e7220fb3cd9fbfa99513096fb957ee70ca0ea2e146efbb5677eda09627a6",
      "workingMatches": true
    },
    {
      "path": "deliveries/G7/preparation/tools/candidate-driver.py",
      "sourceSha256Lf": "49fd73acb3e83d2510317df3d5d143fee7ad17e776080fe7019a12435b146f33",
      "workingMatches": true
    }
  ],
  "sourceAcceptanceClaim": false,
  "g7AcceptanceClaim": false,
  "overallStatus": "PASS"
}

STDERR
