COMMAND: "C:\Program Files\nodejs\node.EXE" C:\Users\yoray\AppData\Roaming\npm\node_modules\pnpm\bin\pnpm.cjs install --frozen-lockfile --store-dir C:\Users\yoray\AppData\Local\Temp\yor-world-a2-proof-zp8y9unc\store --config.cache-dir=C:\Users\yoray\AppData\Local\Temp\yor-world-a2-proof-zp8y9unc\cache
CWD: C:\Users\yoray\AppData\Local\Temp\yor-world-a2-proof-zp8y9unc\app
Lockfile is up to date, resolution step is skipped
Progress: resolved 1, reused 0, downloaded 0, added 0
Packages: +376
++++++++++++++++++++++++++++++++++++++++++++++++++++++++++++++++++++++++++++++++
Progress: resolved 376, reused 0, downloaded 1, added 0
Progress: resolved 376, reused 0, downloaded 18, added 15
Progress: resolved 376, reused 0, downloaded 41, added 40
Progress: resolved 376, reused 0, downloaded 48, added 46
Progress: resolved 376, reused 0, downloaded 61, added 59
Progress: resolved 376, reused 0, downloaded 76, added 71
Progress: resolved 376, reused 0, downloaded 80, added 75
Progress: resolved 376, reused 0, downloaded 101, added 95
Progress: resolved 376, reused 0, downloaded 114, added 111
Progress: resolved 376, reused 0, downloaded 147, added 143
Progress: resolved 376, reused 0, downloaded 180, added 173
Progress: resolved 376, reused 0, downloaded 201, added 192
Progress: resolved 376, reused 0, downloaded 221, added 217
Progress: resolved 376, reused 0, downloaded 256, added 255
Progress: resolved 376, reused 0, downloaded 270, added 265
Progress: resolved 376, reused 0, downloaded 271, added 268
Progress: resolved 376, reused 0, downloaded 290, added 288
Progress: resolved 376, reused 0, downloaded 299, added 293
Progress: resolved 376, reused 0, downloaded 304, added 295
Progress: resolved 376, reused 0, downloaded 305, added 298
Progress: resolved 376, reused 0, downloaded 321, added 312
Progress: resolved 376, reused 0, downloaded 330, added 321
Progress: resolved 376, reused 0, downloaded 336, added 326
Progress: resolved 376, reused 0, downloaded 336, added 327
Progress: resolved 376, reused 0, downloaded 361, added 354
Progress: resolved 376, reused 0, downloaded 371, added 369
Progress: resolved 376, reused 0, downloaded 373, added 370
Progress: resolved 376, reused 0, downloaded 374, added 372
Progress: resolved 376, reused 0, downloaded 374, added 373
Progress: resolved 376, reused 0, downloaded 375, added 373
Progress: resolved 376, reused 0, downloaded 375, added 374
Progress: resolved 376, reused 0, downloaded 375, added 375
Progress: resolved 376, reused 0, downloaded 376, added 375
Progress: resolved 376, reused 0, downloaded 376, added 376
Progress: resolved 376, reused 0, downloaded 376, added 376, done
.../node_modules/unrs-resolver postinstall$ node postinstall.js
.../node_modules/unrs-resolver postinstall: Done

dependencies:
+ next 16.3.8
+ react 19.3.0
+ react-dom 19.3.0
+ three 0.180.0
+ zod 4.6.5

devDependencies:
+ @axe-core/playwright 4.13.0
+ @playwright/test 1.63.0
+ @types/node 24.19.0
+ @types/react 19.3.0
+ @types/react-dom 19.3.0
+ @types/three 0.180.0
+ eslint 9.39.5
+ eslint-config-next 16.3.8
+ typescript 6.0.3
+ vitest 5.0.2

Done in 1m 1.3s using pnpm v9.15.9

EXIT: 0
