COMMAND: "C:\Program Files\nodejs\node.EXE" C:\Users\yoray\AppData\Roaming\npm\node_modules\pnpm\bin\pnpm.cjs typecheck
CWD: C:\Users\yoray\AppData\Local\Temp\yor-world-a2-proof-zp8y9unc\app

> yor-world-g1-proof@0.1.0 typecheck C:\Users\yoray\AppData\Local\Temp\yor-world-a2-proof-zp8y9unc\app
> tsc --noEmit

src/app/(public)/projects/page.tsx(74,22): error TS2375: Type '{ children: string; key: string; href: string; className: string | undefined; }' is not assignable to type 'SafeExternalLinkProps' with 'exactOptionalPropertyTypes: true'. Consider adding 'undefined' to the types of the target's properties.
  Types of property 'className' are incompatible.
    Type 'string | undefined' is not assignable to type 'string'.
      Type 'undefined' is not assignable to type 'string'.
src/features/portfolio/case-study.tsx(147,20): error TS2375: Type '{ children: string; href: string; className: string | undefined; }' is not assignable to type 'SafeExternalLinkProps' with 'exactOptionalPropertyTypes: true'. Consider adding 'undefined' to the types of the target's properties.
  Types of property 'className' are incompatible.
    Type 'string | undefined' is not assignable to type 'string'.
      Type 'undefined' is not assignable to type 'string'.
tests/e2e/project-routes.spec.ts(152,46): error TS2379: Argument of type '{ javaScriptEnabled: false; baseURL: string | undefined; viewport: { width: number; height: number; }; }' is not assignable to parameter of type 'BrowserContextOptions' with 'exactOptionalPropertyTypes: true'. Consider adding 'undefined' to the types of the target's properties.
  Types of property 'baseURL' are incompatible.
    Type 'string | undefined' is not assignable to type 'string'.
      Type 'undefined' is not assignable to type 'string'.
tests/unit/content-visibility.test.ts(174,11): error TS2719: Type '{ id: "candidatex" | "helios" | "zenith" | "ai-vs-real" | "talks"; slug: string; title: string; summary: string; contribution: string; sections: { id: string; heading: string; blocks: ({ type: "paragraph"; text: string; } | { ...; } | { ...; } | { ...; })[]; }[]; links: { ...; }[]; evidence: { ...; }[]; revision: nu...' is not assignable to type '{ id: "candidatex" | "helios" | "zenith" | "ai-vs-real" | "talks"; slug: string; title: string; summary: string; contribution: string; sections: { id: string; heading: string; blocks: ({ type: "paragraph"; text: string; } | { ...; } | { ...; } | { ...; })[]; }[]; links: { ...; }[]; evidence: { ...; }[]; revision: nu...'. Two different types with this name exist, but they are unrelated.
  Type 'undefined' is not assignable to type '{ id: "candidatex" | "helios" | "zenith" | "ai-vs-real" | "talks"; slug: string; title: string; summary: string; contribution: string; sections: { id: string; heading: string; blocks: ({ type: "paragraph"; text: string; } | { ...; } | { ...; } | { ...; })[]; }[]; links: { ...; }[]; evidence: { ...; }[]; revision: nu...'.
tests/unit/content-visibility.test.ts(175,11): error TS2322: Type '{ slug: string; id?: "candidatex" | "helios" | "zenith" | "ai-vs-real" | "talks"; title?: string; summary?: string; contribution?: string; sections?: { id: string; heading: string; blocks: ({ type: "paragraph"; text: string; } | { ...; } | { ...; } | { ...; })[]; }[]; links?: { ...; }[]; evidence?: { ...; }[]; revis...' is not assignable to type '{ id: "candidatex" | "helios" | "zenith" | "ai-vs-real" | "talks"; slug: string; title: string; summary: string; contribution: string; sections: { id: string; heading: string; blocks: ({ type: "paragraph"; text: string; } | { ...; } | { ...; } | { ...; })[]; }[]; links: { ...; }[]; evidence: { ...; }[]; revision: nu...'.
  Property 'id' is optional in type '{ slug: string; id?: "candidatex" | "helios" | "zenith" | "ai-vs-real" | "talks"; title?: string; summary?: string; contribution?: string; sections?: { id: string; heading: string; blocks: ({ type: "paragraph"; text: string; } | { ...; } | { ...; } | { ...; })[]; }[]; links?: { ...; }[]; evidence?: { ...; }[]; revis...' but required in type '{ id: "candidatex" | "helios" | "zenith" | "ai-vs-real" | "talks"; slug: string; title: string; summary: string; contribution: string; sections: { id: string; heading: string; blocks: ({ type: "paragraph"; text: string; } | { ...; } | { ...; } | { ...; })[]; }[]; links: { ...; }[]; evidence: { ...; }[]; revision: nu...'.
tests/unit/content-visibility.test.ts(175,55): error TS2532: Object is possibly 'undefined'.
tests/unit/content-visibility.test.ts(188,11): error TS2322: Type '{ links: { label: string; url: `https://${string}`; checkedAt: string; }[]; id?: "candidatex" | "helios" | "zenith" | "ai-vs-real" | "talks"; slug?: string; title?: string; summary?: string; contribution?: string; sections?: { ...; }[]; evidence?: { ...; }[]; revision?: number; }' is not assignable to type '{ id: "candidatex" | "helios" | "zenith" | "ai-vs-real" | "talks"; slug: string; title: string; summary: string; contribution: string; sections: { id: string; heading: string; blocks: ({ type: "paragraph"; text: string; } | { ...; } | { ...; } | { ...; })[]; }[]; links: { ...; }[]; evidence: { ...; }[]; revision: nu...'.
  Property 'id' is optional in type '{ links: { label: string; url: `https://${string}`; checkedAt: string; }[]; id?: "candidatex" | "helios" | "zenith" | "ai-vs-real" | "talks"; slug?: string; title?: string; summary?: string; contribution?: string; sections?: { ...; }[]; evidence?: { ...; }[]; revision?: number; }' but required in type '{ id: "candidatex" | "helios" | "zenith" | "ai-vs-real" | "talks"; slug: string; title: string; summary: string; contribution: string; sections: { id: string; heading: string; blocks: ({ type: "paragraph"; text: string; } | { ...; } | { ...; } | { ...; })[]; }[]; links: { ...; }[]; evidence: { ...; }[]; revision: nu...'.
tests/unit/content-visibility.test.ts(243,13): error TS2322: Type '{ title: string; id?: "candidatex" | "helios" | "zenith" | "ai-vs-real" | "talks"; slug?: string; summary?: string; contribution?: string; sections?: { id: string; heading: string; blocks: ({ type: "paragraph"; text: string; } | { ...; } | { ...; } | { ...; })[]; }[]; links?: { ...; }[]; evidence?: { ...; }[]; revis...' is not assignable to type '{ id: "candidatex" | "helios" | "zenith" | "ai-vs-real" | "talks"; slug: string; title: string; summary: string; contribution: string; sections: { id: string; heading: string; blocks: ({ type: "paragraph"; text: string; } | { ...; } | { ...; } | { ...; })[]; }[]; links: { ...; }[]; evidence: { ...; }[]; revision: nu...'.
  Property 'id' is optional in type '{ title: string; id?: "candidatex" | "helios" | "zenith" | "ai-vs-real" | "talks"; slug?: string; summary?: string; contribution?: string; sections?: { id: string; heading: string; blocks: ({ type: "paragraph"; text: string; } | { ...; } | { ...; } | { ...; })[]; }[]; links?: { ...; }[]; evidence?: { ...; }[]; revis...' but required in type '{ id: "candidatex" | "helios" | "zenith" | "ai-vs-real" | "talks"; slug: string; title: string; summary: string; contribution: string; sections: { id: string; heading: string; blocks: ({ type: "paragraph"; text: string; } | { ...; } | { ...; } | { ...; })[]; }[]; links: { ...; }[]; evidence: { ...; }[]; revision: nu...'.
tests/unit/content-visibility.test.ts(272,11): error TS2769: No overload matches this call.
  The last overload gave the following error.
    Argument of type '{ href: string; }' is not assignable to parameter of type 'Attributes & SafeExternalLinkProps'.
      Property 'children' is missing in type '{ href: string; }' but required in type 'SafeExternalLinkProps'.
tests/unit/content-visibility.test.ts(287,11): error TS2769: No overload matches this call.
  The last overload gave the following error.
    Argument of type '{ href: string; }' is not assignable to parameter of type 'Attributes & SafeExternalLinkProps'.
      Property 'children' is missing in type '{ href: string; }' but required in type 'SafeExternalLinkProps'.
 ELIFECYCLE  Command failed with exit code 2.

EXIT: 2
