COMMAND: "C:\Program Files\nodejs\node.EXE" C:\Users\yoray\AppData\Roaming\npm\node_modules\pnpm\bin\pnpm.cjs install --frozen-lockfile --store-dir C:\Users\yoray\AppData\Local\Temp\yor-world-a4-proof-sy65n45b\store --config.cache-dir=C:\Users\yoray\AppData\Local\Temp\yor-world-a4-proof-sy65n45b\cache
CWD: C:\Users\yoray\AppData\Local\Temp\yor-world-a4-proof-sy65n45b\app
Lockfile is up to date, resolution step is skipped
Progress: resolved 1, reused 0, downloaded 0, added 0
Packages: +387
++++++++++++++++++++++++++++++++++++++++++++++++++++++++++++++++++++++++++++++++
Progress: resolved 387, reused 0, downloaded 0, added 0
Progress: resolved 387, reused 0, downloaded 2, added 1
Progress: resolved 387, reused 0, downloaded 14, added 13
Progress: resolved 387, reused 0, downloaded 20, added 20
Progress: resolved 387, reused 0, downloaded 26, added 23
Progress: resolved 387, reused 0, downloaded 48, added 48
Progress: resolved 387, reused 0, downloaded 53, added 53
Progress: resolved 387, reused 0, downloaded 60, added 59
Progress: resolved 387, reused 0, downloaded 68, added 68
Progress: resolved 387, reused 0, downloaded 72, added 71
Progress: resolved 387, reused 0, downloaded 79, added 79
Progress: resolved 387, reused 0, downloaded 82, added 81
Progress: resolved 387, reused 0, downloaded 87, added 86
Progress: resolved 387, reused 0, downloaded 95, added 93
Progress: resolved 387, reused 0, downloaded 104, added 103
Progress: resolved 387, reused 0, downloaded 127, added 127
Progress: resolved 387, reused 0, downloaded 136, added 136
Progress: resolved 387, reused 0, downloaded 155, added 155
Progress: resolved 387, reused 0, downloaded 174, added 173
Progress: resolved 387, reused 0, downloaded 185, added 183
Progress: resolved 387, reused 0, downloaded 196, added 195
Progress: resolved 387, reused 0, downloaded 213, added 213
Progress: resolved 387, reused 0, downloaded 217, added 217
Progress: resolved 387, reused 0, downloaded 218, added 217
Progress: resolved 387, reused 0, downloaded 247, added 246
Progress: resolved 387, reused 0, downloaded 270, added 269
Progress: resolved 387, reused 0, downloaded 284, added 283
Progress: resolved 387, reused 0, downloaded 295, added 293
Progress: resolved 387, reused 0, downloaded 306, added 306
Progress: resolved 387, reused 0, downloaded 321, added 321
Progress: resolved 387, reused 0, downloaded 332, added 331
Progress: resolved 387, reused 0, downloaded 337, added 337
Progress: resolved 387, reused 0, downloaded 345, added 345
Progress: resolved 387, reused 0, downloaded 356, added 356
Progress: resolved 387, reused 0, downloaded 362, added 360
Progress: resolved 387, reused 0, downloaded 371, added 371
Progress: resolved 387, reused 0, downloaded 372, added 371
Progress: resolved 387, reused 0, downloaded 378, added 378
Progress: resolved 387, reused 0, downloaded 379, added 378
Progress: resolved 387, reused 0, downloaded 379, added 379
Progress: resolved 387, reused 0, downloaded 380, added 379
Progress: resolved 387, reused 0, downloaded 380, added 380
Progress: resolved 387, reused 0, downloaded 381, added 380
Progress: resolved 387, reused 0, downloaded 381, added 381
Progress: resolved 387, reused 0, downloaded 382, added 381
Progress: resolved 387, reused 0, downloaded 382, added 382
Progress: resolved 387, reused 0, downloaded 383, added 382
Progress: resolved 387, reused 0, downloaded 383, added 383
Progress: resolved 387, reused 0, downloaded 384, added 383
Progress: resolved 387, reused 0, downloaded 384, added 384
Progress: resolved 387, reused 0, downloaded 385, added 384
Progress: resolved 387, reused 0, downloaded 385, added 385
Progress: resolved 387, reused 0, downloaded 386, added 385
Progress: resolved 387, reused 0, downloaded 387, added 386
Progress: resolved 387, reused 0, downloaded 387, added 387
Progress: resolved 387, reused 0, downloaded 387, added 387, done
.../node_modules/unrs-resolver postinstall$ node postinstall.js
.../node_modules/unrs-resolver postinstall: Done

dependencies:
+ @supabase/ssr 0.12.7
+ @supabase/supabase-js 2.117.2
+ next 16.3.8
+ react 19.3.0
+ react-dom 19.3.0
+ three 0.180.0
+ zod 4.6.5

devDependencies:
+ @axe-core/playwright 4.13.0
+ @electric-sql/pglite 0.5.8
+ @playwright/test 1.63.0
+ @types/node 24.19.0
+ @types/react 19.3.0
+ @types/react-dom 19.3.0
+ @types/three 0.180.0
+ eslint 9.39.5
+ eslint-config-next 16.3.8
+ typescript 6.0.3
+ vitest 5.0.2

Done in 1m 53.2s using pnpm v9.15.9

EXIT: 0
