COMMAND: "C:\Program Files\nodejs\node.EXE" C:\Users\yoray\AppData\Roaming\npm\node_modules\pnpm\bin\pnpm.cjs lint
CWD: C:\Users\yoray\AppData\Local\Temp\yor-world-a4-proof-sy65n45b\app

> yor-world-a4-proof@0.1.0 lint C:\Users\yoray\AppData\Local\Temp\yor-world-a4-proof-sy65n45b\app
> eslint . --max-warnings=0


C:\Users\yoray\AppData\Local\Temp\yor-world-a4-proof-sy65n45b\app\src\features\admin\project-editor.tsx
  109:73  error  Unexpected any. Specify a different type  @typescript-eslint/no-explicit-any

C:\Users\yoray\AppData\Local\Temp\yor-world-a4-proof-sy65n45b\app\src\server\content\revisions.ts
  173:3  warning  '_actor' is defined but never used  @typescript-eslint/no-unused-vars
  187:3  warning  '_actor' is defined but never used  @typescript-eslint/no-unused-vars

C:\Users\yoray\AppData\Local\Temp\yor-world-a4-proof-sy65n45b\app\src\server\media\validate-upload.ts
  224:3  warning  '_actor' is defined but never used  @typescript-eslint/no-unused-vars

C:\Users\yoray\AppData\Local\Temp\yor-world-a4-proof-sy65n45b\app\tests\integration\owner-auth.test.ts
  14:8  warning  'UserRecord' is defined but never used       @typescript-eslint/no-unused-vars
  15:8  warning  'AdminUserRecord' is defined but never used  @typescript-eslint/no-unused-vars

C:\Users\yoray\AppData\Local\Temp\yor-world-a4-proof-sy65n45b\app\tests\integration\publication.test.ts
   33:3   warning  'getTestDraftRegistry' is defined but never used  @typescript-eslint/no-unused-vars
  242:87  error    Unexpected any. Specify a different type          @typescript-eslint/no-explicit-any
  392:13  warning  'registry' is assigned a value but never used     @typescript-eslint/no-unused-vars

✖ 9 problems (2 errors, 7 warnings)

 ELIFECYCLE  Command failed with exit code 1.

EXIT: 1
