COMMAND: "C:\Program Files\nodejs\node.EXE" C:\Users\yoray\AppData\Roaming\npm\node_modules\pnpm\bin\pnpm.cjs typecheck
CWD: C:\Users\yoray\AppData\Local\Temp\yor-world-a4-proof-sy65n45b\app

> yor-world-a4-proof@0.1.0 typecheck C:\Users\yoray\AppData\Local\Temp\yor-world-a4-proof-sy65n45b\app
> tsc --noEmit

src/features/admin/project-editor.tsx(65,25): error TS18048: 'currentProject' is possibly 'undefined'.
src/features/admin/project-editor.tsx(66,5): error TS2322: Type '{ heading: string; id?: string; blocks?: ({ type: "paragraph"; text: string; } | { type: "image"; mediaId: string; alt: string; caption: string; } | { type: "list"; items: string[]; } | { type: "code"; language: string; text: string; })[]; }' is not assignable to type '{ id: string; heading: string; blocks: ({ type: "paragraph"; text: string; } | { type: "image"; mediaId: string; alt: string; caption: string; } | { type: "list"; items: string[]; } | { type: "code"; language: string; text: string; })[]; }'.
  Property 'id' is optional in type '{ heading: string; id?: string; blocks?: ({ type: "paragraph"; text: string; } | { type: "image"; mediaId: string; alt: string; caption: string; } | { type: "list"; items: string[]; } | { type: "code"; language: string; text: string; })[]; }' but required in type '{ id: string; heading: string; blocks: ({ type: "paragraph"; text: string; } | { type: "image"; mediaId: string; alt: string; caption: string; } | { type: "list"; items: string[]; } | { type: "code"; language: string; text: string; })[]; }'.
src/features/admin/project-editor.tsx(71,21): error TS18048: 'currentProject' is possibly 'undefined'.
src/features/admin/project-editor.tsx(86,25): error TS18048: 'currentProject' is possibly 'undefined'.
src/features/admin/project-editor.tsx(87,5): error TS2322: Type '{ label: string; url: string; checkedAt?: string; }' is not assignable to type '{ label: string; url: string; checkedAt: string; }'.
  Property 'checkedAt' is optional in type '{ label: string; url: string; checkedAt?: string; }' but required in type '{ label: string; url: string; checkedAt: string; }'.
src/features/admin/project-editor.tsx(92,21): error TS18048: 'currentProject' is possibly 'undefined'.
src/features/admin/project-editor.tsx(110,25): error TS18048: 'currentProject' is possibly 'undefined'.
src/features/admin/project-editor.tsx(111,5): error TS2322: Type '{ id?: string; kind?: "repository" | "deployment" | "measurement" | "document"; url?: string | null; checkedAt?: string | null; status?: "verified" | "unknown" | "not-measured" | "not-applicable"; note?: string; }' is not assignable to type '{ id: string; kind: "repository" | "deployment" | "measurement" | "document"; url: string | null; checkedAt: string | null; status: "verified" | "unknown" | "not-measured" | "not-applicable"; note: string; }'.
  Property 'id' is optional in type '{ id?: string; kind?: "repository" | "deployment" | "measurement" | "document"; url?: string | null; checkedAt?: string | null; status?: "verified" | "unknown" | "not-measured" | "not-applicable"; note?: string; }' but required in type '{ id: string; kind: "repository" | "deployment" | "measurement" | "document"; url: string | null; checkedAt: string | null; status: "verified" | "unknown" | "not-measured" | "not-applicable"; note: string; }'.
src/features/admin/project-editor.tsx(116,21): error TS18048: 'currentProject' is possibly 'undefined'.
src/features/admin/project-editor.tsx(372,64): error TS2345: Argument of type 'string' is not assignable to parameter of type '"verified" | "unknown" | "not-measured" | "not-applicable"'.
src/server/media/validate-upload.ts(82,38): error TS2345: Argument of type 'number | undefined' is not assignable to parameter of type 'number'.
  Type 'undefined' is not assignable to type 'number'.
src/server/media/validate-upload.ts(83,38): error TS2345: Argument of type 'number | undefined' is not assignable to parameter of type 'number'.
  Type 'undefined' is not assignable to type 'number'.
tests/integration/publication.test.ts(241,7): error TS2532: Object is possibly 'undefined'.
tests/integration/publication.test.ts(241,7): error TS2532: Object is possibly 'undefined'.
tests/integration/publication.test.ts(257,7): error TS2532: Object is possibly 'undefined'.
tests/integration/publication.test.ts(257,7): error TS2532: Object is possibly 'undefined'.
tests/integration/publication.test.ts(275,7): error TS2532: Object is possibly 'undefined'.
tests/integration/publication.test.ts(275,7): error TS2532: Object is possibly 'undefined'.
tests/integration/publication.test.ts(306,7): error TS2532: Object is possibly 'undefined'.
tests/integration/publication.test.ts(306,7): error TS2532: Object is possibly 'undefined'.
tests/integration/publication.test.ts(345,14): error TS18048: 'last' is possibly 'undefined'.
tests/integration/publication.test.ts(346,14): error TS18048: 'last' is possibly 'undefined'.
tests/integration/publication.test.ts(374,7): error TS2532: Object is possibly 'undefined'.
tests/integration/publication.test.ts(374,7): error TS2532: Object is possibly 'undefined'.
tests/integration/publication.test.ts(418,14): error TS18048: 'lastEntry' is possibly 'undefined'.
tests/integration/publication.test.ts(419,14): error TS18048: 'lastEntry' is possibly 'undefined'.
tests/integration/publication.test.ts(420,14): error TS18048: 'lastEntry' is possibly 'undefined'.
 ELIFECYCLE  Command failed with exit code 2.

EXIT: 2
