COMMAND: pnpm.cmd install --frozen-lockfile
CWD: C:\Users\yoray\Projects\Yor-World-RC6-8e5b954\app
SOURCE: 8e5b954e147a87e36a6869d9940c40f3d4c123f0
STARTED: 2026-10-07T21:23:14.888821+00:00
Lockfile is up to date, resolution step is skipped
Progress: resolved 1, reused 0, downloaded 0, added 0
Packages: +404
++++++++++++++++++++++++++++++++++++++++++++++++++++++++++++++++++++++++++++++++
Progress: resolved 404, reused 12, downloaded 0, added 0
Progress: resolved 404, reused 36, downloaded 0, added 0
Progress: resolved 404, reused 94, downloaded 0, added 0
Progress: resolved 404, reused 328, downloaded 0, added 0
Progress: resolved 404, reused 403, downloaded 0, added 45
Progress: resolved 404, reused 403, downloaded 0, added 46
Progress: resolved 404, reused 403, downloaded 0, added 80
Progress: resolved 404, reused 403, downloaded 0, added 83
Progress: resolved 404, reused 403, downloaded 0, added 129
Progress: resolved 404, reused 403, downloaded 0, added 201
Progress: resolved 404, reused 403, downloaded 0, added 236
Progress: resolved 404, reused 403, downloaded 0, added 237
Progress: resolved 404, reused 403, downloaded 0, added 272
Progress: resolved 404, reused 403, downloaded 0, added 297
Progress: resolved 404, reused 403, downloaded 0, added 332
Progress: resolved 404, reused 403, downloaded 0, added 352
Progress: resolved 404, reused 403, downloaded 0, added 374
Progress: resolved 404, reused 403, downloaded 0, added 375
Progress: resolved 404, reused 403, downloaded 0, added 386
Progress: resolved 404, reused 403, downloaded 0, added 396
Progress: resolved 404, reused 403, downloaded 0, added 398
Progress: resolved 404, reused 404, downloaded 0, added 401
Progress: resolved 404, reused 404, downloaded 0, added 402
Progress: resolved 404, reused 404, downloaded 0, added 403
Progress: resolved 404, reused 404, downloaded 0, added 404
Progress: resolved 404, reused 404, downloaded 0, added 404, done

dependencies:
+ @supabase/ssr 0.12.7
+ @supabase/supabase-js 2.117.2
+ next 16.3.8
+ pg 8.16.3
+ react 19.3.0
+ react-dom 19.3.0
+ server-only 0.0.1
+ sharp 0.35.5
+ three 0.180.0
+ zod 4.6.5

devDependencies:
+ @axe-core/playwright 4.13.0
+ @electric-sql/pglite 0.5.8
+ @playwright/test 1.63.0
+ @types/node 24.19.0
+ @types/pg 8.15.5
+ @types/react 19.3.0
+ @types/react-dom 19.3.0
+ @types/three 0.180.0
+ eslint 9.39.5
+ eslint-config-next 16.3.8
+ gltf-validator 2.0.0-dev.3.10
+ typescript 6.0.3
+ vitest 5.0.2

Done in 39s using pnpm v9.15.9

EXIT CODE: 0
