COMMAND: pnpm.cmd exec playwright test tests/e2e/accessibility.spec.ts --output C:\Users\yoray\Projects\Yor-World-RC6-8e5b954\deliveries\G7\rc6-candidate-r6\evidence\accessibility\test-results
CWD: C:\Users\yoray\Projects\Yor-World-RC6-8e5b954\app
SOURCE: 8e5b954e147a87e36a6869d9940c40f3d4c123f0
STARTED: 2026-10-07T21:28:58.585608+00:00

Running 17 tests using 1 worker

(node:10532) Warning: The 'NO_COLOR' env is ignored due to the 'FORCE_COLOR' env being set.
(Use `node --trace-warnings ...` to show where the warning was created)
  ok  1 [chromium] › tests\e2e\accessibility.spec.ts:29:5 › C3 WCAG 2.2 AA Accessibility & Assistive Navigation › Axe automated accessibility audit on / (1.5s)
  ok  2 [chromium] › tests\e2e\accessibility.spec.ts:29:5 › C3 WCAG 2.2 AA Accessibility & Assistive Navigation › Axe automated accessibility audit on /projects (855ms)
  ok  3 [chromium] › tests\e2e\accessibility.spec.ts:29:5 › C3 WCAG 2.2 AA Accessibility & Assistive Navigation › Axe automated accessibility audit on /projects/helios (895ms)
  ok  4 [chromium] › tests\e2e\accessibility.spec.ts:29:5 › C3 WCAG 2.2 AA Accessibility & Assistive Navigation › Axe automated accessibility audit on /projects/zenith (902ms)
  ok  5 [chromium] › tests\e2e\accessibility.spec.ts:29:5 › C3 WCAG 2.2 AA Accessibility & Assistive Navigation › Axe automated accessibility audit on /projects/ai-vs-real (883ms)
  ok  6 [chromium] › tests\e2e\accessibility.spec.ts:29:5 › C3 WCAG 2.2 AA Accessibility & Assistive Navigation › Axe automated accessibility audit on /projects/talks (853ms)
  ok  7 [chromium] › tests\e2e\accessibility.spec.ts:29:5 › C3 WCAG 2.2 AA Accessibility & Assistive Navigation › Axe automated accessibility audit on /admin/login (1.0s)
  ok  8 [chromium] › tests\e2e\accessibility.spec.ts:29:5 › C3 WCAG 2.2 AA Accessibility & Assistive Navigation › Axe automated accessibility audit on /projects/candidatex (752ms)
  ok  9 [chromium] › tests\e2e\accessibility.spec.ts:29:5 › C3 WCAG 2.2 AA Accessibility & Assistive Navigation › Axe automated accessibility audit on /about (806ms)
  ok 10 [chromium] › tests\e2e\accessibility.spec.ts:29:5 › C3 WCAG 2.2 AA Accessibility & Assistive Navigation › Axe automated accessibility audit on /resume (863ms)
  ok 11 [chromium] › tests\e2e\accessibility.spec.ts:29:5 › C3 WCAG 2.2 AA Accessibility & Assistive Navigation › Axe automated accessibility audit on /contact (797ms)
  ok 12 [chromium] › tests\e2e\accessibility.spec.ts:51:3 › C3 WCAG 2.2 AA Accessibility & Assistive Navigation › Logical heading structure and semantic landmarks exist on public shell (394ms)
  ok 13 [chromium] › tests\e2e\accessibility.spec.ts:67:3 › C3 WCAG 2.2 AA Accessibility & Assistive Navigation › Skip to content link allows direct keyboard-only bypass (701ms)
  ok 14 [chromium] › tests\e2e\accessibility.spec.ts:79:3 › C3 WCAG 2.2 AA Accessibility & Assistive Navigation › Interactive touch targets meet minimum 44x44 CSS px sizing requirement (445ms)
  ok 15 [chromium] › tests\e2e\accessibility.spec.ts:105:3 › C3 WCAG 2.2 AA Accessibility & Assistive Navigation › Reflow check: 320 CSS px viewport width without horizontal scrollbars (321ms)
  ok 16 [chromium] › tests\e2e\accessibility.spec.ts:116:3 › C3 WCAG 2.2 AA Accessibility & Assistive Navigation › Zoom / 200% reflow inspection (371ms)
  ok 17 [chromium] › tests\e2e\accessibility.spec.ts:129:3 › C3 WCAG 2.2 AA Accessibility & Assistive Navigation › Every published project destination is reachable without canvas or WebGL (525ms)

  17 passed (17.8s)

EXIT CODE: 0
