COMMAND=CI=1 B5_EVIDENCE_DIR=../../../evidence/browser-results pnpm exec playwright test tests/e2e/world/finish-09-r6-runtime.spec.ts --grep "real required-load UI"
node.exe : [WebServer] (node:28404) Warning: The 'NO_COLOR' env is ignored due to the 'FORCE_COLOR' env being set.

At C:\Users\yoray\AppData\Roaming\npm\pnpm.ps1:24 char:5

+     & "node$exe"  "$basedir/node_modules/pnpm/bin/pnpm.cjs" $args

+     ~~~~~~~~~~~~~~~~~~~~~~~~~~~~~~~~~~~~~~~~~~~~~~~~~~~~~~~~~~~~~

    + CategoryInfo          : NotSpecified: ([WebServer] (no... env being set.:String) [], RemoteException

    + FullyQualifiedErrorId : NativeCommandError

 

[WebServer] (Use `node --trace-warnings ...` to show where the warning was created)



Running 1 test using 1 worker



(node:45688) Warning: The 'NO_COLOR' env is ignored due to the 'FORCE_COLOR' env being set.

(Use `node --trace-warnings ...` to show where the warning was created)

  x  1 [chromium] :  tests\e2e\world\finish-09-r6-runtime.spec.ts:126:3 :  FINISH-09 R6 source-bound Chromium runtime evidence :  real required-load UI recovers after a compressed room parse failure and reports only current identity attempts (7.8s)





  1) [chromium] :  tests\e2e\world\finish-09-r6-runtime.spec.ts:126:3 :  FINISH-09 R6 source-bound Chromium runtime evidence :  real required-load UI recovers after a compressed room parse failure and reports only current identity attempts 



    Error: expect(received).toMatchObject(expected)



    - Expected  - 1

    + Received  + 1



    @@ -3,7 +3,7 @@

          "kind": "determinate",

          "loaded": 1758012,

          "scope": "required-session",

          "total": 1758012,

        },

    -   "stage": "All required assets decoded",

    +   "stage": "Integrating required scene assets...",

      }



      208 |       expect(observed.progress.some((entry) => /Retrying production-room-full\.glb/i.test(entry.stage))).toBe(true);

      209 |       const currentAttemptTotal = requiredModels.reduce((sum, model) => sum + readFileSync(path.join(appRoot, "public/models", model)).byteLength, 0);

    > 210 |       expect(diagnostics.loadingProgress).toMatchObject({

          |                                           ^

      211 |         stage: "All required assets decoded",

      212 |         bytes: { kind: "determinate", scope: "required-session", loaded: currentAttemptTotal, total: currentAttemptTotal },

      213 |       });

        at C:\Users\yoray\Projects\Yor World\deliveries\FINISH-C1-R6\.work\assembly\app\tests\e2e\world\finish-09-r6-runtime.spec.ts:210:43



    attachment #2: screenshot (image/png) %%%%%%%%%%%%%%%%%%%%%%%%%%%%%%%%%%%%%%%%%%%%%%%%%%%%%%%%%%

    test-results\world-finish-09-r6-runtime-968a6-y-current-identity-attempts-chromium\test-failed-1.png

    %%%%%%%%%%%%%%%%%%%%%%%%%%%%%%%%%%%%%%%%%%%%%%%%%%%%%%%%%%%%%%%%%%%%%%%%%%%%%%%%%%%%%%%%%%%%%%%%



    Error Context: test-results\world-finish-09-r6-runtime-968a6-y-current-identity-attempts-chromium\error-context.md



  1 failed

    [chromium] :  tests\e2e\world\finish-09-r6-runtime.spec.ts:126:3 :  FINISH-09 R6 source-bound Chromium runtime evidence :  real required-load UI recovers after a compressed room parse failure and reports only current identity attempts 

EXIT_CODE=1
