COMMAND=CI=1 B5_EVIDENCE_DIR=../../../evidence/browser-results pnpm exec playwright test tests/e2e/world/finish-09-r6-runtime.spec.ts
node.exe : [WebServer] (node:43652) Warning: The 'NO_COLOR' env is ignored due to the 'FORCE_COLOR' env being set.

At C:\Users\yoray\AppData\Roaming\npm\pnpm.ps1:24 char:5

+     & "node$exe"  "$basedir/node_modules/pnpm/bin/pnpm.cjs" $args

+     ~~~~~~~~~~~~~~~~~~~~~~~~~~~~~~~~~~~~~~~~~~~~~~~~~~~~~~~~~~~~~

    + CategoryInfo          : NotSpecified: ([WebServer] (no... env being set.:String) [], RemoteException

    + FullyQualifiedErrorId : NativeCommandError

 

[WebServer] (Use `node --trace-warnings ...` to show where the warning was created)



Running 3 tests using 1 worker



(node:46612) Warning: The 'NO_COLOR' env is ignored due to the 'FORCE_COLOR' env being set.

(Use `node --trace-warnings ...` to show where the warning was created)

  ok 1 [chromium] :  tests\e2e\world\finish-09-r6-runtime.spec.ts:126:3 :  FINISH-09 R6 source-bound Chromium runtime evidence :  real required-load UI recovers after a compressed room parse failure and reports only current identity attempts (8.0s)

  ok 2 [chromium] :  tests\e2e\world\finish-09-r6-runtime.spec.ts:234:3 :  FINISH-09 R6 source-bound Chromium runtime evidence :  actual RuntimeMaterialQuality and real Three.js objects roll back a second-target failure atomically (603ms)

  ok 3 [chromium] :  tests\e2e\world\finish-09-r6-runtime.spec.ts:374:3 :  FINISH-09 R6 source-bound Chromium runtime evidence :  WorldRuntime greeting replacement, stale callbacks, and disposal use browser timers (14.1s)



  3 passed (25.9s)

EXIT_CODE=0
COMMAND=CI=1 B5_EVIDENCE_DIR=../../../evidence/browser-results pnpm exec playwright test tests/e2e/world/finish-09-r6-runtime.spec.ts (final screenshot capture)
node.exe : [WebServer] (node:7136) Warning: The 'NO_COLOR' env is ignored due to the 'FORCE_COLOR' env being set.

At C:\Users\yoray\AppData\Roaming\npm\pnpm.ps1:24 char:5

+     & "node$exe"  "$basedir/node_modules/pnpm/bin/pnpm.cjs" $args

+     ~~~~~~~~~~~~~~~~~~~~~~~~~~~~~~~~~~~~~~~~~~~~~~~~~~~~~~~~~~~~~

    + CategoryInfo          : NotSpecified: ([WebServer] (no... env being set.:String) [], RemoteException

    + FullyQualifiedErrorId : NativeCommandError

 

[WebServer] (Use `node --trace-warnings ...` to show where the warning was created)



Running 3 tests using 1 worker



(node:14500) Warning: The 'NO_COLOR' env is ignored due to the 'FORCE_COLOR' env being set.

(Use `node --trace-warnings ...` to show where the warning was created)

  ok 1 [chromium] :  tests\e2e\world\finish-09-r6-runtime.spec.ts:126:3 :  FINISH-09 R6 source-bound Chromium runtime evidence :  real required-load UI recovers after a compressed room parse failure and reports only current identity attempts (7.9s)

  ok 2 [chromium] :  tests\e2e\world\finish-09-r6-runtime.spec.ts:235:3 :  FINISH-09 R6 source-bound Chromium runtime evidence :  actual RuntimeMaterialQuality and real Three.js objects roll back a second-target failure atomically (668ms)

  ok 3 [chromium] :  tests\e2e\world\finish-09-r6-runtime.spec.ts:375:3 :  FINISH-09 R6 source-bound Chromium runtime evidence :  WorldRuntime greeting replacement, stale callbacks, and disposal use browser timers (14.2s)



  3 passed (26.3s)

FINAL_EXIT_CODE=0
COMMAND=CI=1 B5_EVIDENCE_DIR=../../../evidence/browser-results pnpm exec playwright test tests/e2e/world/finish-09-r6-runtime.spec.ts (final browser identity binding)
node.exe : [WebServer] (node:49296) Warning: The 'NO_COLOR' env is ignored due to the 'FORCE_COLOR' env being set.

At C:\Users\yoray\AppData\Roaming\npm\pnpm.ps1:24 char:5

+     & "node$exe"  "$basedir/node_modules/pnpm/bin/pnpm.cjs" $args

+     ~~~~~~~~~~~~~~~~~~~~~~~~~~~~~~~~~~~~~~~~~~~~~~~~~~~~~~~~~~~~~

    + CategoryInfo          : NotSpecified: ([WebServer] (no... env being set.:String) [], RemoteException

    + FullyQualifiedErrorId : NativeCommandError

 

[WebServer] (Use `node --trace-warnings ...` to show where the warning was created)



Running 3 tests using 1 worker



(node:36728) Warning: The 'NO_COLOR' env is ignored due to the 'FORCE_COLOR' env being set.

(Use `node --trace-warnings ...` to show where the warning was created)

  ok 1 [chromium] :  tests\e2e\world\finish-09-r6-runtime.spec.ts:126:3 :  FINISH-09 R6 source-bound Chromium runtime evidence :  real required-load UI recovers after a compressed room parse failure and reports only current identity attempts (7.8s)

  ok 2 [chromium] :  tests\e2e\world\finish-09-r6-runtime.spec.ts:236:3 :  FINISH-09 R6 source-bound Chromium runtime evidence :  actual RuntimeMaterialQuality and real Three.js objects roll back a second-target failure atomically (685ms)

  ok 3 [chromium] :  tests\e2e\world\finish-09-r6-runtime.spec.ts:382:3 :  FINISH-09 R6 source-bound Chromium runtime evidence :  WorldRuntime greeting replacement, stale callbacks, and disposal use browser timers (13.8s)



  3 passed (25.6s)

FINAL_EXIT_CODE=0
