COMMAND=pnpm exec vitest run --config vitest.config.ts tests/unit/world/completion-essential-loader.test.ts -t "restores the required-session aggregate" --reporter=verbose


 RUN  v5.0.2 C:/Users/yoray/Projects/Yor World/deliveries/FINISH-C1-R6/.work/assembly/app



 “! tests/unit/world/completion-essential-loader.test.ts > Completion: Essential Loader Held Decode, Abort, and Disposal Lifecycle > resolves required readiness while optional decode is held, and cleans up on abort without late delivery

 “! tests/unit/world/completion-essential-loader.test.ts > Completion: Essential Loader Held Decode, Abort, and Disposal Lifecycle > SessionResourceLedger disposes unadopted textures when consumer rejects

 “! tests/unit/world/completion-essential-loader.test.ts > Completion: Essential Loader Held Decode, Abort, and Disposal Lifecycle > does not report one completed file as the required-session byte aggregate

 “! tests/unit/world/completion-essential-loader.test.ts > Completion: Essential Loader Held Decode, Abort, and Disposal Lifecycle > uses the actual ArrayBuffer byte length instead of a contradictory header

 “! tests/unit/world/completion-essential-loader.test.ts > Completion: Essential Loader Held Decode, Abort, and Disposal Lifecycle > keeps unknown content length indeterminate

 “! tests/unit/world/completion-essential-loader.test.ts > Completion: Essential Loader Held Decode, Abort, and Disposal Lifecycle > keeps missing content encoding indeterminate

 “! tests/unit/world/completion-essential-loader.test.ts > Completion: Essential Loader Held Decode, Abort, and Disposal Lifecycle > keeps compressed representation indeterminate

 “! tests/unit/world/completion-essential-loader.test.ts > Completion: Essential Loader Held Decode, Abort, and Disposal Lifecycle > keeps chunked transfer with a length indeterminate

 “! tests/unit/world/completion-essential-loader.test.ts > Completion: Essential Loader Held Decode, Abort, and Disposal Lifecycle > keeps contradictory length values indeterminate

 “! tests/unit/world/completion-essential-loader.test.ts > Completion: Essential Loader Held Decode, Abort, and Disposal Lifecycle > keeps short body at EOF indeterminate

 “! tests/unit/world/completion-essential-loader.test.ts > Completion: Essential Loader Held Decode, Abort, and Disposal Lifecycle > keeps long body at EOF indeterminate

 “! tests/unit/world/completion-essential-loader.test.ts > Completion: Essential Loader Held Decode, Abort, and Disposal Lifecycle > keeps the aggregate indeterminate when the final required response mismatches at EOF

 “! tests/unit/world/completion-essential-loader.test.ts > Completion: Essential Loader Held Decode, Abort, and Disposal Lifecycle > clears a fully downloaded parse-failed attempt before announcing its retry

 ' tests/unit/world/completion-essential-loader.test.ts > Completion: Essential Loader Held Decode, Abort, and Disposal Lifecycle > restores the required-session aggregate when a failed compressed attempt is replaced by an identity retry 549ms

 “! tests/unit/world/completion-essential-loader.test.ts > Completion: Essential Loader Held Decode, Abort, and Disposal Lifecycle > disposes a decoded texture exactly once when a synchronous consumer throws

 “! tests/unit/world/completion-essential-loader.test.ts > Completion: Essential Loader Held Decode, Abort, and Disposal Lifecycle > cancels optional decoding without disposing the required session owner

 “! tests/unit/world/completion-essential-loader.test.ts > Completion: Essential Loader Held Decode, Abort, and Disposal Lifecycle > captures shared and pruned GLTF resources and closes their ImageBitmap once

 “! tests/unit/world/completion-essential-loader.test.ts > Completion: Essential Loader Held Decode, Abort, and Disposal Lifecycle > cleans resources registered after cancellation has already disposed the session



 Test Files  1 passed (1)

      Tests  1 passed | 17 skipped (18)

   Start at  06:44:08

   Duration  1.04s (tests 68%, import 16%, transform 15%, worker 1%)



EXIT_CODE=0
