COMMAND=pnpm exec vitest run --config vitest.config.ts tests/unit/world/completion-essential-loader.test.ts -t "restores the required-session aggregate" --reporter=verbose


 RUN  v5.0.2 C:/Users/yoray/Projects/Yor World/deliveries/FINISH-C1-R6/.work/assembly/app



 “! tests/unit/world/completion-essential-loader.test.ts > Completion: Essential Loader Held Decode, Abort, and Disposal Lifecycle > resolves required readiness while optional decode is held, and cleans up on abort without late delivery

 “! tests/unit/world/completion-essential-loader.test.ts > Completion: Essential Loader Held Decode, Abort, and Disposal Lifecycle > SessionResourceLedger disposes unadopted textures when consumer rejects

 “! tests/unit/world/completion-essential-loader.test.ts > Completion: Essential Loader Held Decode, Abort, and Disposal Lifecycle > does not report one completed file as the required-session byte aggregate

 “! tests/unit/world/completion-essential-loader.test.ts > Completion: Essential Loader Held Decode, Abort, and Disposal Lifecycle > uses the actual ArrayBuffer byte length instead of a contradictory header

 “! tests/unit/world/completion-essential-loader.test.ts > Completion: Essential Loader Held Decode, Abort, and Disposal Lifecycle > keeps unknown content length indeterminate

 “! tests/unit/world/completion-essential-loader.test.ts > Completion: Essential Loader Held Decode, Abort, and Disposal Lifecycle > keeps missing content encoding indeterminate

 “! tests/unit/world/completion-essential-loader.test.ts > Completion: Essential Loader Held Decode, Abort, and Disposal Lifecycle > keeps compressed representation indeterminate

 “! tests/unit/world/completion-essential-loader.test.ts > Completion: Essential Loader Held Decode, Abort, and Disposal Lifecycle > keeps chunked transfer with a length indeterminate

 “! tests/unit/world/completion-essential-loader.test.ts > Completion: Essential Loader Held Decode, Abort, and Disposal Lifecycle > keeps contradictory length values indeterminate

 “! tests/unit/world/completion-essential-loader.test.ts > Completion: Essential Loader Held Decode, Abort, and Disposal Lifecycle > keeps short body at EOF indeterminate

 “! tests/unit/world/completion-essential-loader.test.ts > Completion: Essential Loader Held Decode, Abort, and Disposal Lifecycle > keeps long body at EOF indeterminate

 “! tests/unit/world/completion-essential-loader.test.ts > Completion: Essential Loader Held Decode, Abort, and Disposal Lifecycle > keeps the aggregate indeterminate when the final required response mismatches at EOF

 “! tests/unit/world/completion-essential-loader.test.ts > Completion: Essential Loader Held Decode, Abort, and Disposal Lifecycle > clears a fully downloaded parse-failed attempt before announcing its retry

 × tests/unit/world/completion-essential-loader.test.ts > Completion: Essential Loader Held Decode, Abort, and Disposal Lifecycle > restores the required-session aggregate when a failed compressed attempt is replaced by an identity retry 575ms

   ’! expected { & (15) } to match object { & (3) }

(15 matching properties omitted from actual)

 “! tests/unit/world/completion-essential-loader.test.ts > Completion: Essential Loader Held Decode, Abort, and Disposal Lifecycle > disposes a decoded texture exactly once when a synchronous consumer throws

 “! tests/unit/world/completion-essential-loader.test.ts > Completion: Essential Loader Held Decode, Abort, and Disposal Lifecycle > cancels optional decoding without disposing the required session owner

 “! tests/unit/world/completion-essential-loader.test.ts > Completion: Essential Loader Held Decode, Abort, and Disposal Lifecycle > captures shared and pruned GLTF resources and closes their ImageBitmap once

 “! tests/unit/world/completion-essential-loader.test.ts > Completion: Essential Loader Held Decode, Abort, and Disposal Lifecycle > cleans resources registered after cancellation has already disposed the session

node.exe : 

At C:\Users\yoray\AppData\Roaming\npm\pnpm.ps1:24 char:5

+     & "node$exe"  "$basedir/node_modules/pnpm/bin/pnpm.cjs" $args

+     ~~~~~~~~~~~~~~~~~~~~~~~~~~~~~~~~~~~~~~~~~~~~~~~~~~~~~~~~~~~~~

    + CategoryInfo          : NotSpecified: (:String) [], RemoteException

    + FullyQualifiedErrorId : NativeCommandError

 

¯#¯#¯#¯#¯#¯#¯# Failed Tests 1 ¯#¯#¯#¯#¯#¯#¯#



 FAIL  tests/unit/world/completion-essential-loader.test.ts > Completion: Essential Loader Held Decode, Abort, and 

Disposal Lifecycle > restores the required-session aggregate when a failed compressed attempt is replaced by an 

identity retry

AssertionError: expected { & (15) } to match object { & (3) }

(15 matching properties omitted from actual)



- Expected

+ Received



  {

    "bytes": {

-     "kind": "determinate",

-     "loaded": 12,

-     "scope": "required-session",

-     "total": 12,

+     "kind": "indeterminate",

    },

    "requiredLoaded": 3,

    "stage": "All required assets decoded",

  }



 o' tests/unit/world/completion-essential-loader.test.ts:295:29

    293|     expect(harness.parsed).toBe(4);

    294|     expect(progress.some((entry) => entry.stage.startsWith("Retrying p& 

    295|     expect(progress.at(-1)).toMatchObject({

       |                             ^

    296|       stage: "All required assets decoded",

    297|       requiredLoaded: 3,



¯#¯#¯#¯#¯#¯#¯#¯#¯#¯#¯#¯#¯#¯#¯#¯#¯#¯#¯#¯#¯#¯#¯#¯#[1/1]¯#





 Test Files  1 failed (1)

      Tests  1 failed | 17 skipped (18)

   Start at  06:43:55

   Duration  1.61s (tests 55%, import 30%, transform 13%, worker 2%)



EXIT_CODE=1
