BASE_HEAD=f62a43c5e71c00dcb89e28275ea81d842167db80
BASE_APP_TREE=42ea29ec235225046a75959eb19eb386ac2f821d
COMMAND=git -C deliveries/FINISH-C1-R6/.work/assembly -c core.autocrlf=false apply --check deliveries/FINISH-C1-R3/source.patch
git.exe : error: can't open patch 'deliveries/FINISH-C1-R3/source.patch': No such file or directory

At line:2 char:509

+ ... mismatch'}; & git -C $repo -c core.autocrlf=false apply --check 'deli ...

+                 ~~~~~~~~~~~~~~~~~~~~~~~~~~~~~~~~~~~~~~~~~~~~~~~~~~~~~~~~~

    + CategoryInfo          : NotSpecified: (error: can't op...le or directory:String) [], RemoteException

    + FullyQualifiedErrorId : NativeCommandError

 

R3_APPLY_CHECK_EXIT=128
COMMAND=git -C "C:\Users\yoray\Projects\Yor World\deliveries\FINISH-C1-R6\.work\assembly" -c core.autocrlf=false apply --check "C:\Users\yoray\Projects\Yor World\deliveries\FINISH-C1-R3\source.patch"
R3_APPLY_CHECK_EXIT=0
COMMAND=git -C "C:\Users\yoray\Projects\Yor World\deliveries\FINISH-C1-R6\.work\assembly" -c core.autocrlf=false apply "C:\Users\yoray\Projects\Yor World\deliveries\FINISH-C1-R3\source.patch"
R3_APPLY_EXIT=0
COMMAND=git -C "C:\Users\yoray\Projects\Yor World\deliveries\FINISH-C1-R6\.work\assembly" -c core.autocrlf=false apply --check "C:\Users\yoray\Projects\Yor World\deliveries\FINISH-C1-R5\source.patch"
R5_APPLY_CHECK_EXIT=0
COMMAND=git -C "C:\Users\yoray\Projects\Yor World\deliveries\FINISH-C1-R6\.work\assembly" -c core.autocrlf=false apply "C:\Users\yoray\Projects\Yor World\deliveries\FINISH-C1-R5\source.patch"
R5_APPLY_EXIT=0
COMMAND=git -C "C:\Users\yoray\Projects\Yor World\deliveries\FINISH-C1-R6\.work\assembly" -c core.autocrlf=false apply --reverse "C:\Users\yoray\Projects\Yor World\deliveries\FINISH-C1-R6\source.patch"
R6_REVERSE_EXIT=0
COMMAND=git -C "C:\Users\yoray\Projects\Yor World\deliveries\FINISH-C1-R6\.work\assembly" -c core.autocrlf=false apply --check "C:\Users\yoray\Projects\Yor World\deliveries\FINISH-C1-R6\source.patch"
R6_APPLY_CHECK_EXIT=0
COMMAND=git -C "C:\Users\yoray\Projects\Yor World\deliveries\FINISH-C1-R6\.work\assembly" -c core.autocrlf=false apply "C:\Users\yoray\Projects\Yor World\deliveries\FINISH-C1-R6\source.patch"
R6_APPLY_EXIT=0
COMMAND=git -C "C:\Users\yoray\Projects\Yor World\deliveries\FINISH-C1-R6\.work\assembly" -c core.autocrlf=false apply --reverse "C:\Users\yoray\Projects\Yor World\deliveries\FINISH-C1-R6\source.patch" (final exact-patch verification)
FINAL_R6_REVERSE_EXIT=0
COMMAND=git -C "C:\Users\yoray\Projects\Yor World\deliveries\FINISH-C1-R6\.work\assembly" -c core.autocrlf=false apply --check --whitespace=error "C:\Users\yoray\Projects\Yor World\deliveries\FINISH-C1-R6\source.patch"
FINAL_R6_WHITESPACE_APPLY_CHECK_EXIT=0
COMMAND=git -C "C:\Users\yoray\Projects\Yor World\deliveries\FINISH-C1-R6\.work\assembly" -c core.autocrlf=false apply "C:\Users\yoray\Projects\Yor World\deliveries\FINISH-C1-R6\source.patch" (final exact-patch verification)
FINAL_R6_APPLY_EXIT=0
COMMAND=git -C "C:\Users\yoray\Projects\Yor World\deliveries\FINISH-C1-R6\.work\assembly" -c core.autocrlf=false diff --check -- app/src/features/world/AssetLoader.ts app/tests/unit/world/completion-essential-loader.test.ts
FINAL_R6_DIFF_CHECK_EXIT=0
