COMMAND=pnpm run typecheck


> yor-world@1.0.0-rc6 typecheck C:\Users\yoray\Projects\Yor World\deliveries\FINISH-C1-R6\.work\assembly\app

> tsc --noEmit



EXIT_CODE=0
COMMAND=pnpm run typecheck (final after browser harness authoring)


> yor-world@1.0.0-rc6 typecheck C:\Users\yoray\Projects\Yor World\deliveries\FINISH-C1-R6\.work\assembly\app

> tsc --noEmit



tests/e2e/world/finish-09-r6-runtime.spec.ts(314,48): error TS2345: Argument of type 'PropertyDescriptor | undefined' is not assignable to parameter of type 'PropertyDescriptor & ThisType<any>'.

  Type 'undefined' is not assignable to type 'PropertyDescriptor & ThisType<any>'.

    Type 'undefined' is not assignable to type 'PropertyDescriptor'.

tests/e2e/world/finish-09-r6-runtime.spec.ts(315,49): error TS2345: Argument of type 'PropertyDescriptor | undefined' is not assignable to parameter of type 'PropertyDescriptor & ThisType<any>'.

  Type 'undefined' is not assignable to type 'PropertyDescriptor & ThisType<any>'.

    Type 'undefined' is not assignable to type 'PropertyDescriptor'.

	 ELIFECYCLE	  Command failed with exit code 2.

FINAL_EXIT_CODE=2
COMMAND=pnpm run typecheck (after browser-harness type fix)


> yor-world@1.0.0-rc6 typecheck C:\Users\yoray\Projects\Yor World\deliveries\FINISH-C1-R6\.work\assembly\app

> tsc --noEmit



FINAL_EXIT_CODE=0
COMMAND=pnpm run typecheck (final)


> yor-world@1.0.0-rc6 typecheck C:\Users\yoray\Projects\Yor World\deliveries\FINISH-C1-R6\.work\assembly\app

> tsc --noEmit



FINAL_EXIT_CODE=0
COMMAND=pnpm run typecheck (final after browser harness binding)


> yor-world@1.0.0-rc6 typecheck C:\Users\yoray\Projects\Yor World\deliveries\FINISH-C1-R6\.work\assembly\app

> tsc --noEmit



FINAL_EXIT_CODE=0
