DATE_UTC=2026-10-11T00:42:18.9583079Z
BASE=f62a43c5e71c00dcb89e28275ea81d842167db80
BASE_APP_TREE=42ea29ec235225046a75959eb19eb386ac2f821d
SEQUENTIAL_ROOT=C:\Users\yoray\Projects\Yor World\deliveries\completion-audits\FINISH-C1\finish-08\20261011T003551Z-c1-r5-local-review\sequential-candidate
R3_PATCH_SHA=e1be558f734378fe69659dcf8271c4e5e57d87fbfbdca1582823be103082dc5d
R5_PATCH_SHA=d6ad3359fa628067ab228eccc52f25d0604ddddb42813d7023e6a809cf60d83d
R3_PATCH_CHECK
R3_PATCH_APPLY
R3_OUTPUTS_VERIFIED=29/29
R3_MISMATCH_COUNT=0
R5_PATCH_CHECK_WITH_WARN_POLICY
R5_APPLY_CHECK_WARN_EXIT=0
R5_PATCH_CHECK_WITH_ERROR_POLICY
R5_APPLY_CHECK_ERROR_EXIT=0
R5_PATCH_APPLY
R5_GIT_DIFF_CHECK
R5_DIFF_CHECK_EXIT=0
R5_CHANGED_PATHS=app/src/features/world/AssetLoader.ts, app/src/features/world/RuntimeMaterialQuality.ts, app/src/features/world/WorldRuntime.ts, app/tests/unit/project-transition.test.ts, app/tests/unit/runtime-material-quality.test.ts, app/tests/unit/world/completion-essential-loader.test.ts
R5_EXACT_SIX_PATHS=True
R5_REPLACEMENTS_BYTE_EQUAL=6/6
R3_NONOVERLAP_PRESERVED=23/23
R5_DIFF_CHECK_EXIT=0
