[2026-09-30T04:22:44.093Z] Starting W2 browser playback verification suite...
[2026-09-30T04:22:44.100Z] Local test server started at http://127.0.0.1:58493/playback/index.html (port 58493)
[2026-09-30T04:22:44.285Z] Connected to headless browser: channel=chrome, version=154.0.8037.58
[2026-09-30T04:22:44.440Z] Navigating to http://127.0.0.1:58493/playback/index.html...
[2026-09-30T04:22:45.124Z] Waiting for models and Three.js initialization...
[2026-09-30T04:22:45.506Z] [Browser Console] [log] [W2] Loading avatar-proof.glb and fixture-proof.glb...
[2026-09-30T04:22:45.546Z] [Browser Console] [log] [W2] Avatar loaded: 5 animations, resident root pos=(0.300, 0.000, -0.360)
[2026-09-30T04:22:45.546Z] [Browser Console] [log] [W2] Fixture loaded: chair root found=true
[2026-09-30T04:22:45.550Z] [Browser Console] [log] [W2] Switched to clip: coding_idle (fade: 0s)
[2026-09-30T04:22:45.551Z] [Browser Console] [log] [W2] Proof harness ready. All 5 clips bound to synchronized mixers.
[2026-09-30T04:22:46.004Z] Three.js harness successfully initialized and models loaded.
[2026-09-30T04:22:46.513Z] Testing clip: coding_idle...
[2026-09-30T04:22:46.519Z] [Browser Console] [log] [W2] Switched to clip: coding_idle (fade: 0s)
[2026-09-30T04:22:47.327Z] coding_idle metrics: rootPos=[0.30000001192092896,0,-0.36000001430511475], drift=1.8621086318923273e-8m, chairYaw=0°
[2026-09-30T04:22:47.433Z] Saved screenshot: C:\Users\yoray\Projects\Yor World\deliveries\W2\evidence\browser-coding.png
[2026-09-30T04:22:47.433Z] Testing clip: notice_visitor...
[2026-09-30T04:22:47.441Z] [Browser Console] [log] [W2] Switched to clip: notice_visitor (fade: 0.15s)
[2026-09-30T04:22:48.096Z] notice_visitor metrics: rootPos=[0.30000001192092896,0,-0.36000001430511475], drift=1.8621086318923273e-8m
[2026-09-30T04:22:48.201Z] Saved screenshot: C:\Users\yoray\Projects\Yor World\deliveries\W2\evidence\browser-hands-clear.png
[2026-09-30T04:22:48.201Z] Testing clip: turn_to_visitor...
[2026-09-30T04:22:48.204Z] [Browser Console] [log] [W2] Switched to clip: turn_to_visitor (fade: 0.2s)
[2026-09-30T04:22:49.516Z] turn_to_visitor metrics: chairYaw=54.99998036265321°, drift=1.8621086318923273e-8m
[2026-09-30T04:22:49.516Z] Testing clip: greeting_nod...
[2026-09-30T04:22:49.521Z] [Browser Console] [log] [W2] Switched to clip: greeting_nod (fade: 0.15s)
[2026-09-30T04:22:50.482Z] greeting_nod metrics: chairYaw=54.99998036265321°, drift=1.8621086318923273e-8m
[2026-09-30T04:22:50.591Z] Saved screenshot: C:\Users\yoray\Projects\Yor World\deliveries\W2\evidence\browser-greeting.png
[2026-09-30T04:22:50.591Z] Testing clip: return_to_work...
[2026-09-30T04:22:50.594Z] [Browser Console] [log] [W2] Switched to clip: return_to_work (fade: 0.2s)
[2026-09-30T04:22:52.001Z] return_to_work metrics: chairYaw=0°, drift=1.8621086318923273e-8m
[2026-09-30T04:22:52.001Z] Testing Interruption: triggering turn and interrupting midway (at ~400ms)...
[2026-09-30T04:22:52.005Z] [Browser Console] [log] [W2] Switched to clip: turn_to_visitor (fade: 0.1s)
[2026-09-30T04:22:52.408Z] Mid-turn snapshot: chairYaw=28.242833765141306°
[2026-09-30T04:22:52.411Z] [Browser Console] [log] [W2] INTERRUPT TRIGGERED: Transitioning directly to safe coding pose...
[2026-09-30T04:22:52.412Z] [Browser Console] [log] [W2] Switched to clip: return_to_work (fade: 0.15s)
[2026-09-30T04:22:52.413Z] Interrupt triggered. Waiting for return transition...
[2026-09-30T04:22:53.770Z] [Browser Console] [log] [W2] Switched to clip: coding_idle (fade: 0.25s)
[2026-09-30T04:22:53.770Z] [Browser Console] [log] [W2] Safe coding pose restored.
[2026-09-30T04:22:53.921Z] Post-interruption metrics: clip=coding_idle, chairYaw=0°, drift=1.8621086318923273e-8m
[2026-09-30T04:22:54.031Z] Saved screenshot: C:\Users\yoray\Projects\Yor World\deliveries\W2\evidence\browser-interrupted.png
[2026-09-30T04:22:54.031Z] Running 5 repeated turn/return cycles...
[2026-09-30T04:22:54.037Z] [Browser Console] [log] [W2] Starting repeated turn/return test (5 cycles)...
[2026-09-30T04:22:54.037Z] [Browser Console] [log] [W2] [Cycle 1/5] Notice -> Turn -> Nod -> Return
[2026-09-30T04:22:54.038Z] [Browser Console] [log] [W2] Switched to clip: notice_visitor (fade: 0.15s)
[2026-09-30T04:22:54.650Z] [Browser Console] [log] [W2] Switched to clip: turn_to_visitor (fade: 0.2s)
[2026-09-30T04:22:55.855Z] [Browser Console] [log] [W2] Switched to clip: greeting_nod (fade: 0.15s)
[2026-09-30T04:22:56.765Z] [Browser Console] [log] [W2] Switched to clip: return_to_work (fade: 0.2s)
[2026-09-30T04:22:58.074Z] [Browser Console] [log] [W2] [Cycle 1/5] End pos=(0.3000, 0.0000, -0.3600) drift=0.000000 m
[2026-09-30T04:22:58.074Z] [Browser Console] [log] [W2] [Cycle 2/5] Notice -> Turn -> Nod -> Return
[2026-09-30T04:22:58.074Z] [Browser Console] [log] [W2] Switched to clip: notice_visitor (fade: 0.15s)
[2026-09-30T04:22:58.680Z] [Browser Console] [log] [W2] Switched to clip: turn_to_visitor (fade: 0.2s)
[2026-09-30T04:22:59.887Z] [Browser Console] [log] [W2] Switched to clip: greeting_nod (fade: 0.15s)
[2026-09-30T04:23:00.796Z] [Browser Console] [log] [W2] Switched to clip: return_to_work (fade: 0.2s)
[2026-09-30T04:23:02.105Z] [Browser Console] [log] [W2] [Cycle 2/5] End pos=(0.3000, 0.0000, -0.3600) drift=0.000000 m
[2026-09-30T04:23:02.106Z] [Browser Console] [log] [W2] [Cycle 3/5] Notice -> Turn -> Nod -> Return
[2026-09-30T04:23:02.106Z] [Browser Console] [log] [W2] Switched to clip: notice_visitor (fade: 0.15s)
[2026-09-30T04:23:02.712Z] [Browser Console] [log] [W2] Switched to clip: turn_to_visitor (fade: 0.2s)
[2026-09-30T04:23:03.918Z] [Browser Console] [log] [W2] Switched to clip: greeting_nod (fade: 0.15s)
[2026-09-30T04:23:04.827Z] [Browser Console] [log] [W2] Switched to clip: return_to_work (fade: 0.2s)
[2026-09-30T04:23:06.131Z] [Browser Console] [log] [W2] [Cycle 3/5] End pos=(0.3000, 0.0000, -0.3600) drift=0.000000 m
[2026-09-30T04:23:06.131Z] [Browser Console] [log] [W2] [Cycle 4/5] Notice -> Turn -> Nod -> Return
[2026-09-30T04:23:06.131Z] [Browser Console] [log] [W2] Switched to clip: notice_visitor (fade: 0.15s)
[2026-09-30T04:23:06.739Z] [Browser Console] [log] [W2] Switched to clip: turn_to_visitor (fade: 0.2s)
[2026-09-30T04:23:07.943Z] [Browser Console] [log] [W2] Switched to clip: greeting_nod (fade: 0.15s)
[2026-09-30T04:23:08.853Z] [Browser Console] [log] [W2] Switched to clip: return_to_work (fade: 0.2s)
[2026-09-30T04:23:10.162Z] [Browser Console] [log] [W2] [Cycle 4/5] End pos=(0.3000, 0.0000, -0.3600) drift=0.000000 m
[2026-09-30T04:23:10.162Z] [Browser Console] [log] [W2] [Cycle 5/5] Notice -> Turn -> Nod -> Return
[2026-09-30T04:23:10.163Z] [Browser Console] [log] [W2] Switched to clip: notice_visitor (fade: 0.15s)
[2026-09-30T04:23:10.768Z] [Browser Console] [log] [W2] Switched to clip: turn_to_visitor (fade: 0.2s)
[2026-09-30T04:23:11.975Z] [Browser Console] [log] [W2] Switched to clip: greeting_nod (fade: 0.15s)
[2026-09-30T04:23:12.884Z] [Browser Console] [log] [W2] Switched to clip: return_to_work (fade: 0.2s)
[2026-09-30T04:23:14.193Z] [Browser Console] [log] [W2] [Cycle 5/5] End pos=(0.3000, 0.0000, -0.3600) drift=0.000000 m
[2026-09-30T04:23:14.194Z] [Browser Console] [log] [W2] Switched to clip: coding_idle (fade: 0.25s)
[2026-09-30T04:23:14.194Z] [Browser Console] [log] [W2] Repeated test PASSED: 5 cycles completed. Maximum root drift: 0.000000 m
[2026-09-30T04:23:14.195Z] Repeated test completed: {"cycles":5,"maxDrift":0}
[2026-09-30T04:23:14.197Z] Capturing frame sequence during visitor sequence for animated demonstration...
[2026-09-30T04:23:14.200Z] [Browser Console] [log] [W2] Switched to clip: coding_idle (fade: 0s)
[2026-09-30T04:23:14.509Z] [Browser Console] [log] [W2] Switched to clip: coding_idle (fade: 0.15s)
[2026-09-30T04:23:15.539Z] [Browser Console] [log] [W2] Switched to clip: notice_visitor (fade: 0.15s)
[2026-09-30T04:23:16.606Z] [Browser Console] [log] [W2] Switched to clip: turn_to_visitor (fade: 0.15s)
[2026-09-30T04:23:18.710Z] [Browser Console] [log] [W2] Switched to clip: greeting_nod (fade: 0.15s)
[2026-09-30T04:23:20.304Z] [Browser Console] [log] [W2] Switched to clip: return_to_work (fade: 0.15s)
[2026-09-30T04:23:22.469Z] [Browser Console] [log] [W2] Switched to clip: coding_idle (fade: 0.15s)
[2026-09-30T04:23:23.505Z] Captured 34 animation frames.
[2026-09-30T04:23:23.984Z] Browser and local test server closed.