COMMAND: pnpm.cmd install --frozen-lockfile
CWD: C:\Users\yoray\Projects\Yor-World-RC6-30240b6\app
SOURCE: 30240b672ae31537d8090b11b60f8bf808a27670
STARTED: 2026-10-07T15:42:54.138298+00:00
Lockfile is up to date, resolution step is skipped
Progress: resolved 1, reused 0, downloaded 0, added 0
Packages: +404
++++++++++++++++++++++++++++++++++++++++++++++++++++++++++++++++++++++++++++++++
Progress: resolved 404, reused 0, downloaded 0, added 0
Progress: resolved 404, reused 2, downloaded 0, added 0
Progress: resolved 404, reused 5, downloaded 0, added 0
Progress: resolved 404, reused 7, downloaded 0, added 0
Progress: resolved 404, reused 8, downloaded 0, added 0
Progress: resolved 404, reused 9, downloaded 0, added 0
Progress: resolved 404, reused 12, downloaded 0, added 0
Progress: resolved 404, reused 13, downloaded 0, added 0
Progress: resolved 404, reused 14, downloaded 0, added 0
Progress: resolved 404, reused 17, downloaded 0, added 0
Progress: resolved 404, reused 20, downloaded 0, added 0
Progress: resolved 404, reused 24, downloaded 0, added 0
Progress: resolved 404, reused 28, downloaded 0, added 0
Progress: resolved 404, reused 38, downloaded 0, added 0
Progress: resolved 404, reused 49, downloaded 0, added 0
Progress: resolved 404, reused 53, downloaded 0, added 0
Progress: resolved 404, reused 54, downloaded 0, added 0
Progress: resolved 404, reused 55, downloaded 0, added 0
Progress: resolved 404, reused 60, downloaded 0, added 0
Progress: resolved 404, reused 67, downloaded 0, added 0
Progress: resolved 404, reused 68, downloaded 0, added 0
Progress: resolved 404, reused 96, downloaded 0, added 0
Progress: resolved 404, reused 132, downloaded 0, added 0
Progress: resolved 404, reused 133, downloaded 0, added 0
Progress: resolved 404, reused 339, downloaded 0, added 0
Progress: resolved 404, reused 401, downloaded 0, added 11
Progress: resolved 404, reused 401, downloaded 0, added 12
Progress: resolved 404, reused 402, downloaded 0, added 36
Progress: resolved 404, reused 403, downloaded 0, added 58
Progress: resolved 404, reused 403, downloaded 0, added 59
Progress: resolved 404, reused 403, downloaded 0, added 85
Progress: resolved 404, reused 403, downloaded 0, added 97
Progress: resolved 404, reused 403, downloaded 0, added 134
Progress: resolved 404, reused 403, downloaded 0, added 142
Progress: resolved 404, reused 403, downloaded 0, added 147
Progress: resolved 404, reused 403, downloaded 0, added 148
Progress: resolved 404, reused 403, downloaded 0, added 209
Progress: resolved 404, reused 403, downloaded 0, added 223
Progress: resolved 404, reused 403, downloaded 0, added 224
Progress: resolved 404, reused 403, downloaded 0, added 256
Progress: resolved 404, reused 403, downloaded 0, added 280
Progress: resolved 404, reused 403, downloaded 0, added 281
Progress: resolved 404, reused 403, downloaded 0, added 282
Progress: resolved 404, reused 403, downloaded 0, added 298
Progress: resolved 404, reused 403, downloaded 0, added 312
Progress: resolved 404, reused 403, downloaded 0, added 332
Progress: resolved 404, reused 403, downloaded 0, added 341
Progress: resolved 404, reused 403, downloaded 0, added 342
Progress: resolved 404, reused 403, downloaded 0, added 363
Progress: resolved 404, reused 403, downloaded 0, added 364
Progress: resolved 404, reused 403, downloaded 0, added 371
Progress: resolved 404, reused 403, downloaded 0, added 377
Progress: resolved 404, reused 403, downloaded 0, added 393
Progress: resolved 404, reused 403, downloaded 0, added 397
Progress: resolved 404, reused 403, downloaded 0, added 398
Progress: resolved 404, reused 404, downloaded 0, added 398
Progress: resolved 404, reused 404, downloaded 0, added 399
Progress: resolved 404, reused 404, downloaded 0, added 400
Progress: resolved 404, reused 404, downloaded 0, added 401
Progress: resolved 404, reused 404, downloaded 0, added 402
Progress: resolved 404, reused 404, downloaded 0, added 403
Progress: resolved 404, reused 404, downloaded 0, added 404
Progress: resolved 404, reused 404, downloaded 0, added 404, done

dependencies:
+ @supabase/ssr 0.12.7
+ @supabase/supabase-js 2.117.2
+ next 16.3.8
+ pg 8.16.3
+ react 19.3.0
+ react-dom 19.3.0
+ server-only 0.0.1
+ sharp 0.35.5
+ three 0.180.0
+ zod 4.6.5

devDependencies:
+ @axe-core/playwright 4.13.0
+ @electric-sql/pglite 0.5.8
+ @playwright/test 1.63.0
+ @types/node 24.19.0
+ @types/pg 8.15.5
+ @types/react 19.3.0
+ @types/react-dom 19.3.0
+ @types/three 0.180.0
+ eslint 9.39.5
+ eslint-config-next 16.3.8
+ gltf-validator 2.0.0-dev.3.10
+ typescript 6.0.3
+ vitest 5.0.2

Done in 1m 50.9s using pnpm v9.15.9

EXIT CODE: 0
