COMMAND: pnpm.cmd build
CWD: C:\Users\yoray\Projects\Yor-World-RC6-30240b6\app
SOURCE: 30240b672ae31537d8090b11b60f8bf808a27670
STARTED: 2026-10-07T15:46:17.632137+00:00

> yor-world@1.0.0-rc6 build C:\Users\yoray\Projects\Yor-World-RC6-30240b6\app
> next build

▲ Next.js 16.3.8 (Turbopack)
✓ Running next.config.ts took 440ms
⚠ No build cache found. Please configure build caching for faster rebuilds. Read more: https://nextjs.org/docs/messages/no-cache

  Creating an optimized production build ...
✓ Compiled successfully in 16.4s
  Running TypeScript ...
  Finished TypeScript in 9.4s ...
  Collecting page data using 11 workers ...
  Generating static pages using 11 workers (0/7) ...
  Generating static pages using 11 workers (1/7) 
  Generating static pages using 11 workers (3/7) 
  Generating static pages using 11 workers (5/7) 
✓ Generating static pages using 11 workers (7/7) in 313ms
  Finalizing page optimization ...

Route (app)
┌ ƒ /
├ ƒ /_not-found
├ ƒ /about
├ ƒ /admin
├ ƒ /admin/editor
├ ƒ /admin/login
├ ƒ /admin/publish
├ ƒ /api/admin/audit
├ ƒ /api/admin/media
├ ƒ /api/admin/media/[id]
├ ƒ /api/admin/media/[id]/approve
├ ƒ /api/admin/projects
├ ƒ /api/admin/publish
├ ƒ /api/admin/rollback
├ ƒ /api/admin/verify
├ ƒ /api/contact
├ ƒ /api/events
├ ƒ /api/github
├ ƒ /api/health
├ ƒ /api/internal/jobs/[job]
├ ƒ /contact
├ ƒ /projects
├ ƒ /projects/[slug]
├ ƒ /resume
├ ○ /robots.txt
└ ƒ /sitemap.xml


ƒ Proxy (Middleware)

○  (Static)   prerendered as static content
ƒ  (Dynamic)  server-rendered on demand


EXIT CODE: 0
