
> yor-world@1.0.0-rc3 build C:\Users\yoray\AppData\Local\Temp\yw-res-2af509\app
> next build

▲ Next.js 16.3.8 (Turbopack)
✓ Running next.config.ts took 2.2s
⚠ No build cache found. Please configure build caching for faster rebuilds. Read more: https://nextjs.org/docs/messages/no-cache

  Creating an optimized production build ...
✓ Compiled successfully in 11.4s
  Running TypeScript ...
  Finished TypeScript in 10.3s ...
  Collecting page data using 11 workers ...
  Generating static pages using 11 workers (0/7) ...
  Generating static pages using 11 workers (1/7) 
  Generating static pages using 11 workers (3/7) 
  Generating static pages using 11 workers (5/7) 
✓ Generating static pages using 11 workers (7/7) in 336ms
  Finalizing page optimization ...

Route (app)
┌ ƒ /
├ ○ /_not-found
├ ○ /about
├ ƒ /admin
├ ƒ /admin/editor
├ ○ /admin/login
├ ƒ /admin/publish
├ ƒ /api/admin/audit
├ ƒ /api/admin/media
├ ƒ /api/admin/media/[id]
├ ƒ /api/admin/media/[id]/approve
├ ƒ /api/admin/projects
├ ƒ /api/admin/publish
├ ƒ /api/admin/rollback
├ ƒ /api/admin/verify
├ ƒ /api/contact
├ ƒ /api/events
├ ƒ /api/github
├ ƒ /api/internal/jobs/[job]
├ ○ /contact
├ ƒ /projects
├ ƒ /projects/[slug]
├ ○ /resume
├ ○ /robots.txt
└ ƒ /sitemap.xml


○  (Static)   prerendered as static content
ƒ  (Dynamic)  server-rendered on demand

