COMMAND: pnpm.cmd install --frozen-lockfile
CWD: C:\Users\yoray\Projects\Yor-World-RC6-48ee09a\app
SOURCE: 48ee09a98c9f7e59ca3a652c7f5dbeb31d0c7e2f
STARTED: 2026-10-07T07:48:15.806676+00:00
Lockfile is up to date, resolution step is skipped
Progress: resolved 1, reused 0, downloaded 0, added 0
Packages: +404
++++++++++++++++++++++++++++++++++++++++++++++++++++++++++++++++++++++++++++++++
Progress: resolved 404, reused 55, downloaded 0, added 0
Progress: resolved 404, reused 99, downloaded 0, added 0
Progress: resolved 404, reused 157, downloaded 0, added 0
Progress: resolved 404, reused 186, downloaded 0, added 0
Progress: resolved 404, reused 282, downloaded 0, added 0
Progress: resolved 404, reused 379, downloaded 0, added 0
Progress: resolved 404, reused 399, downloaded 0, added 32
Progress: resolved 404, reused 399, downloaded 0, added 33
Progress: resolved 404, reused 401, downloaded 0, added 80
Progress: resolved 404, reused 401, downloaded 0, added 82
Progress: resolved 404, reused 402, downloaded 0, added 130
Progress: resolved 404, reused 403, downloaded 0, added 179
Progress: resolved 404, reused 403, downloaded 0, added 212
Progress: resolved 404, reused 403, downloaded 0, added 250
Progress: resolved 404, reused 403, downloaded 0, added 275
Progress: resolved 404, reused 403, downloaded 0, added 279
Progress: resolved 404, reused 403, downloaded 0, added 322
Progress: resolved 404, reused 403, downloaded 0, added 344
Progress: resolved 404, reused 403, downloaded 0, added 345
Progress: resolved 404, reused 403, downloaded 0, added 376
Progress: resolved 404, reused 403, downloaded 0, added 394
Progress: resolved 404, reused 403, downloaded 0, added 395
Progress: resolved 404, reused 403, downloaded 0, added 397
Progress: resolved 404, reused 403, downloaded 0, added 400
Progress: resolved 404, reused 403, downloaded 0, added 401
Progress: resolved 404, reused 403, downloaded 0, added 402
Progress: resolved 404, reused 403, downloaded 0, added 403
Progress: resolved 404, reused 404, downloaded 0, added 403
Progress: resolved 404, reused 404, downloaded 0, added 404
Progress: resolved 404, reused 404, downloaded 0, added 404, done

dependencies:
+ @supabase/ssr 0.12.7
+ @supabase/supabase-js 2.117.2
+ next 16.3.8
+ pg 8.16.3
+ react 19.3.0
+ react-dom 19.3.0
+ server-only 0.0.1
+ sharp 0.35.5
+ three 0.180.0
+ zod 4.6.5

devDependencies:
+ @axe-core/playwright 4.13.0
+ @electric-sql/pglite 0.5.8
+ @playwright/test 1.63.0
+ @types/node 24.19.0
+ @types/pg 8.15.5
+ @types/react 19.3.0
+ @types/react-dom 19.3.0
+ @types/three 0.180.0
+ eslint 9.39.5
+ eslint-config-next 16.3.8
+ gltf-validator 2.0.0-dev.3.10
+ typescript 6.0.3
+ vitest 5.0.2

Done in 53.1s using pnpm v9.15.9

EXIT CODE: 0
