COMMAND: pnpm.cmd exec playwright test tests/e2e/accessibility.spec.ts --output C:\Users\yoray\Projects\Yor-World-RC6-48ee09a\deliveries\G7\rc6-candidate-r2\evidence\accessibility\test-results
CWD: C:\Users\yoray\Projects\Yor-World-RC6-48ee09a\app
SOURCE: 48ee09a98c9f7e59ca3a652c7f5dbeb31d0c7e2f
STARTED: 2026-10-07T07:54:42.499879+00:00

Running 17 tests using 1 worker

(node:35380) Warning: The 'NO_COLOR' env is ignored due to the 'FORCE_COLOR' env being set.
(Use `node --trace-warnings ...` to show where the warning was created)
  ok  1 [chromium] › tests\e2e\accessibility.spec.ts:29:5 › C3 WCAG 2.2 AA Accessibility & Assistive Navigation › Axe automated accessibility audit on / (2.1s)
  ok  2 [chromium] › tests\e2e\accessibility.spec.ts:29:5 › C3 WCAG 2.2 AA Accessibility & Assistive Navigation › Axe automated accessibility audit on /projects (1.3s)
  ok  3 [chromium] › tests\e2e\accessibility.spec.ts:29:5 › C3 WCAG 2.2 AA Accessibility & Assistive Navigation › Axe automated accessibility audit on /projects/helios (1.1s)
  ok  4 [chromium] › tests\e2e\accessibility.spec.ts:29:5 › C3 WCAG 2.2 AA Accessibility & Assistive Navigation › Axe automated accessibility audit on /projects/zenith (1.1s)
  ok  5 [chromium] › tests\e2e\accessibility.spec.ts:29:5 › C3 WCAG 2.2 AA Accessibility & Assistive Navigation › Axe automated accessibility audit on /projects/ai-vs-real (1.3s)
  ok  6 [chromium] › tests\e2e\accessibility.spec.ts:29:5 › C3 WCAG 2.2 AA Accessibility & Assistive Navigation › Axe automated accessibility audit on /projects/talks (1.1s)
  ok  7 [chromium] › tests\e2e\accessibility.spec.ts:29:5 › C3 WCAG 2.2 AA Accessibility & Assistive Navigation › Axe automated accessibility audit on /admin/login (1.0s)
  ok  8 [chromium] › tests\e2e\accessibility.spec.ts:29:5 › C3 WCAG 2.2 AA Accessibility & Assistive Navigation › Axe automated accessibility audit on /projects/candidatex (916ms)
  ok  9 [chromium] › tests\e2e\accessibility.spec.ts:29:5 › C3 WCAG 2.2 AA Accessibility & Assistive Navigation › Axe automated accessibility audit on /about (1.0s)
  ok 10 [chromium] › tests\e2e\accessibility.spec.ts:29:5 › C3 WCAG 2.2 AA Accessibility & Assistive Navigation › Axe automated accessibility audit on /resume (2.0s)
  ok 11 [chromium] › tests\e2e\accessibility.spec.ts:29:5 › C3 WCAG 2.2 AA Accessibility & Assistive Navigation › Axe automated accessibility audit on /contact (1.2s)
  ok 12 [chromium] › tests\e2e\accessibility.spec.ts:51:3 › C3 WCAG 2.2 AA Accessibility & Assistive Navigation › Logical heading structure and semantic landmarks exist on public shell (569ms)
  ok 13 [chromium] › tests\e2e\accessibility.spec.ts:67:3 › C3 WCAG 2.2 AA Accessibility & Assistive Navigation › Skip to content link allows direct keyboard-only bypass (688ms)
  ok 14 [chromium] › tests\e2e\accessibility.spec.ts:79:3 › C3 WCAG 2.2 AA Accessibility & Assistive Navigation › Interactive touch targets meet minimum 44x44 CSS px sizing requirement (602ms)
  ok 15 [chromium] › tests\e2e\accessibility.spec.ts:105:3 › C3 WCAG 2.2 AA Accessibility & Assistive Navigation › Reflow check: 320 CSS px viewport width without horizontal scrollbars (429ms)
  ok 16 [chromium] › tests\e2e\accessibility.spec.ts:116:3 › C3 WCAG 2.2 AA Accessibility & Assistive Navigation › Zoom / 200% reflow inspection (977ms)
  ok 17 [chromium] › tests\e2e\accessibility.spec.ts:129:3 › C3 WCAG 2.2 AA Accessibility & Assistive Navigation › Every published project destination is reachable without canvas or WebGL (763ms)

  17 passed (26.0s)

EXIT CODE: 0
