COMMAND: pnpm.cmd install --frozen-lockfile
CWD: C:\Users\yoray\Projects\Yor-World-RC6-6c7200a\app
SOURCE: 6c7200ae4222557f6f8aecce4e2b7d88755ca6f3
STARTED: 2026-10-06T16:45:05.826459+00:00
Lockfile is up to date, resolution step is skipped
Progress: resolved 1, reused 0, downloaded 0, added 0
Packages: +404
++++++++++++++++++++++++++++++++++++++++++++++++++++++++++++++++++++++++++++++++
Progress: resolved 404, reused 5, downloaded 0, added 0
Progress: resolved 404, reused 25, downloaded 0, added 0
Progress: resolved 404, reused 90, downloaded 0, added 0
Progress: resolved 404, reused 110, downloaded 0, added 0
Progress: resolved 404, reused 114, downloaded 0, added 0
Progress: resolved 404, reused 119, downloaded 0, added 0
Progress: resolved 404, reused 120, downloaded 0, added 0
Progress: resolved 404, reused 202, downloaded 0, added 0
Progress: resolved 404, reused 283, downloaded 0, added 0
Progress: resolved 404, reused 369, downloaded 0, added 0
Progress: resolved 404, reused 399, downloaded 0, added 1
Progress: resolved 404, reused 399, downloaded 0, added 41
Progress: resolved 404, reused 399, downloaded 0, added 42
Progress: resolved 404, reused 400, downloaded 0, added 77
Progress: resolved 404, reused 400, downloaded 0, added 78
Progress: resolved 404, reused 402, downloaded 0, added 129
Progress: resolved 404, reused 402, downloaded 0, added 130
Progress: resolved 404, reused 403, downloaded 0, added 201
Progress: resolved 404, reused 403, downloaded 0, added 202
Progress: resolved 404, reused 403, downloaded 0, added 244
Progress: resolved 404, reused 403, downloaded 0, added 245
Progress: resolved 404, reused 403, downloaded 0, added 273
Progress: resolved 404, reused 403, downloaded 0, added 274
Progress: resolved 404, reused 403, downloaded 0, added 322
Progress: resolved 404, reused 403, downloaded 0, added 323
Progress: resolved 404, reused 403, downloaded 0, added 341
Progress: resolved 404, reused 403, downloaded 0, added 342
Progress: resolved 404, reused 403, downloaded 0, added 363
Progress: resolved 404, reused 403, downloaded 0, added 364
Progress: resolved 404, reused 403, downloaded 0, added 383
Progress: resolved 404, reused 403, downloaded 0, added 388
Progress: resolved 404, reused 403, downloaded 0, added 389
Progress: resolved 404, reused 403, downloaded 0, added 397
Progress: resolved 404, reused 403, downloaded 0, added 398
Progress: resolved 404, reused 403, downloaded 0, added 399
Progress: resolved 404, reused 403, downloaded 0, added 400
Progress: resolved 404, reused 403, downloaded 0, added 401
Progress: resolved 404, reused 403, downloaded 0, added 402
Progress: resolved 404, reused 403, downloaded 0, added 403
Progress: resolved 404, reused 404, downloaded 0, added 403
Progress: resolved 404, reused 404, downloaded 0, added 404
Progress: resolved 404, reused 404, downloaded 0, added 404, done

dependencies:
+ @supabase/ssr 0.12.7
+ @supabase/supabase-js 2.117.2
+ next 16.3.8
+ pg 8.16.3
+ react 19.3.0
+ react-dom 19.3.0
+ server-only 0.0.1
+ sharp 0.35.5
+ three 0.180.0
+ zod 4.6.5

devDependencies:
+ @axe-core/playwright 4.13.0
+ @electric-sql/pglite 0.5.8
+ @playwright/test 1.63.0
+ @types/node 24.19.0
+ @types/pg 8.15.5
+ @types/react 19.3.0
+ @types/react-dom 19.3.0
+ @types/three 0.180.0
+ eslint 9.39.5
+ eslint-config-next 16.3.8
+ gltf-validator 2.0.0-dev.3.10
+ typescript 6.0.3
+ vitest 5.0.2

Done in 1m 35.7s using pnpm v9.15.9

EXIT CODE: 0
