COMMAND: pnpm.cmd exec playwright test tests/e2e/accessibility.spec.ts --output test-results-accessibility
CWD: C:\Users\yoray\AppData\Local\Temp\yor-world-rc3-calibrated-final-93d8bcdbad3d477f9a98b1271dbf4c11\app
STARTED: 2026-10-03T03:29:34.044638+00:00
[WebServer] (node:33720) Warning: The 'NO_COLOR' env is ignored due to the 'FORCE_COLOR' env being set.
[WebServer] (Use `node --trace-warnings ...` to show where the warning was created)

Running 17 tests using 1 worker

(node:9696) Warning: The 'NO_COLOR' env is ignored due to the 'FORCE_COLOR' env being set.
(Use `node --trace-warnings ...` to show where the warning was created)
  x   1 [chromium] › tests\e2e\accessibility.spec.ts:29:5 › C3 WCAG 2.2 AA Accessibility & Assistive Navigation › Axe automated accessibility audit on / (34.2s)
(node:10568) Warning: The 'NO_COLOR' env is ignored due to the 'FORCE_COLOR' env being set.
(Use `node --trace-warnings ...` to show where the warning was created)
  ok  2 [chromium] › tests\e2e\accessibility.spec.ts:29:5 › C3 WCAG 2.2 AA Accessibility & Assistive Navigation › Axe automated accessibility audit on /projects (2.0s)
  ok  3 [chromium] › tests\e2e\accessibility.spec.ts:29:5 › C3 WCAG 2.2 AA Accessibility & Assistive Navigation › Axe automated accessibility audit on /projects/helios (1.2s)
  ok  4 [chromium] › tests\e2e\accessibility.spec.ts:29:5 › C3 WCAG 2.2 AA Accessibility & Assistive Navigation › Axe automated accessibility audit on /projects/zenith (1.3s)
  ok  5 [chromium] › tests\e2e\accessibility.spec.ts:29:5 › C3 WCAG 2.2 AA Accessibility & Assistive Navigation › Axe automated accessibility audit on /projects/ai-vs-real (1.3s)
  ok  6 [chromium] › tests\e2e\accessibility.spec.ts:29:5 › C3 WCAG 2.2 AA Accessibility & Assistive Navigation › Axe automated accessibility audit on /projects/talks (1.2s)
  ok  7 [chromium] › tests\e2e\accessibility.spec.ts:29:5 › C3 WCAG 2.2 AA Accessibility & Assistive Navigation › Axe automated accessibility audit on /admin/login (1.2s)
  ok  8 [chromium] › tests\e2e\accessibility.spec.ts:29:5 › C3 WCAG 2.2 AA Accessibility & Assistive Navigation › Axe automated accessibility audit on /projects/candidatex (974ms)
  ok  9 [chromium] › tests\e2e\accessibility.spec.ts:29:5 › C3 WCAG 2.2 AA Accessibility & Assistive Navigation › Axe automated accessibility audit on /about (1.1s)
  ok 10 [chromium] › tests\e2e\accessibility.spec.ts:29:5 › C3 WCAG 2.2 AA Accessibility & Assistive Navigation › Axe automated accessibility audit on /resume (1.2s)
  ok 11 [chromium] › tests\e2e\accessibility.spec.ts:29:5 › C3 WCAG 2.2 AA Accessibility & Assistive Navigation › Axe automated accessibility audit on /contact (1.1s)
  ok 12 [chromium] › tests\e2e\accessibility.spec.ts:51:3 › C3 WCAG 2.2 AA Accessibility & Assistive Navigation › Logical heading structure and semantic landmarks exist on public shell (527ms)
  ok 13 [chromium] › tests\e2e\accessibility.spec.ts:67:3 › C3 WCAG 2.2 AA Accessibility & Assistive Navigation › Skip to content link allows direct keyboard-only bypass (463ms)
  ok 14 [chromium] › tests\e2e\accessibility.spec.ts:79:3 › C3 WCAG 2.2 AA Accessibility & Assistive Navigation › Interactive touch targets meet minimum 44x44 CSS px sizing requirement (534ms)
  ok 15 [chromium] › tests\e2e\accessibility.spec.ts:105:3 › C3 WCAG 2.2 AA Accessibility & Assistive Navigation › Reflow check: 320 CSS px viewport width without horizontal scrollbars (344ms)
  ok 16 [chromium] › tests\e2e\accessibility.spec.ts:116:3 › C3 WCAG 2.2 AA Accessibility & Assistive Navigation › Zoom / 200% reflow inspection (452ms)
  ok 17 [chromium] › tests\e2e\accessibility.spec.ts:129:3 › C3 WCAG 2.2 AA Accessibility & Assistive Navigation › Every published project destination is reachable without canvas or WebGL (603ms)


  1) [chromium] › tests\e2e\accessibility.spec.ts:29:5 › C3 WCAG 2.2 AA Accessibility & Assistive Navigation › Axe automated accessibility audit on / 

    Test timeout of 30000ms exceeded.

    attachment #1: screenshot (image/png) ──────────────────────────────────────────────────────────
    test-results-accessibility\accessibility-C3-WCAG-2-2--6bedd-ted-accessibility-audit-on--chromium\test-failed-1.png
    ────────────────────────────────────────────────────────────────────────────────────────────────

    Error Context: test-results-accessibility\accessibility-C3-WCAG-2-2--6bedd-ted-accessibility-audit-on--chromium\error-context.md

  1 failed
    [chromium] › tests\e2e\accessibility.spec.ts:29:5 › C3 WCAG 2.2 AA Accessibility & Assistive Navigation › Axe automated accessibility audit on / 
  16 passed (1.8m)

EXIT CODE: 1
