
> yor-world@1.0.0-rc6 build /home/runner/work/Yor-World/Yor-World/app
> next build

▲ Next.js 16.3.8 (Turbopack)
✓ Running next.config.ts took 27ms
⚠ No build cache found. Please configure build caching for faster rebuilds. Read more: https://nextjs.org/docs/messages/no-cache

  Creating an optimized production build ...
✓ Compiled successfully in 6.1s
  Running TypeScript ...
  Finished TypeScript in 5.2s ...
  Collecting page data using 3 workers ...
  Generating static pages using 3 workers (0/7) ...
  Generating static pages using 3 workers (1/7) 
  Generating static pages using 3 workers (3/7) 
  Generating static pages using 3 workers (5/7) 
✓ Generating static pages using 3 workers (7/7) in 138ms
  Finalizing page optimization ...

Route (app)
┌ ƒ /
├ ƒ /_not-found
├ ƒ /about
├ ƒ /admin
├ ƒ /admin/editor
├ ƒ /admin/login
├ ƒ /admin/publish
├ ƒ /api/admin/audit
├ ƒ /api/admin/media
├ ƒ /api/admin/media/[id]
├ ƒ /api/admin/media/[id]/approve
├ ƒ /api/admin/projects
├ ƒ /api/admin/publish
├ ƒ /api/admin/rollback
├ ƒ /api/admin/verify
├ ƒ /api/contact
├ ƒ /api/events
├ ƒ /api/github
├ ƒ /api/health
├ ƒ /api/internal/jobs/[job]
├ ƒ /contact
├ ƒ /projects
├ ƒ /projects/[slug]
├ ƒ /resume
├ ○ /robots.txt
└ ƒ /sitemap.xml


ƒ Proxy (Middleware)

○  (Static)   prerendered as static content
ƒ  (Dynamic)  server-rendered on demand

