chrome 154.0.8037.58 {"threeRevision":"180","userAgent":"Mozilla/5.0 (Windows NT 10.0; Win64; x64) AppleWebKit/537.36 (KHTML, like Gecko) HeadlessChrome/154.0.0.0 Safari/537.36","renderer":"ANGLE (NVIDIA, NVIDIA GeForce RTX 2060 (0x00001E89) Direct3D11 vs_5_0 ps_5_0, D3D11)","vendor":"Google Inc. (NVIDIA)","viewport":[1440,900],"canvas":[1140,800],"dpr":1,"cameras":{"proof":{"position":[-2.15,1.72,2.1],"target":[0,0.72,-0.64],"fov":44},"side":{"position":[2.25,1.4,-0.3],"target":[0.3,0.75,-0.55],"fov":42},"top":{"position":[0.3,3.5,-0.1],"target":[0.3,0,-0.5],"fov":43}},"clips":[[{"name":"coding_idle","seconds":6},{"name":"notice_visitor","seconds":0.6000000238418579},{"name":"turn_to_visitor","seconds":1.2000000476837158},{"name":"greeting_nod","seconds":0.8999999761581421},{"name":"return_to_work","seconds":1.2999999523162842}],[{"name":"coding_idle","seconds":6},{"name":"notice_visitor","seconds":0.6000000238418579},{"name":"turn_to_visitor","seconds":1.2000000476837158},{"name":"greeting_nod","seconds":0.8999999761581421},{"name":"return_to_work","seconds":1.2999999523162842}]],"bones":["body-turn","pelvis","spine","head","upper-armL","forearmL","handL","upper-armR","forearmR","handR","thighL","shinL","thighR","shinR","footL","footR"],"renderStats":{"frame":8,"calls":65,"triangles":10532,"points":0,"lines":0},"fixtureRoots":["chair-base","chair-root","fixture-static"],"avatarRoots":["resident","resident-body"],"desk":{"isBox3":true,"min":{"x":-1.2999999523162842,"y":0.6900000292807817,"z":-1.5499999821186066},"max":{"x":1.2999999523162842,"y":0.7500000279396772,"z":-0.7499999701976776}}} {"clip":"coding_idle","time":0,"mode":"coding","revision":0,"paused":false,"pendingSegments":0,"rootPosition":[0.30000001192092896,0,-0.36000001430511475],"rootErrorM":1.8621086318923273e-8,"chairRootErrorM":1.8621086318923273e-8,"baseRootErrorM":1.8621086318923273e-8,"chairYawDeg":0,"bodyYawDeg":0,"baseQuaternion":[0,0,0,1],"avatarActionTime":0,"fixtureActionTime":0,"feet":{"footL":{"sole":2.0708271471390464e-9,"maxY":0.11000002044913693,"ankle":[0.1300000101327896,0.10999999940395355,-0.6800000071525574]},"footR":{"sole":2.0708271471390464e-9,"maxY":0.11000002044913693,"ankle":[0.4700000137090683,0.10999999940395355,-0.6800000071525574]}},"pelvisBottomM":0.46000000104450733,"seatGapM":1.0445073139742078e-9,"handFrontGapM":-0.19300011510081738,"handMinYM":0.7910000445904404,"handBounds":{"min":[0.11500005862478375,0.7910000445904404,-0.9430001151008174],"max":[0.48499991596815983,0.8290000480001988,-0.7869998422306601]},"avatarTopM":1.4010000507515685,"desktopInteriorVertices":0,"tableTriangleHits":0,"pedestalTriangleHits":0}
[
  {
    "name": "All 60 Hz samples root and synchronized yaw",
    "status": "PASS",
    "detail": {
      "samples": 605
    }
  },
  {
    "name": "Runtime triangle versus desk/pedestals",
    "status": "PASS",
    "detail": {
      "maximum": 0
    }
  },
  {
    "name": "Seat contact",
    "status": "PASS",
    "detail": {
      "maximumGapM": 6.293515070199263e-8
    }
  },
  {
    "name": "Foot floor bounds",
    "status": "PASS",
    "detail": {
      "min": -8.901702391431766e-9,
      "max": 0.0519947772293823
    }
  },
  {
    "name": "Planted foot displacement between samples",
    "status": "PASS",
    "detail": {
      "maxPlantedDriftM": 3.778188033533313e-10
    }
  },
  {
    "name": "Hands withdrawn during yaw",
    "status": "PASS",
    "detail": {
      "minimumGapM": 0.06121779210450595
    }
  },
  {
    "name": "125 degree coordinated greeting",
    "status": "PASS",
    "detail": {
      "yaw": 125.0000229114456
    }
  },
  {
    "name": "Shared clip boundaries and coding loop",
    "status": "PASS",
    "detail": [
      {
        "from": "coding_idle",
        "to": "coding_idle",
        "maxVertexGapM": 0
      },
      {
        "from": "coding_idle",
        "to": "notice_visitor",
        "maxVertexGapM": 0
      },
      {
        "from": "notice_visitor",
        "to": "turn_to_visitor",
        "maxVertexGapM": 2.7043355469041634e-7
      },
      {
        "from": "turn_to_visitor",
        "to": "greeting_nod",
        "maxVertexGapM": 3.027605737164847e-7
      },
      {
        "from": "greeting_nod",
        "to": "return_to_work",
        "maxVertexGapM": 0
      },
      {
        "from": "return_to_work",
        "to": "coding_idle",
        "maxVertexGapM": 0
      }
    ]
  },
  {
    "name": "Five full cycles settle",
    "status": "PASS",
    "detail": [
      {
        "cycle": 1,
        "maxRootErrorM": 1.8621086318923273e-8,
        "finalMode": "coding"
      },
      {
        "cycle": 2,
        "maxRootErrorM": 1.8621086318923273e-8,
        "finalMode": "coding"
      },
      {
        "cycle": 3,
        "maxRootErrorM": 1.8621086318923273e-8,
        "finalMode": "coding"
      },
      {
        "cycle": 4,
        "maxRootErrorM": 1.8621086318923273e-8,
        "finalMode": "coding"
      },
      {
        "cycle": 5,
        "maxRootErrorM": 1.8621086318923273e-8,
        "finalMode": "coding"
      }
    ]
  },
  {
    "name": "25 cancellations settle without yaw reversal or stale work",
    "status": "PASS",
    "detail": {
      "maxSeconds": 2.666666666666662,
      "maxNonCodingJumpM": 0
    }
  },
  {
    "name": "25 immediate skips restore exact coding mesh",
    "status": "PASS",
    "detail": {
      "maxVertexErrorM": 0
    }
  },
  {
    "name": "Double input and cancellation leave no stale sequence",
    "status": "PASS",
    "detail": {
      "coalesced": true,
      "final": {
        "clip": "coding_idle",
        "time": 4,
        "mode": "coding",
        "revision": 115,
        "paused": false,
        "pendingSegments": 0,
        "rootPosition": [
          0.30000001192092896,
          0,
          -0.36000001430511475
        ],
        "rootErrorM": 1.8621086318923273e-8,
        "chairRootErrorM": 1.8621086318923273e-8,
        "baseRootErrorM": 1.8621086318923273e-8,
        "chairYawDeg": 0,
        "bodyYawDeg": 0,
        "baseQuaternion": [
          0,
          0,
          0,
          1
        ],
        "avatarActionTime": 4,
        "fixtureActionTime": 4,
        "feet": {
          "footL": {
            "sole": 2.0708271471390464e-9,
            "maxY": 0.11000002044913693,
            "ankle": [
              0.1300000101327896,
              0.10999999940395355,
              -0.6800000071525574
            ]
          },
          "footR": {
            "sole": 2.0708271471390464e-9,
            "maxY": 0.11000002044913693,
            "ankle": [
              0.4700000137090683,
              0.10999999940395355,
              -0.6800000071525574
            ]
          }
        },
        "pelvisBottomM": 0.46000000104450733,
        "seatGapM": 1.0445073139742078e-9,
        "handFrontGapM": -0.19300011510081738,
        "handMinYM": 0.7910000445904404,
        "handBounds": {
          "min": [
            0.11500005862478375,
            0.7910000445904404,
            -0.9430001151008174
          ],
          "max": [
            0.48499991596815983,
            0.8290000480001988,
            -0.7869998422306601
          ]
        },
        "avatarTopM": 1.4010000507515685,
        "desktopInteriorVertices": 0,
        "tableTriangleHits": 0,
        "pedestalTriangleHits": 0
      }
    }
  },
  {
    "name": "Real-time exported browser playback and recording",
    "status": "PASS",
    "detail": {
      "samples": [
        {
          "clip": "coding_idle",
          "time": 0.5153000000000002,
          "mode": "sequence",
          "revision": 1,
          "paused": false,
          "pendingSegments": 5,
          "rootPosition": [
            0.30000001192092896,
            0,
            -0.36000001430511475
          ],
          "rootErrorM": 1.8621086318923273e-8,
          "chairRootErrorM": 1.8621086318923273e-8,
          "baseRootErrorM": 1.8621086318923273e-8,
          "chairYawDeg": 0,
          "bodyYawDeg": 0,
          "baseQuaternion": [
            0,
            0,
            0,
            1
          ],
          "avatarActionTime": 0.5153000000000002,
          "fixtureActionTime": 0.5153000000000002
        },
        {
          "clip": "coding_idle",
          "time": 1.0184999999999995,
          "mode": "sequence",
          "revision": 1,
          "paused": false,
          "pendingSegments": 5,
          "rootPosition": [
            0.30000001192092896,
            0,
            -0.36000001430511475
          ],
          "rootErrorM": 1.8621086318923273e-8,
          "chairRootErrorM": 1.8621086318923273e-8,
          "baseRootErrorM": 1.8621086318923273e-8,
          "chairYawDeg": 0,
          "bodyYawDeg": 0,
          "baseQuaternion": [
            0,
            0,
            0,
            1
          ],
          "avatarActionTime": 1.0184999999999995,
          "fixtureActionTime": 1.0184999999999995
        },
        {
          "clip": "notice_visitor",
          "time": 0.02770000000000166,
          "mode": "sequence",
          "revision": 1,
          "paused": false,
          "pendingSegments": 4,
          "rootPosition": [
            0.30000001192092896,
            0,
            -0.36000001430511475
          ],
          "rootErrorM": 1.8621086318923273e-8,
          "chairRootErrorM": 1.8621086318923273e-8,
          "baseRootErrorM": 1.8621086318923273e-8,
          "chairYawDeg": 0,
          "bodyYawDeg": 0,
          "baseQuaternion": [
            0,
            0,
            0,
            1
          ],
          "avatarActionTime": 0.02770000000000166,
          "fixtureActionTime": 0.02770000000000166
        },
        {
          "clip": "notice_visitor",
          "time": 0.530900000000001,
          "mode": "sequence",
          "revision": 1,
          "paused": false,
          "pendingSegments": 4,
          "rootPosition": [
            0.30000001192092896,
            0,
            -0.36000001430511475
          ],
          "rootErrorM": 1.8621086318923273e-8,
          "chairRootErrorM": 1.8621086318923273e-8,
          "baseRootErrorM": 1.8621086318923273e-8,
          "chairYawDeg": 0,
          "bodyYawDeg": 0,
          "baseQuaternion": [
            0,
            0,
            0,
            1
          ],
          "avatarActionTime": 0.530900000000001,
          "fixtureActionTime": 0.530900000000001
        },
        {
          "clip": "turn_to_visitor",
          "time": 0.4341000000000006,
          "mode": "sequence",
          "revision": 1,
          "paused": false,
          "pendingSegments": 3,
          "rootPosition": [
            0.30000001192092896,
            0,
            -0.36000001430511475
          ],
          "rootErrorM": 1.8621086318923273e-8,
          "chairRootErrorM": 1.8621086318923273e-8,
          "baseRootErrorM": 1.8621086318923273e-8,
          "chairYawDeg": 37.24040128570032,
          "bodyYawDeg": 37.24040254047098,
          "baseQuaternion": [
            0,
            0,
            0,
            1
          ],
          "avatarActionTime": 0.4341000000000006,
          "fixtureActionTime": 0.4341000000000006
        },
        {
          "clip": "turn_to_visitor",
          "time": 0.9372000000000004,
          "mode": "sequence",
          "revision": 1,
          "paused": false,
          "pendingSegments": 3,
          "rootPosition": [
            0.30000001192092896,
            0,
            -0.36000001430511475
          ],
          "rootErrorM": 1.8621086318923273e-8,
          "chairRootErrorM": 1.8621086318923273e-8,
          "baseRootErrorM": 1.8621086318923273e-8,
          "chairYawDeg": 109.62339007321752,
          "bodyYawDeg": 109.62338924055433,
          "baseQuaternion": [
            0,
            0,
            0,
            1
          ],
          "avatarActionTime": 0.9372000000000004,
          "fixtureActionTime": 0.9372000000000004
        },
        {
          "clip": "greeting_nod",
          "time": 0.24040000000000117,
          "mode": "sequence",
          "revision": 1,
          "paused": false,
          "pendingSegments": 2,
          "rootPosition": [
            0.30000001192092896,
            0,
            -0.36000001430511475
          ],
          "rootErrorM": 1.8621086318923273e-8,
          "chairRootErrorM": 1.8621086318923273e-8,
          "baseRootErrorM": 1.8621086318923273e-8,
          "chairYawDeg": 125.0000229114456,
          "bodyYawDeg": 125.00002384466273,
          "baseQuaternion": [
            0,
            0,
            0,
            1
          ],
          "avatarActionTime": 0.24040000000000117,
          "fixtureActionTime": 0.24040000000000117
        },
        {
          "clip": "greeting_nod",
          "time": 0.7436000000000008,
          "mode": "sequence",
          "revision": 1,
          "paused": false,
          "pendingSegments": 2,
          "rootPosition": [
            0.30000001192092896,
            0,
            -0.36000001430511475
          ],
          "rootErrorM": 1.8621086318923273e-8,
          "chairRootErrorM": 1.8621086318923273e-8,
          "baseRootErrorM": 1.8621086318923273e-8,
          "chairYawDeg": 125.0000229114456,
          "bodyYawDeg": 125.00002384466273,
          "baseQuaternion": [
            0,
            0,
            0,
            1
          ],
          "avatarActionTime": 0.7436000000000008,
          "fixtureActionTime": 0.7436000000000008
        },
        {
          "clip": "return_to_work",
          "time": 0.35280000000000045,
          "mode": "sequence",
          "revision": 1,
          "paused": false,
          "pendingSegments": 1,
          "rootPosition": [
            0.30000001192092896,
            0,
            -0.36000001430511475
          ],
          "rootErrorM": 1.8621086318923273e-8,
          "chairRootErrorM": 1.8621086318923273e-8,
          "baseRootErrorM": 1.8621086318923273e-8,
          "chairYawDeg": 87.71479808393349,
          "bodyYawDeg": 87.7148028505694,
          "baseQuaternion": [
            0,
            0,
            0,
            1
          ],
          "avatarActionTime": 0.35280000000000045,
          "fixtureActionTime": 0.35280000000000045
        },
        {
          "clip": "return_to_work",
          "time": 0.8560000000000006,
          "mode": "sequence",
          "revision": 1,
          "paused": false,
          "pendingSegments": 1,
          "rootPosition": [
            0.30000001192092896,
            0,
            -0.36000001430511475
          ],
          "rootErrorM": 1.8621086318923273e-8,
          "chairRootErrorM": 1.8621086318923273e-8,
          "baseRootErrorM": 1.8621086318923273e-8,
          "chairYawDeg": 5.202971358425419,
          "bodyYawDeg": 5.2029739801907455,
          "baseQuaternion": [
            0,
            0,
            0,
            1
          ],
          "avatarActionTime": 0.8560000000000006,
          "fixtureActionTime": 0.8560000000000006
        },
        {
          "clip": "coding_idle",
          "time": 0.07120000000000273,
          "mode": "coding",
          "revision": 1,
          "paused": false,
          "pendingSegments": 0,
          "rootPosition": [
            0.30000001192092896,
            0,
            -0.36000001430511475
          ],
          "rootErrorM": 1.8621086318923273e-8,
          "chairRootErrorM": 1.8621086318923273e-8,
          "baseRootErrorM": 1.8621086318923273e-8,
          "chairYawDeg": 0,
          "bodyYawDeg": 0,
          "baseQuaternion": [
            0,
            0,
            0,
            1
          ],
          "avatarActionTime": 0.07120000000000273,
          "fixtureActionTime": 0.07120000000000273
        },
        {
          "clip": "coding_idle",
          "time": 0.574500000000003,
          "mode": "coding",
          "revision": 1,
          "paused": false,
          "pendingSegments": 0,
          "rootPosition": [
            0.30000001192092896,
            0,
            -0.36000001430511475
          ],
          "rootErrorM": 1.8621086318923273e-8,
          "chairRootErrorM": 1.8621086318923273e-8,
          "baseRootErrorM": 1.8621086318923273e-8,
          "chairYawDeg": 0,
          "bodyYawDeg": 0,
          "baseQuaternion": [
            0,
            0,
            0,
            1
          ],
          "avatarActionTime": 0.574500000000003,
          "fixtureActionTime": 0.574500000000003
        },
        {
          "clip": "coding_idle",
          "time": 1.0777000000000025,
          "mode": "coding",
          "revision": 1,
          "paused": false,
          "pendingSegments": 0,
          "rootPosition": [
            0.30000001192092896,
            0,
            -0.36000001430511475
          ],
          "rootErrorM": 1.8621086318923273e-8,
          "chairRootErrorM": 1.8621086318923273e-8,
          "baseRootErrorM": 1.8621086318923273e-8,
          "chairYawDeg": 0,
          "bodyYawDeg": 0,
          "baseQuaternion": [
            0,
            0,
            0,
            1
          ],
          "avatarActionTime": 1.0777000000000025,
          "fixtureActionTime": 1.0777000000000025
        }
      ],
      "final": {
        "clip": "coding_idle",
        "time": 1.1140000000000025,
        "mode": "coding",
        "revision": 1,
        "paused": false,
        "pendingSegments": 0,
        "rootPosition": [
          0.30000001192092896,
          0,
          -0.36000001430511475
        ],
        "rootErrorM": 1.8621086318923273e-8,
        "chairRootErrorM": 1.8621086318923273e-8,
        "baseRootErrorM": 1.8621086318923273e-8,
        "chairYawDeg": 0,
        "bodyYawDeg": 0,
        "baseQuaternion": [
          0,
          0,
          0,
          1
        ],
        "avatarActionTime": 1.1140000000000025,
        "fixtureActionTime": 1.1140000000000025,
        "feet": {
          "footL": {
            "sole": 2.0708271471390464e-9,
            "maxY": 0.11000002044913693,
            "ankle": [
              0.1300000101327896,
              0.10999999940395355,
              -0.6800000071525574
            ]
          },
          "footR": {
            "sole": 2.0708271471390464e-9,
            "maxY": 0.11000002044913693,
            "ankle": [
              0.4700000137090683,
              0.10999999940395355,
              -0.6800000071525574
            ]
          }
        },
        "pelvisBottomM": 0.46000000104450733,
        "seatGapM": 1.0445073139742078e-9,
        "handFrontGapM": -0.19300016982009938,
        "handMinYM": 0.7917901092753055,
        "handBounds": {
          "min": [
            0.11500010575773023,
            0.7917901092753055,
            -0.9430001698200994
          ],
          "max": [
            0.4849999717457566,
            0.8298647420041321,
            -0.7869998665935515
          ]
        },
        "avatarTopM": 1.4010000507515685,
        "desktopInteriorVertices": 0,
        "tableTriangleHits": 0,
        "pedestalTriangleHits": 0
      },
      "recordingBytes": 712242
    }
  },
  {
    "name": "F1 desktop world bounds",
    "status": "PASS",
    "detail": {
      "isBox3": true,
      "min": {
        "x": -1.2999999523162842,
        "y": 0.6900000292807817,
        "z": -1.5499999821186066
      },
      "max": {
        "x": 1.2999999523162842,
        "y": 0.7500000279396772,
        "z": -0.7499999701976776
      }
    }
  },
  {
    "name": "No console errors or failing asset requests",
    "status": "PASS",
    "detail": []
  }
]
