chrome 154.0.8037.58 {"threeRevision":"180","userAgent":"Mozilla/5.0 (Windows NT 10.0; Win64; x64) AppleWebKit/537.36 (KHTML, like Gecko) HeadlessChrome/154.0.0.0 Safari/537.36","renderer":"ANGLE (NVIDIA, NVIDIA GeForce RTX 2060 (0x00001E89) Direct3D11 vs_5_0 ps_5_0, D3D11)","vendor":"Google Inc. (NVIDIA)","viewport":[1440,900],"canvas":[1140,800],"dpr":1,"cameras":{"proof":{"position":[-2.15,1.72,2.1],"target":[0,0.72,-0.64],"fov":44},"side":{"position":[2.25,1.4,-0.3],"target":[0.3,0.75,-0.55],"fov":42},"top":{"position":[0.3,3.5,-0.1],"target":[0.3,0,-0.5],"fov":43}},"clips":[[{"name":"coding_idle","seconds":6},{"name":"notice_visitor","seconds":0.6000000238418579},{"name":"turn_to_visitor","seconds":1.2000000476837158},{"name":"greeting_nod","seconds":0.8999999761581421},{"name":"return_to_work","seconds":1.2999999523162842}],[{"name":"coding_idle","seconds":6},{"name":"notice_visitor","seconds":0.6000000238418579},{"name":"turn_to_visitor","seconds":1.2000000476837158},{"name":"greeting_nod","seconds":0.8999999761581421},{"name":"return_to_work","seconds":1.2999999523162842}]],"bones":["body-turn","pelvis","spine","head","upper-armL","forearmL","handL","upper-armR","forearmR","handR","thighL","shinL","thighR","shinR","footL","footR"],"renderStats":{"frame":92,"calls":65,"triangles":10532,"points":0,"lines":0},"fixtureRoots":["chair-base","chair-root","fixture-static"],"avatarRoots":["resident","resident-body"],"desk":{"isBox3":true,"min":{"x":-1.2999999523162842,"y":0.6900000292807817,"z":-1.5499999821186066},"max":{"x":1.2999999523162842,"y":0.7500000279396772,"z":-0.7499999701976776}}} {"clip":"coding_idle","time":0,"mode":"coding","revision":0,"paused":false,"pendingSegments":0,"rootPosition":[0.30000001192092896,0,-0.36000001430511475],"rootErrorM":1.8621086318923273e-8,"chairRootErrorM":1.8621086318923273e-8,"baseRootErrorM":1.8621086318923273e-8,"chairYawDeg":0,"bodyYawDeg":0,"baseQuaternion":[0,0,0,1],"avatarActionTime":0,"fixtureActionTime":0,"feet":{"footL":{"sole":2.0708271471390464e-9,"maxY":0.11000002044913693,"ankle":[0.1300000101327896,0.10999999940395355,-0.6800000071525574]},"footR":{"sole":2.0708271471390464e-9,"maxY":0.11000002044913693,"ankle":[0.4700000137090683,0.10999999940395355,-0.6800000071525574]}},"pelvisBottomM":0.46000000104450733,"seatGapM":1.0445073139742078e-9,"handFrontGapM":-0.19300011510081738,"handMinYM":0.7910000445904404,"handBounds":{"min":[0.11500005862478375,0.7910000445904404,-0.9430001151008174],"max":[0.48499991596815983,0.8290000480001988,-0.7869998422306601]},"avatarTopM":1.4010000507515685,"desktopInteriorVertices":0,"tableTriangleHits":0,"pedestalTriangleHits":0}
[
  {
    "name": "All 60 Hz samples root and synchronized yaw",
    "status": "PASS"
  },
  {
    "name": "Runtime triangle versus desk/pedestals",
    "status": "PASS"
  },
  {
    "name": "Seat contact",
    "status": "PASS"
  },
  {
    "name": "Foot floor bounds",
    "status": "PASS"
  },
  {
    "name": "Planted foot displacement between samples",
    "status": "PASS"
  },
  {
    "name": "Hands withdrawn during yaw",
    "status": "PASS"
  },
  {
    "name": "125 degree coordinated greeting",
    "status": "PASS"
  },
  {
    "name": "Shared clip boundaries and coding loop",
    "status": "PASS"
  },
  {
    "name": "Five full cycles settle",
    "status": "PASS"
  },
  {
    "name": "25 cancellations settle without yaw reversal or stale work",
    "status": "PASS"
  },
  {
    "name": "25 immediate skips restore exact coding mesh",
    "status": "PASS"
  },
  {
    "name": "Double input and cancellation leave no stale sequence",
    "status": "PASS"
  },
  {
    "name": "Real-time exported browser playback and recording",
    "status": "PASS"
  },
  {
    "name": "F1 desktop world bounds",
    "status": "PASS"
  },
  {
    "name": "No console errors or failing asset requests",
    "status": "PASS"
  }
]
