[
  {
    "name": "avatar-proof.glb validator",
    "status": "PASS"
  },
  {
    "name": "avatar-proof.glb clip timing",
    "status": "PASS"
  },
  {
    "name": "avatar excludes furniture",
    "status": "PASS"
  },
  {
    "name": "skin at scene root",
    "status": "PASS"
  },
  {
    "name": "fixture-proof.glb validator",
    "status": "PASS"
  },
  {
    "name": "fixture-proof.glb clip timing",
    "status": "PASS"
  },
  {
    "name": "fixture integration roots",
    "status": "PASS"
  },
  {
    "name": "chair-root sole animated furniture node",
    "status": "PASS"
  }
]
