COMMAND: pnpm.cmd install --frozen-lockfile
CWD: C:\Users\yoray\Projects\Yor-World-RC5-c34e01b\app
SOURCE: c34e01bb5bff210d924f42d5266e2fa1ed13288e
STARTED: 2026-10-05T19:30:43.522720+00:00
Lockfile is up to date, resolution step is skipped
Progress: resolved 1, reused 0, downloaded 0, added 0
Packages: +404
++++++++++++++++++++++++++++++++++++++++++++++++++++++++++++++++++++++++++++++++
Progress: resolved 404, reused 0, downloaded 0, added 0
Progress: resolved 404, reused 8, downloaded 0, added 0
Progress: resolved 404, reused 26, downloaded 0, added 0
Progress: resolved 404, reused 74, downloaded 0, added 0
Progress: resolved 404, reused 103, downloaded 0, added 0
Progress: resolved 404, reused 256, downloaded 0, added 0
Progress: resolved 404, reused 403, downloaded 0, added 37
Progress: resolved 404, reused 403, downloaded 0, added 42
Progress: resolved 404, reused 403, downloaded 0, added 43
Progress: resolved 404, reused 403, downloaded 0, added 81
Progress: resolved 404, reused 403, downloaded 0, added 82
Progress: resolved 404, reused 403, downloaded 0, added 106
Progress: resolved 404, reused 403, downloaded 0, added 135
Progress: resolved 404, reused 403, downloaded 0, added 136
Progress: resolved 404, reused 403, downloaded 0, added 179
Progress: resolved 404, reused 403, downloaded 0, added 203
Progress: resolved 404, reused 403, downloaded 0, added 230
Progress: resolved 404, reused 403, downloaded 0, added 234
Progress: resolved 404, reused 403, downloaded 0, added 235
Progress: resolved 404, reused 403, downloaded 0, added 258
Progress: resolved 404, reused 403, downloaded 0, added 259
Progress: resolved 404, reused 403, downloaded 0, added 260
Progress: resolved 404, reused 403, downloaded 0, added 288
Progress: resolved 404, reused 403, downloaded 0, added 289
Progress: resolved 404, reused 403, downloaded 0, added 302
Progress: resolved 404, reused 403, downloaded 0, added 329
Progress: resolved 404, reused 403, downloaded 0, added 340
Progress: resolved 404, reused 403, downloaded 0, added 361
Progress: resolved 404, reused 403, downloaded 0, added 362
Progress: resolved 404, reused 403, downloaded 0, added 384
Progress: resolved 404, reused 403, downloaded 0, added 385
Progress: resolved 404, reused 403, downloaded 0, added 396
Progress: resolved 404, reused 403, downloaded 0, added 398
Progress: resolved 404, reused 403, downloaded 0, added 399
Progress: resolved 404, reused 403, downloaded 0, added 401
Progress: resolved 404, reused 403, downloaded 0, added 402
Progress: resolved 404, reused 403, downloaded 0, added 403
Progress: resolved 404, reused 404, downloaded 0, added 403
Progress: resolved 404, reused 404, downloaded 0, added 404
Progress: resolved 404, reused 404, downloaded 0, added 404, done

dependencies:
+ @supabase/ssr 0.12.7
+ @supabase/supabase-js 2.117.2
+ next 16.3.8
+ pg 8.16.3
+ react 19.3.0
+ react-dom 19.3.0
+ server-only 0.0.1
+ sharp 0.35.5
+ three 0.180.0
+ zod 4.6.5

devDependencies:
+ @axe-core/playwright 4.13.0
+ @electric-sql/pglite 0.5.8
+ @playwright/test 1.63.0
+ @types/node 24.19.0
+ @types/pg 8.15.5
+ @types/react 19.3.0
+ @types/react-dom 19.3.0
+ @types/three 0.180.0
+ eslint 9.39.5
+ eslint-config-next 16.3.8
+ gltf-validator 2.0.0-dev.3.10
+ typescript 6.0.3
+ vitest 5.0.2

Done in 2m 11.4s using pnpm v9.15.9

EXIT CODE: 0
