COMMAND: node scripts/release/check-performance-budgets.mjs --benchmark-dir deliveries/G6/rc5-candidate/evidence/performance --output deliveries/G6/rc5-candidate/budget-validation-receipt.json
CWD: C:\Users\yoray\Projects\Yor-World-RC5-c34e01b
SOURCE: c34e01bb5bff210d924f42d5266e2fa1ed13288e
STARTED: 2026-10-05T19:40:01.030457+00:00
PASS / pre-world JS: 186631 / 256000 bytes gzip
PASS / critical transfer: 203994 / 665600 bytes
PASS /about pre-world JS: 177188 / 256000 bytes gzip
PASS /about critical transfer: 190145 / 665600 bytes
PASS /contact pre-world JS: 179059 / 256000 bytes gzip
PASS /contact critical transfer: 191042 / 665600 bytes
PASS /resume pre-world JS: 177188 / 256000 bytes gzip
PASS /resume critical transfer: 190876 / 665600 bytes
PASS /projects pre-world JS: 177188 / 256000 bytes gzip
PASS /projects critical transfer: 189787 / 665600 bytes
PASS desktop essential assets: 2020880 / 6291456 bytes
PASS desktop active geometry upper bound: 21904 / 300000 triangles
PASS desktop asset-derived GPU upper bound: 21845331 / 167772160 bytes estimate
PASS mobile essential assets: 2021376 / 3145728 bytes
PASS mobile active geometry upper bound: 21904 / 140000 triangles
PASS mobile asset-derived GPU upper bound: 21845331 / 83886080 bytes estimate
PASS full optional production world: 4012608 / 14680064 bytes
PASS desktop-1440x900 cold DOMContentLoaded median: 148 / 3000 ms localhost lab
PASS mobile-390x844 cold DOMContentLoaded median: 133 / 3000 ms localhost lab
PASS narrow-320x600 cold DOMContentLoaded median: 129 / 3000 ms localhost lab
PASS active route frame median: 6.099999999998545 / 33.3 ms browser lab
PASS active route frame p95: 6.19999999999709 / 45 ms browser lab

EXIT CODE: 0
