COMMAND: pnpm.cmd install --frozen-lockfile
CWD: C:\Users\yoray\AppData\Local\Temp\yor-world-rc3-clean-final-d1376819a80a4a1ebe4363848024e6b5\app
STARTED: 2026-10-02T21:45:25.952649+00:00
Lockfile is up to date, resolution step is skipped
Progress: resolved 1, reused 0, downloaded 0, added 0
Packages: +404
++++++++++++++++++++++++++++++++++++++++++++++++++++++++++++++++++++++++++++++++
Progress: resolved 404, reused 403, downloaded 0, added 5
Progress: resolved 404, reused 404, downloaded 0, added 21
Progress: resolved 404, reused 404, downloaded 0, added 25
Progress: resolved 404, reused 404, downloaded 0, added 32
Progress: resolved 404, reused 404, downloaded 0, added 45
Progress: resolved 404, reused 404, downloaded 0, added 52
Progress: resolved 404, reused 404, downloaded 0, added 53
Progress: resolved 404, reused 404, downloaded 0, added 80
Progress: resolved 404, reused 404, downloaded 0, added 99
Progress: resolved 404, reused 404, downloaded 0, added 117
Progress: resolved 404, reused 404, downloaded 0, added 132
Progress: resolved 404, reused 404, downloaded 0, added 160
Progress: resolved 404, reused 404, downloaded 0, added 188
Progress: resolved 404, reused 404, downloaded 0, added 189
Progress: resolved 404, reused 404, downloaded 0, added 227
Progress: resolved 404, reused 404, downloaded 0, added 251
Progress: resolved 404, reused 404, downloaded 0, added 252
Progress: resolved 404, reused 404, downloaded 0, added 253
Progress: resolved 404, reused 404, downloaded 0, added 283
Progress: resolved 404, reused 404, downloaded 0, added 311
Progress: resolved 404, reused 404, downloaded 0, added 338
Progress: resolved 404, reused 404, downloaded 0, added 339
Progress: resolved 404, reused 404, downloaded 0, added 356
Progress: resolved 404, reused 404, downloaded 0, added 357
Progress: resolved 404, reused 404, downloaded 0, added 359
Progress: resolved 404, reused 404, downloaded 0, added 361
Progress: resolved 404, reused 404, downloaded 0, added 362
Progress: resolved 404, reused 404, downloaded 0, added 366
Progress: resolved 404, reused 404, downloaded 0, added 371
Progress: resolved 404, reused 404, downloaded 0, added 375
Progress: resolved 404, reused 404, downloaded 0, added 400
Progress: resolved 404, reused 404, downloaded 0, added 401
Progress: resolved 404, reused 404, downloaded 0, added 402
Progress: resolved 404, reused 404, downloaded 0, added 403
Progress: resolved 404, reused 404, downloaded 0, added 404
Progress: resolved 404, reused 404, downloaded 0, added 404, done

dependencies:
+ @supabase/ssr 0.12.7
+ @supabase/supabase-js 2.117.2
+ next 16.3.8
+ pg 8.16.3
+ react 19.3.0
+ react-dom 19.3.0
+ server-only 0.0.1
+ three 0.180.0
+ zod 4.6.5

devDependencies:
+ @axe-core/playwright 4.13.0
+ @electric-sql/pglite 0.5.8
+ @playwright/test 1.63.0
+ @types/node 24.19.0
+ @types/pg 8.15.5
+ @types/react 19.3.0
+ @types/react-dom 19.3.0
+ @types/three 0.180.0
+ eslint 9.39.5
+ eslint-config-next 16.3.8
+ gltf-validator 2.0.0-dev.3.10
+ typescript 6.0.3
+ vitest 5.0.2

Done in 1m 20.2s using pnpm v9.15.9

EXIT CODE: 0
