COMMAND: pnpm.cmd exec playwright test tests/e2e/accessibility.spec.ts --output test-results-accessibility
CWD: C:\Users\yoray\AppData\Local\Temp\yor-world-rc3-calibrated-final-93d8bcdbad3d477f9a98b1271dbf4c11\app
STARTED: 2026-10-03T03:44:41.257222+00:00
[WebServer] (node:25252) Warning: The 'NO_COLOR' env is ignored due to the 'FORCE_COLOR' env being set.
[WebServer] (Use `node --trace-warnings ...` to show where the warning was created)

Running 17 tests using 1 worker

(node:23848) Warning: The 'NO_COLOR' env is ignored due to the 'FORCE_COLOR' env being set.
(Use `node --trace-warnings ...` to show where the warning was created)
  ok  1 [chromium] › tests\e2e\accessibility.spec.ts:29:5 › C3 WCAG 2.2 AA Accessibility & Assistive Navigation › Axe automated accessibility audit on / (1.6s)
  ok  2 [chromium] › tests\e2e\accessibility.spec.ts:29:5 › C3 WCAG 2.2 AA Accessibility & Assistive Navigation › Axe automated accessibility audit on /projects (921ms)
  ok  3 [chromium] › tests\e2e\accessibility.spec.ts:29:5 › C3 WCAG 2.2 AA Accessibility & Assistive Navigation › Axe automated accessibility audit on /projects/helios (1.0s)
  ok  4 [chromium] › tests\e2e\accessibility.spec.ts:29:5 › C3 WCAG 2.2 AA Accessibility & Assistive Navigation › Axe automated accessibility audit on /projects/zenith (1.1s)
  ok  5 [chromium] › tests\e2e\accessibility.spec.ts:29:5 › C3 WCAG 2.2 AA Accessibility & Assistive Navigation › Axe automated accessibility audit on /projects/ai-vs-real (1.0s)
  ok  6 [chromium] › tests\e2e\accessibility.spec.ts:29:5 › C3 WCAG 2.2 AA Accessibility & Assistive Navigation › Axe automated accessibility audit on /projects/talks (979ms)
  ok  7 [chromium] › tests\e2e\accessibility.spec.ts:29:5 › C3 WCAG 2.2 AA Accessibility & Assistive Navigation › Axe automated accessibility audit on /admin/login (860ms)
  ok  8 [chromium] › tests\e2e\accessibility.spec.ts:29:5 › C3 WCAG 2.2 AA Accessibility & Assistive Navigation › Axe automated accessibility audit on /projects/candidatex (1.0s)
  ok  9 [chromium] › tests\e2e\accessibility.spec.ts:29:5 › C3 WCAG 2.2 AA Accessibility & Assistive Navigation › Axe automated accessibility audit on /about (1.0s)
  ok 10 [chromium] › tests\e2e\accessibility.spec.ts:29:5 › C3 WCAG 2.2 AA Accessibility & Assistive Navigation › Axe automated accessibility audit on /resume (998ms)
  ok 11 [chromium] › tests\e2e\accessibility.spec.ts:29:5 › C3 WCAG 2.2 AA Accessibility & Assistive Navigation › Axe automated accessibility audit on /contact (1.0s)
  ok 12 [chromium] › tests\e2e\accessibility.spec.ts:51:3 › C3 WCAG 2.2 AA Accessibility & Assistive Navigation › Logical heading structure and semantic landmarks exist on public shell (517ms)
  ok 13 [chromium] › tests\e2e\accessibility.spec.ts:67:3 › C3 WCAG 2.2 AA Accessibility & Assistive Navigation › Skip to content link allows direct keyboard-only bypass (498ms)
  ok 14 [chromium] › tests\e2e\accessibility.spec.ts:79:3 › C3 WCAG 2.2 AA Accessibility & Assistive Navigation › Interactive touch targets meet minimum 44x44 CSS px sizing requirement (572ms)
  ok 15 [chromium] › tests\e2e\accessibility.spec.ts:105:3 › C3 WCAG 2.2 AA Accessibility & Assistive Navigation › Reflow check: 320 CSS px viewport width without horizontal scrollbars (374ms)
  ok 16 [chromium] › tests\e2e\accessibility.spec.ts:116:3 › C3 WCAG 2.2 AA Accessibility & Assistive Navigation › Zoom / 200% reflow inspection (457ms)
  ok 17 [chromium] › tests\e2e\accessibility.spec.ts:129:3 › C3 WCAG 2.2 AA Accessibility & Assistive Navigation › Every published project destination is reachable without canvas or WebGL (624ms)

  17 passed (30.0s)

EXIT CODE: 0
