COMMAND: pnpm.cmd exec playwright test tests/e2e/full-stack-integration.spec.ts --grep "direct contact|real approved publication" --output test-results-correction
CWD: app
STARTED: 2026-10-02T21:21:02.526867+00:00
[WebServer] (node:18952) Warning: The 'NO_COLOR' env is ignored due to the 'FORCE_COLOR' env being set.
[WebServer] (Use `node --trace-warnings ...` to show where the warning was created)

Running 2 tests using 1 worker

(node:11468) Warning: The 'NO_COLOR' env is ignored due to the 'FORCE_COLOR' env being set.
(Use `node --trace-warnings ...` to show where the warning was created)
  ok 1 [chromium] › tests\e2e\full-stack-integration.spec.ts:59:3 › RC3 cross-lane full stack › direct contact needs no world and canonical API replays R2 receipts and rejects conflicts (1.4s)
  x  2 [chromium] › tests\e2e\full-stack-integration.spec.ts:92:3 › RC3 cross-lane full stack › a real approved publication update reaches project HTML and world navigation across requests (30.2s)


  1) [chromium] › tests\e2e\full-stack-integration.spec.ts:92:3 › RC3 cross-lane full stack › a real approved publication update reaches project HTML and world navigation across requests 

    Test timeout of 30000ms exceeded.

    Error: apiRequestContext.post: Target page, context or browser has been closed

      125 |     } finally {
      126 |       if (savedRevision !== undefined) {
    > 127 |         const restoredDraft = await request.post("/api/admin/projects", {
          |                                             ^
      128 |           headers, data: { projectId: "zenith", expectedRevision: savedRevision, project: draft.project },
      129 |         });
      130 |         expect(restoredDraft.status()).toBe(201);
        at C:\Users\yoray\Projects\Yor World\app\tests\e2e\full-stack-integration.spec.ts:127:45

    attachment #1: screenshot (image/png) ──────────────────────────────────────────────────────────
    test-results-correction\full-stack-integration-RC3-5bdea--navigation-across-requests-chromium\test-failed-1.png
    ────────────────────────────────────────────────────────────────────────────────────────────────

    Error Context: test-results-correction\full-stack-integration-RC3-5bdea--navigation-across-requests-chromium\error-context.md

  1 failed
    [chromium] › tests\e2e\full-stack-integration.spec.ts:92:3 › RC3 cross-lane full stack › a real approved publication update reaches project HTML and world navigation across requests 
  1 passed (44.1s)

EXIT CODE: 1
