COMMAND: "C:\Program Files\nodejs\node.EXE" C:\Users\yoray\AppData\Roaming\npm\node_modules\pnpm\bin\pnpm.cjs install --frozen-lockfile --store-dir C:\Users\yoray\AppData\Local\Temp\yor-world-a5-proof-w60a8aal\store --config.cache-dir=C:\Users\yoray\AppData\Local\Temp\yor-world-a5-proof-w60a8aal\cache
CWD: C:\Users\yoray\AppData\Local\Temp\yor-world-a5-proof-w60a8aal\app
Lockfile is up to date, resolution step is skipped
Progress: resolved 1, reused 0, downloaded 0, added 0
Packages: +387
++++++++++++++++++++++++++++++++++++++++++++++++++++++++++++++++++++++++++++++++
Progress: resolved 387, reused 0, downloaded 0, added 0
Progress: resolved 387, reused 0, downloaded 1, added 0
Progress: resolved 387, reused 0, downloaded 9, added 9
Progress: resolved 387, reused 0, downloaded 13, added 12
Progress: resolved 387, reused 0, downloaded 25, added 22
Progress: resolved 387, reused 0, downloaded 36, added 35
Progress: resolved 387, reused 0, downloaded 55, added 55
Progress: resolved 387, reused 0, downloaded 61, added 60
Progress: resolved 387, reused 0, downloaded 70, added 69
Progress: resolved 387, reused 0, downloaded 74, added 74
Progress: resolved 387, reused 0, downloaded 80, added 80
Progress: resolved 387, reused 0, downloaded 85, added 85
Progress: resolved 387, reused 0, downloaded 90, added 90
Progress: resolved 387, reused 0, downloaded 94, added 93
Progress: resolved 387, reused 0, downloaded 101, added 100
Progress: resolved 387, reused 0, downloaded 112, added 112
Progress: resolved 387, reused 0, downloaded 126, added 124
Progress: resolved 387, reused 0, downloaded 133, added 133
Progress: resolved 387, reused 0, downloaded 141, added 140
Progress: resolved 387, reused 0, downloaded 157, added 157
Progress: resolved 387, reused 0, downloaded 172, added 172
Progress: resolved 387, reused 0, downloaded 189, added 189
Progress: resolved 387, reused 0, downloaded 203, added 203
Progress: resolved 387, reused 0, downloaded 213, added 212
Progress: resolved 387, reused 0, downloaded 225, added 222
Progress: resolved 387, reused 0, downloaded 235, added 234
Progress: resolved 387, reused 0, downloaded 247, added 246
Progress: resolved 387, reused 0, downloaded 257, added 257
Progress: resolved 387, reused 0, downloaded 277, added 277
Progress: resolved 387, reused 0, downloaded 293, added 292
Progress: resolved 387, reused 0, downloaded 300, added 299
Progress: resolved 387, reused 0, downloaded 311, added 310
Progress: resolved 387, reused 0, downloaded 312, added 312
Progress: resolved 387, reused 0, downloaded 313, added 312
Progress: resolved 387, reused 0, downloaded 323, added 323
Progress: resolved 387, reused 0, downloaded 325, added 325
Progress: resolved 387, reused 0, downloaded 334, added 334
Progress: resolved 387, reused 0, downloaded 335, added 334
Progress: resolved 387, reused 0, downloaded 344, added 342
Progress: resolved 387, reused 0, downloaded 351, added 350
Progress: resolved 387, reused 0, downloaded 353, added 353
Progress: resolved 387, reused 0, downloaded 356, added 355
Progress: resolved 387, reused 0, downloaded 362, added 362
Progress: resolved 387, reused 0, downloaded 372, added 371
Progress: resolved 387, reused 0, downloaded 375, added 375
Progress: resolved 387, reused 0, downloaded 376, added 375
Progress: resolved 387, reused 0, downloaded 376, added 376
Progress: resolved 387, reused 0, downloaded 377, added 376
Progress: resolved 387, reused 0, downloaded 377, added 377
Progress: resolved 387, reused 0, downloaded 378, added 378
Progress: resolved 387, reused 0, downloaded 379, added 378
Progress: resolved 387, reused 0, downloaded 379, added 379
Progress: resolved 387, reused 0, downloaded 380, added 379
Progress: resolved 387, reused 0, downloaded 380, added 380
Progress: resolved 387, reused 0, downloaded 381, added 381
Progress: resolved 387, reused 0, downloaded 382, added 382
Progress: resolved 387, reused 0, downloaded 383, added 383
Progress: resolved 387, reused 0, downloaded 384, added 383
Progress: resolved 387, reused 0, downloaded 384, added 384
Progress: resolved 387, reused 0, downloaded 385, added 384
Progress: resolved 387, reused 0, downloaded 385, added 385
Progress: resolved 387, reused 0, downloaded 386, added 385
Progress: resolved 387, reused 0, downloaded 386, added 386
Progress: resolved 387, reused 0, downloaded 387, added 386
Progress: resolved 387, reused 0, downloaded 387, added 387
Progress: resolved 387, reused 0, downloaded 387, added 387, done
.../node_modules/unrs-resolver postinstall$ node postinstall.js
.../node_modules/unrs-resolver postinstall: Done

dependencies:
+ @supabase/ssr 0.12.7
+ @supabase/supabase-js 2.117.2
+ next 16.3.8
+ react 19.3.0
+ react-dom 19.3.0
+ three 0.180.0
+ zod 4.6.5

devDependencies:
+ @axe-core/playwright 4.13.0
+ @electric-sql/pglite 0.5.8
+ @playwright/test 1.63.0
+ @types/node 24.19.0
+ @types/react 19.3.0
+ @types/react-dom 19.3.0
+ @types/three 0.180.0
+ eslint 9.39.5
+ eslint-config-next 16.3.8
+ typescript 6.0.3
+ vitest 5.0.2

Done in 2m 33.2s using pnpm v9.15.9

EXIT: 0
