COMMAND: "C:\Program Files\nodejs\node.EXE" C:\Users\yoray\AppData\Roaming\npm\node_modules\pnpm\bin\pnpm.cjs typecheck
CWD: C:\Users\yoray\AppData\Local\Temp\yor-world-a5-proof-w60a8aal\app

> yor-world-a5-proof@0.1.0 typecheck C:\Users\yoray\AppData\Local\Temp\yor-world-a5-proof-w60a8aal\app
> tsc --noEmit

src/server/contact/email-adapter.ts(89,5): error TS2412: Type '{ retryable: boolean; error: string; statusCode?: number; } | undefined' is not assignable to type '{ retryable: boolean; error: string; statusCode?: number; }' with 'exactOptionalPropertyTypes: true'. Consider adding 'undefined' to the type of the target.
  Type 'undefined' is not assignable to type '{ retryable: boolean; error: string; statusCode?: number; }'.
src/server/contact/email-adapter.ts(94,7): error TS2322: Type '{ success: false; retryable: boolean; error: string; statusCode: number | undefined; }' is not assignable to type 'EmailSendResult'.
  Type '{ success: false; retryable: boolean; error: string; statusCode: number | undefined; }' is not assignable to type '{ success: false; retryable: boolean; error: string; statusCode?: number; }' with 'exactOptionalPropertyTypes: true'. Consider adding 'undefined' to the types of the target's properties.
    Types of property 'statusCode' are incompatible.
      Type 'number | undefined' is not assignable to type 'number'.
        Type 'undefined' is not assignable to type 'number'.
src/server/contact/outbox.ts(60,30): error TS18048: 'row' is possibly 'undefined'.
src/server/contact/outbox.ts(60,30): error TS2769: No overload matches this call.
  Overload 1 of 4, '(value: string | number | Date): Date', gave the following error.
    Argument of type 'unknown' is not assignable to parameter of type 'string | number | Date'.
  Overload 2 of 4, '(value: string | number): Date', gave the following error.
    Argument of type 'unknown' is not assignable to parameter of type 'string | number'.
src/server/contact/outbox.ts(65,5): error TS2322: Type 'unknown' is not assignable to type 'string'.
src/server/contact/outbox.ts(65,16): error TS18048: 'row' is possibly 'undefined'.
src/server/contact/outbox.ts(66,5): error TS2322: Type 'unknown' is not assignable to type 'string'.
src/server/contact/outbox.ts(66,18): error TS18048: 'row' is possibly 'undefined'.
src/server/contact/quota.ts(95,24): error TS18048: 'row' is possibly 'undefined'.
src/server/contact/quota.ts(96,33): error TS18048: 'row' is possibly 'undefined'.
src/server/contact/quota.ts(96,33): error TS2769: No overload matches this call.
  Overload 1 of 4, '(value: string | number | Date): Date', gave the following error.
    Argument of type 'unknown' is not assignable to parameter of type 'string | number | Date'.
  Overload 2 of 4, '(value: string | number): Date', gave the following error.
    Argument of type 'unknown' is not assignable to parameter of type 'string | number'.
src/server/jobs/outbox-worker.ts(38,35): error TS18048: 'delaySec' is possibly 'undefined'.
src/server/jobs/outbox-worker.ts(74,5): error TS2322: Type 'Record<string, unknown>[]' is not assignable to type '{ id: string; message_id: string; attempts: number; }[]'.
  Type 'Record<string, unknown>' is missing the following properties from type '{ id: string; message_id: string; attempts: number; }': id, message_id, attempts
src/server/jobs/outbox-worker.ts(117,9): error TS18048: 'msg' is possibly 'undefined'.
src/server/jobs/outbox-worker.ts(117,9): error TS2345: Argument of type 'unknown' is not assignable to parameter of type 'string'.
src/server/jobs/outbox-worker.ts(118,9): error TS18048: 'msg' is possibly 'undefined'.
src/server/jobs/outbox-worker.ts(119,9): error TS18048: 'msg' is possibly 'undefined'.
src/server/jobs/outbox-worker.ts(120,9): error TS18048: 'msg' is possibly 'undefined'.
src/server/jobs/outbox-worker.ts(121,18): error TS18048: 'msg' is possibly 'undefined'.
src/server/jobs/outbox-worker.ts(121,18): error TS2769: No overload matches this call.
  Overload 1 of 4, '(value: string | number | Date): Date', gave the following error.
    Argument of type 'unknown' is not assignable to parameter of type 'string | number | Date'.
  Overload 2 of 4, '(value: string | number): Date', gave the following error.
    Argument of type 'unknown' is not assignable to parameter of type 'string | number'.
src/server/jobs/outbox-worker.ts(130,11): error TS2322: Type 'unknown' is not assignable to type 'string'.
src/server/jobs/outbox-worker.ts(130,20): error TS18048: 'msg' is possibly 'undefined'.
tests/integration/contact.test.ts(179,44): error TS2571: Object is of type 'unknown'.
tests/integration/contact.test.ts(180,43): error TS2571: Object is of type 'unknown'.
tests/integration/contact.test.ts(370,37): error TS18046: 'r' is of type 'unknown'.
tests/integration/contact.test.ts(371,37): error TS18046: 'r' is of type 'unknown'.
tests/integration/contact.test.ts(427,14): error TS18046: 'row1' is of type 'unknown'.
tests/integration/contact.test.ts(428,14): error TS18046: 'row1' is of type 'unknown'.
tests/integration/contact.test.ts(429,23): error TS18046: 'row1' is of type 'unknown'.
tests/integration/contact.test.ts(436,14): error TS18046: 'row2' is of type 'unknown'.
tests/integration/contact.test.ts(437,23): error TS18046: 'row2' is of type 'unknown'.
tests/integration/contact.test.ts(446,14): error TS18046: 'rowFinal' is of type 'unknown'.
tests/integration/contact.test.ts(447,14): error TS18046: 'rowFinal' is of type 'unknown'.
 ELIFECYCLE  Command failed with exit code 2.

EXIT: 2
