COMMAND: "C:\Program Files\nodejs\node.EXE" C:\Users\yoray\AppData\Roaming\npm\node_modules\pnpm\bin\pnpm.cjs typecheck
CWD: C:\Users\yoray\AppData\Local\Temp\yor-world-a5-proof-w60a8aal\app

> yor-world-a5-proof@0.1.0 typecheck C:\Users\yoray\AppData\Local\Temp\yor-world-a5-proof-w60a8aal\app
> tsc --noEmit

src/server/contact/email-adapter.ts(89,5): error TS2412: Type '{ retryable: boolean; error: string; statusCode?: number; } | undefined' is not assignable to type '{ retryable: boolean; error: string; statusCode?: number; }' with 'exactOptionalPropertyTypes: true'. Consider adding 'undefined' to the type of the target.
  Type 'undefined' is not assignable to type '{ retryable: boolean; error: string; statusCode?: number; }'.
tests/integration/contact.test.ts(179,44): error TS7053: Element implicitly has an 'any' type because expression of type '"count"' can't be used to index type '{}'.
  Property 'count' does not exist on type '{}'.
tests/integration/contact.test.ts(180,43): error TS7053: Element implicitly has an 'any' type because expression of type '"count"' can't be used to index type '{}'.
  Property 'count' does not exist on type '{}'.
tests/integration/contact.test.ts(370,37): error TS18046: 'r' is of type 'unknown'.
tests/integration/contact.test.ts(371,44): error TS18046: 'r' is of type 'unknown'.
tests/integration/contact.test.ts(427,21): error TS7053: Element implicitly has an 'any' type because expression of type '"attempts"' can't be used to index type '{}'.
  Property 'attempts' does not exist on type '{}'.
tests/integration/contact.test.ts(428,14): error TS7053: Element implicitly has an 'any' type because expression of type '"status"' can't be used to index type '{}'.
  Property 'status' does not exist on type '{}'.
tests/integration/contact.test.ts(429,30): error TS7053: Element implicitly has an 'any' type because expression of type '"next_attempt_at"' can't be used to index type '{}'.
  Property 'next_attempt_at' does not exist on type '{}'.
tests/integration/contact.test.ts(436,21): error TS7053: Element implicitly has an 'any' type because expression of type '"attempts"' can't be used to index type '{}'.
  Property 'attempts' does not exist on type '{}'.
tests/integration/contact.test.ts(437,30): error TS7053: Element implicitly has an 'any' type because expression of type '"next_attempt_at"' can't be used to index type '{}'.
  Property 'next_attempt_at' does not exist on type '{}'.
tests/integration/contact.test.ts(446,14): error TS7053: Element implicitly has an 'any' type because expression of type '"status"' can't be used to index type '{}'.
  Property 'status' does not exist on type '{}'.
tests/integration/contact.test.ts(447,21): error TS7053: Element implicitly has an 'any' type because expression of type '"attempts"' can't be used to index type '{}'.
  Property 'attempts' does not exist on type '{}'.
 ELIFECYCLE  Command failed with exit code 2.

EXIT: 2
