COMMAND: "C:\Program Files\nodejs\node.EXE" C:\Users\yoray\AppData\Roaming\npm\node_modules\pnpm\bin\pnpm.cjs install --lockfile-only --store-dir C:\Users\yoray\AppData\Local\Temp\yor-world-a3-proof-65el__7z\store --config.cache-dir=C:\Users\yoray\AppData\Local\Temp\yor-world-a3-proof-65el__7z\cache
CWD: C:\Users\yoray\AppData\Local\Temp\yor-world-a3-proof-65el__7z\app
Progress: resolved 1, reused 0, downloaded 0, added 0
 WARN  deprecated eslint@9.39.5: This version is no longer supported. Please see https://eslint.org/version-support for other options.
Progress: resolved 6, reused 0, downloaded 0, added 0
Progress: resolved 11, reused 0, downloaded 0, added 0
Progress: resolved 14, reused 0, downloaded 0, added 0
Progress: resolved 15, reused 0, downloaded 0, added 0
Progress: resolved 17, reused 0, downloaded 0, added 0
Progress: resolved 18, reused 0, downloaded 0, added 0
Progress: resolved 40, reused 0, downloaded 0, added 0
Progress: resolved 64, reused 0, downloaded 0, added 0
Progress: resolved 83, reused 0, downloaded 0, added 0
Progress: resolved 90, reused 0, downloaded 0, added 0
Progress: resolved 99, reused 0, downloaded 0, added 0
Progress: resolved 110, reused 0, downloaded 0, added 0
Progress: resolved 139, reused 0, downloaded 0, added 0
Progress: resolved 170, reused 0, downloaded 0, added 0
Progress: resolved 197, reused 0, downloaded 0, added 0
Progress: resolved 222, reused 0, downloaded 0, added 0
Progress: resolved 252, reused 0, downloaded 0, added 0
Progress: resolved 282, reused 0, downloaded 0, added 0
Progress: resolved 304, reused 0, downloaded 0, added 0
Progress: resolved 336, reused 0, downloaded 0, added 0
Progress: resolved 368, reused 0, downloaded 0, added 0
Progress: resolved 399, reused 0, downloaded 0, added 0
Progress: resolved 411, reused 0, downloaded 0, added 0
Progress: resolved 422, reused 0, downloaded 0, added 0
Progress: resolved 428, reused 0, downloaded 0, added 0
Progress: resolved 432, reused 0, downloaded 0, added 0
Progress: resolved 433, reused 0, downloaded 0, added 0
Progress: resolved 435, reused 0, downloaded 0, added 0
Progress: resolved 436, reused 0, downloaded 0, added 0
Progress: resolved 440, reused 0, downloaded 0, added 0
Progress: resolved 442, reused 0, downloaded 0, added 0
Progress: resolved 447, reused 0, downloaded 0, added 0
Progress: resolved 470, reused 0, downloaded 0, added 0
Progress: resolved 471, reused 0, downloaded 0, added 0, done

Done in 35.7s using pnpm v9.15.9

EXIT: 0
