COMMAND: "C:\Program Files\nodejs\node.EXE" C:\Users\yoray\AppData\Roaming\npm\node_modules\pnpm\bin\pnpm.cjs install --frozen-lockfile --store-dir C:\Users\yoray\AppData\Local\Temp\yor-world-a3-proof-65el__7z\store --config.cache-dir=C:\Users\yoray\AppData\Local\Temp\yor-world-a3-proof-65el__7z\cache
CWD: C:\Users\yoray\AppData\Local\Temp\yor-world-a3-proof-65el__7z\app
Lockfile is up to date, resolution step is skipped
Progress: resolved 1, reused 0, downloaded 0, added 0
Packages: +387
++++++++++++++++++++++++++++++++++++++++++++++++++++++++++++++++++++++++++++++++
Progress: resolved 387, reused 0, downloaded 1, added 1
Progress: resolved 387, reused 0, downloaded 2, added 2
Progress: resolved 387, reused 0, downloaded 10, added 9
Progress: resolved 387, reused 0, downloaded 18, added 17
Progress: resolved 387, reused 0, downloaded 20, added 18
Progress: resolved 387, reused 0, downloaded 39, added 38
Progress: resolved 387, reused 0, downloaded 50, added 49
Progress: resolved 387, reused 0, downloaded 59, added 58
Progress: resolved 387, reused 0, downloaded 67, added 65
Progress: resolved 387, reused 0, downloaded 74, added 74
Progress: resolved 387, reused 0, downloaded 75, added 74
Progress: resolved 387, reused 0, downloaded 82, added 82
Progress: resolved 387, reused 0, downloaded 83, added 82
Progress: resolved 387, reused 0, downloaded 94, added 94
Progress: resolved 387, reused 0, downloaded 102, added 100
Progress: resolved 387, reused 0, downloaded 132, added 131
Progress: resolved 387, reused 0, downloaded 150, added 145
Progress: resolved 387, reused 0, downloaded 165, added 165
Progress: resolved 387, reused 0, downloaded 166, added 165
Progress: resolved 387, reused 0, downloaded 195, added 195
Progress: resolved 387, reused 0, downloaded 199, added 195
Progress: resolved 387, reused 0, downloaded 210, added 210
Progress: resolved 387, reused 0, downloaded 237, added 237
Progress: resolved 387, reused 0, downloaded 244, added 244
Progress: resolved 387, reused 0, downloaded 253, added 247
Progress: resolved 387, reused 0, downloaded 274, added 272
Progress: resolved 387, reused 0, downloaded 280, added 279
Progress: resolved 387, reused 0, downloaded 288, added 287
Progress: resolved 387, reused 0, downloaded 300, added 297
Progress: resolved 387, reused 0, downloaded 307, added 304
Progress: resolved 387, reused 0, downloaded 318, added 318
Progress: resolved 387, reused 0, downloaded 320, added 319
Progress: resolved 387, reused 0, downloaded 329, added 329
Progress: resolved 387, reused 0, downloaded 347, added 346
Progress: resolved 387, reused 0, downloaded 350, added 350
Progress: resolved 387, reused 0, downloaded 369, added 369
Progress: resolved 387, reused 0, downloaded 375, added 374
Progress: resolved 387, reused 0, downloaded 379, added 378
Progress: resolved 387, reused 0, downloaded 381, added 381
Progress: resolved 387, reused 0, downloaded 382, added 381
Progress: resolved 387, reused 0, downloaded 382, added 382
Progress: resolved 387, reused 0, downloaded 383, added 382
Progress: resolved 387, reused 0, downloaded 383, added 383
Progress: resolved 387, reused 0, downloaded 384, added 383
Progress: resolved 387, reused 0, downloaded 384, added 384
Progress: resolved 387, reused 0, downloaded 385, added 384
Progress: resolved 387, reused 0, downloaded 385, added 385
Progress: resolved 387, reused 0, downloaded 386, added 385
Progress: resolved 387, reused 0, downloaded 386, added 386
Progress: resolved 387, reused 0, downloaded 387, added 386
Progress: resolved 387, reused 0, downloaded 387, added 387, done
.../node_modules/unrs-resolver postinstall$ node postinstall.js
.../node_modules/unrs-resolver postinstall: Done

dependencies:
+ @supabase/ssr 0.12.7
+ @supabase/supabase-js 2.117.2
+ next 16.3.8
+ react 19.3.0
+ react-dom 19.3.0
+ three 0.180.0
+ zod 4.6.5

devDependencies:
+ @axe-core/playwright 4.13.0
+ @electric-sql/pglite 0.5.8
+ @playwright/test 1.63.0
+ @types/node 24.19.0
+ @types/react 19.3.0
+ @types/react-dom 19.3.0
+ @types/three 0.180.0
+ eslint 9.39.5
+ eslint-config-next 16.3.8
+ typescript 6.0.3
+ vitest 5.0.2

Done in 1m 26.6s using pnpm v9.15.9

EXIT: 0
