COMMAND: "C:\Program Files\nodejs\node.EXE" C:\Users\yoray\AppData\Roaming\npm\node_modules\pnpm\bin\pnpm.cjs build
CWD: C:\Users\yoray\AppData\Local\Temp\yor-world-a3-proof-65el__7z\app

> yor-world-a3-proof@0.1.0 build C:\Users\yoray\AppData\Local\Temp\yor-world-a3-proof-65el__7z\app
> next build

▲ Next.js 16.3.8 (Turbopack)
✓ Running next.config.ts took 903ms
⚠ No build cache found. Please configure build caching for faster rebuilds. Read more: https://nextjs.org/docs/messages/no-cache

  Creating an optimized production build ...
✓ Compiled successfully in 5.7s
  Running TypeScript ...
  Finished TypeScript in 4.8s ...
  Collecting page data using 11 workers ...
  Generating static pages using 11 workers (0/15) ...
  Generating static pages using 11 workers (3/15) 
  Generating static pages using 11 workers (7/15) 
  Generating static pages using 11 workers (11/15) 
✓ Generating static pages using 11 workers (15/15) in 483ms
  Finalizing page optimization ...

Route (app)
┌ ○ /
├ ○ /_not-found
├ ○ /about
├ ○ /admin
├ ○ /admin/login
├ ƒ /api/admin/audit
├ ƒ /api/admin/projects
├ ƒ /api/admin/verify
├ ○ /contact
├ ○ /projects
├   /projects/[slug]
│ ├ ● /projects/ai-vs-real
│ ├ ● /projects/zenith
│ ├ ● /projects/helios
│ └ ● /projects/talks
├ ○ /resume
├ ○ /robots.txt
└ ○ /sitemap.xml


○  (Static)   prerendered as static content
●  (SSG)      prerendered as static HTML (uses generateStaticParams)
ƒ  (Dynamic)  server-rendered on demand


EXIT: 0
