
 RUN  v5.0.2 C:/Users/yoray/Projects/Yor World/deliveries/FINISH-A1/r4/verification/app

 ❯ tests/integration/platform/completion-authoring-preview.test.ts (0 test)

⎯⎯⎯⎯⎯⎯ Failed Suites 1 ⎯⎯⎯⎯⎯⎯⎯

 FAIL  tests/integration/platform/completion-authoring-preview.test.ts [ tests/integration/platform/completion-authoring-preview.test.ts ]
Error: Transform failed with 2 errors:

[PARSE_ERROR] Invalid Unicode escape sequence
   ╭─[ tests/integration/platform/completion-authoring-preview.test.ts:5:54 ]
   │
 5 │ import {readFile,writeFile} from 'node:fs/promises';\nimport {resolve} from 'node:path';
   │                                                      ┬  
   │                                                      ╰── 
───╯

[PARSE_ERROR] Keywords cannot contain escape characters
   ╭─[ tests/integration/platform/completion-authoring-preview.test.ts:5:53 ]
   │
 5 │ import {readFile,writeFile} from 'node:fs/promises';\nimport {resolve} from 'node:path';
   │                                                     ────┬───  
   │                                                         ╰───── 
───╯

  Plugin: vite:oxc
  File: C:/Users/yoray/Projects/Yor World/deliveries/FINISH-A1/r4/verification/app/tests/integration/platform/completion-authoring-preview.test.ts
 ❯ transformWithOxc ../../../../../../Yor%20World/deliveries/FINISH-A1/r4/verification/app/node_modules/.pnpm/vite@8.3.1_@types+node@24.19.0/node_modules/vite/dist/node/chunks/node.js:7551:19
 ❯ TransformPluginContext.transform ../../../../../../Yor%20World/deliveries/FINISH-A1/r4/verification/app/node_modules/.pnpm/vite@8.3.1_@types+node@24.19.0/node_modules/vite/dist/node/chunks/node.js:7623:26
 ❯ EnvironmentPluginContainer.transform ../../../../../../Yor%20World/deliveries/FINISH-A1/r4/verification/app/node_modules/.pnpm/vite@8.3.1_@types+node@24.19.0/node_modules/vite/dist/node/chunks/node.js:8515:51

 Test Files  1 failed (1)
      Tests  no tests
   Start at  05:25:42
   Duration  213ms (worker 96%, environment 4%)

 ❯ loadAndTransform ../../../../../../Yor%20World/deliveries/FINISH-A1/r4/verification/app/node_modules/.pnpm/vite@8.3.1_@types+node@24.19.0/node_modules/vite/dist/node/chunks/node.js:19998:26

⎯⎯⎯⎯⎯⎯⎯⎯⎯⎯⎯⎯⎯⎯⎯⎯⎯⎯⎯⎯⎯⎯⎯⎯[1/1]⎯

