COMMAND=pnpm exec playwright test tests/e2e/platform/admin-publish.spec.ts tests/e2e/platform/completion-authoring-workflow.spec.ts --project=chromium --workers=1 --reporter=list
BASE_COMMIT=f62a43c5e71c00dcb89e28275ea81d842167db80
CANDIDATE_APP_TREE=ae4f54e366774969dfd202806451e7e4ec66d10b
STARTED=2026-10-11T00:53:56.417Z
WORKTREE_MATCHED_INDEX=true

Running 10 tests using 1 worker

  ok  1 [chromium] › tests\e2e\platform\admin-publish.spec.ts:48:3 › Milestone A4: Project Editor & Publication Management E2E › admin navigation includes links to Dashboard, Editor, and Publish (2.1s)
  ok  2 [chromium] › tests\e2e\platform\admin-publish.spec.ts:63:3 › Milestone A4: Project Editor & Publication Management E2E › loads project editor with structured editing controls (1.5s)
  ok  3 [chromium] › tests\e2e\platform\admin-publish.spec.ts:94:3 › Milestone A4: Project Editor & Publication Management E2E › loads publish review with pre-flight checklist and publication history table (858ms)
  ok  4 [chromium] › tests\e2e\platform\admin-publish.spec.ts:126:3 › Milestone A4: Project Editor & Publication Management E2E › edits, saves, reloads, and privately previews CandidateX without adding it to public pages (2.1s)
  ok  5 [chromium] › tests\e2e\platform\admin-publish.spec.ts:146:3 › Milestone A4: Project Editor & Publication Management E2E › editor and publish interfaces require zero WebGL, canvas, or 3D models (1.1s)
  ok  6 [chromium] › tests\e2e\platform\admin-publish.spec.ts:163:3 › Milestone A4: Project Editor & Publication Management E2E › public portfolio continues to serve approved snapshot with no private media leakage (824ms)
  ok  7 [chromium] › tests\e2e\platform\completion-authoring-workflow.spec.ts:19:3 › A1 completion authoring and publication workflow › edits all block variants, ordering, picker empty state, save/reopen/cancel, and preserves a failed buffer (3.0s)
  ok  8 [chromium] › tests\e2e\platform\completion-authoring-workflow.spec.ts:92:3 › A1 completion authoring and publication workflow › two open editor sessions reject the stale save and retain its unsaved value (6.7s)
  ok  9 [chromium] › tests\e2e\platform\completion-authoring-workflow.spec.ts:115:3 › A1 completion authoring and publication workflow › publishes from a fresh review, states edge visibility limits, then rolls back with a reason (1.5s)
  ok 10 [chromium] › tests\e2e\platform\completion-authoring-workflow.spec.ts:141:3 › A1 completion authoring and publication workflow › keeps private APIs isolated for anonymous callers and never publishes the CandidateX sentinel (1.1s)

  10 passed (31.6s)
[WebServer] (node:49632) Warning: The 'NO_COLOR' env is ignored due to the 'FORCE_COLOR' env being set.
[WebServer] (Use `node --trace-warnings ...` to show where the warning was created)
(node:47028) Warning: The 'NO_COLOR' env is ignored due to the 'FORCE_COLOR' env being set.
(Use `node --trace-warnings ...` to show where the warning was created)

EXIT=0
CANDIDATE_APP_TREE_AFTER=ae4f54e366774969dfd202806451e7e4ec66d10b
