BASE_COMMIT=f62a43c5e71c00dcb89e28275ea81d842167db80
CANDIDATE_APP_TREE=ae4f54e366774969dfd202806451e7e4ec66d10b
WORKTREE_MATCHED_INDEX=true
COMMAND=pnpm run build

> yor-world@1.0.0-rc6 build C:\Users\yoray\Projects\Yor World\deliveries\FINISH-A1\r4\verification\app
> next build

▲ Next.js 16.3.8 (Turbopack)
✓ Running next.config.ts took 89ms

  Creating an optimized production build ...
✓ Compiled successfully in 2.6s
  Running TypeScript ...
  Finished TypeScript in 9.5s ...
  Collecting page data using 11 workers ...
  Generating static pages using 11 workers (0/7) ...
  Generating static pages using 11 workers (1/7) 
  Generating static pages using 11 workers (3/7) 
  Generating static pages using 11 workers (5/7) 
✓ Generating static pages using 11 workers (7/7) in 603ms
  Finalizing page optimization ...

Route (app)
┌ ƒ /
├ ƒ /_not-found
├ ƒ /about
├ ƒ /admin
├ ƒ /admin/editor
├ ƒ /admin/login
├ ƒ /admin/preview
├ ƒ /admin/preview/[slug]
├ ƒ /admin/publish
├ ƒ /api/admin/audit
├ ƒ /api/admin/media
├ ƒ /api/admin/media/[id]
├ ƒ /api/admin/media/[id]/approve
├ ƒ /api/admin/preview
├ ƒ /api/admin/preview/media/[id]
├ ƒ /api/admin/projects
├ ƒ /api/admin/publish
├ ƒ /api/admin/rollback
├ ƒ /api/admin/verify
├ ƒ /api/contact
├ ƒ /api/events
├ ƒ /api/github
├ ƒ /api/health
├ ƒ /api/internal/jobs/[job]
├ ƒ /contact
├ ƒ /projects
├ ƒ /projects/[slug]
├ ƒ /resume
├ ○ /robots.txt
└ ƒ /sitemap.xml


ƒ Proxy (Middleware)

○  (Static)   prerendered as static content
ƒ  (Dynamic)  server-rendered on demand


EXIT=0
