COMMAND: pnpm build
EXIT: 0


> yor-world-platform-proof@0.1.0 build C:\Users\yoray\AppData\Local\Temp\yor-world-w3-440487a07c3c41d6bf0923e721cff444\app
> next build

Gû¦ Next.js 16.3.7 (Turbopack)
G£ô Running next.config.ts took 49ms

  Creating an optimized production build ...
G£ô Compiled successfully in 244ms
  Running TypeScript ...
  Finished TypeScript in 2.1s ...
  Collecting page data using 8 workers ...
  Generating static pages using 8 workers (0/7) ...
  Generating static pages using 8 workers (1/7) 
  Generating static pages using 8 workers (3/7) 
  Generating static pages using 8 workers (5/7) 
G£ô Generating static pages using 8 workers (7/7) in 702ms
  Finalizing page optimization ...

Route (app)
Göî Gùï /
Gö£ Gùï /_not-found
Gö£ Gùï /about
Gö£ Gùï /contact
Gö£ Gùï /projects
Göö Gùï /resume


Gùï  (Static)  prerendered as static content

