▲ Next.js 16.3.8 (Turbopack)
✓ Running next.config.ts took 690ms

  Creating an optimized production build ...
✓ Compiled successfully in 7.8s
  Running TypeScript ...
  Finished TypeScript in 11.5s ...
  Collecting page data using 8 workers ...
  Generating static pages using 8 workers (0/7) ...
  Generating static pages using 8 workers (1/7) 
  Generating static pages using 8 workers (3/7) 
  Generating static pages using 8 workers (5/7) 
✓ Generating static pages using 8 workers (7/7) in 667ms
  Finalizing page optimization ...

Route (app)
┌ ○ /
├ ○ /_not-found
├ ○ /about
├ ○ /contact
├ ○ /projects
└ ○ /resume


○  (Static)  prerendered as static content

