Lockfile is up to date, resolution step is skipped
Progress: resolved 1, reused 0, downloaded 0, added 0
Packages: +376
++++++++++++++++++++++++++++++++++++++++++++++++++++++++++++++++++++++++++++++++
Progress: resolved 376, reused 17, downloaded 0, added 0
Progress: resolved 376, reused 221, downloaded 0, added 0
Progress: resolved 376, reused 318, downloaded 0, added 0
Progress: resolved 376, reused 372, downloaded 0, added 2
Progress: resolved 376, reused 376, downloaded 0, added 59
Progress: resolved 376, reused 376, downloaded 0, added 199
Progress: resolved 376, reused 376, downloaded 0, added 212
Progress: resolved 376, reused 376, downloaded 0, added 328
Progress: resolved 376, reused 376, downloaded 0, added 358
Progress: resolved 376, reused 376, downloaded 0, added 374
Progress: resolved 376, reused 376, downloaded 0, added 375
Progress: resolved 376, reused 376, downloaded 0, added 376
Progress: resolved 376, reused 376, downloaded 0, added 376, done

dependencies:
+ next 16.3.8
+ react 19.3.0
+ react-dom 19.3.0
+ three 0.180.0
+ zod 4.6.5

devDependencies:
+ @axe-core/playwright 4.13.0
+ @playwright/test 1.63.0
+ @types/node 24.19.0
+ @types/react 19.3.0
+ @types/react-dom 19.3.0
+ @types/three 0.180.0
+ eslint 9.39.5
+ eslint-config-next 16.3.8
+ typescript 6.0.3
+ vitest 5.0.2

Done in 29.9s using pnpm v9.15.9
