
> yor-world@1.0.0-rc2 build C:\Users\yoray\Projects\Yor World\deliveries\C3\source
> next build

Γû▓ Next.js 16.3.8 (Turbopack)
- Environments: .env.local
Γ£ô Running next.config.ts took 73ms

  Creating an optimized production build ...
Γ£ô Compiled successfully in 3.2s
  Running TypeScript ...
  Finished TypeScript in 3.8s ...
  Collecting page data using 11 workers ...
  Generating static pages using 11 workers (0/13) ...
  Generating static pages using 11 workers (3/13) 
  Generating static pages using 11 workers (6/13) 
  Generating static pages using 11 workers (9/13) 
Γ£ô Generating static pages using 11 workers (13/13) in 1473ms
  Finalizing page optimization ...

Route (app)
Γöî Γùï /
Γö£ Γùï /_not-found
Γö£ Γùï /about
Γö£ Γùï /contact
Γö£ Γùï /projects
Γö£   /projects/[slug]
Γöé Γö£ ΓùÅ /projects/ai-vs-real
Γöé Γö£ ΓùÅ /projects/zenith
Γöé Γö£ ΓùÅ /projects/helios
Γöé Γöö ΓùÅ /projects/talks
Γö£ Γùï /resume
Γö£ Γùï /robots.txt
Γöö Γùï /sitemap.xml


Γùï  (Static)  prerendered as static content
ΓùÅ  (SSG)     prerendered as static HTML (uses generateStaticParams)

