COMMAND: pnpm exec playwright test tests/e2e/accessibility.spec.ts --output /home/runner/work/_temp/yor-world-rc6-r5-37650368911/deliveries/G7/rc6-candidate-r5/evidence/accessibility/test-results
CWD: /home/runner/work/_temp/yor-world-rc6-r5-37650368911/app
SOURCE: e461e029a1b38c461743d60dcd4aadb599613218
STARTED: 2026-10-07T16:20:03.400167+00:00

Running 17 tests using 1 worker

  ✓   1 [chromium] › tests/e2e/accessibility.spec.ts:29:5 › C3 WCAG 2.2 AA Accessibility & Assistive Navigation › Axe automated accessibility audit on / (1.2s)
  ✓   2 [chromium] › tests/e2e/accessibility.spec.ts:29:5 › C3 WCAG 2.2 AA Accessibility & Assistive Navigation › Axe automated accessibility audit on /projects (1.1s)
  ✓   3 [chromium] › tests/e2e/accessibility.spec.ts:29:5 › C3 WCAG 2.2 AA Accessibility & Assistive Navigation › Axe automated accessibility audit on /projects/helios (1.1s)
  ✓   4 [chromium] › tests/e2e/accessibility.spec.ts:29:5 › C3 WCAG 2.2 AA Accessibility & Assistive Navigation › Axe automated accessibility audit on /projects/zenith (1.1s)
  ✓   5 [chromium] › tests/e2e/accessibility.spec.ts:29:5 › C3 WCAG 2.2 AA Accessibility & Assistive Navigation › Axe automated accessibility audit on /projects/ai-vs-real (1.1s)
  ✓   6 [chromium] › tests/e2e/accessibility.spec.ts:29:5 › C3 WCAG 2.2 AA Accessibility & Assistive Navigation › Axe automated accessibility audit on /projects/talks (1.1s)
  ✓   7 [chromium] › tests/e2e/accessibility.spec.ts:29:5 › C3 WCAG 2.2 AA Accessibility & Assistive Navigation › Axe automated accessibility audit on /admin/login (1.0s)
  ✓   8 [chromium] › tests/e2e/accessibility.spec.ts:29:5 › C3 WCAG 2.2 AA Accessibility & Assistive Navigation › Axe automated accessibility audit on /projects/candidatex (929ms)
  ✓   9 [chromium] › tests/e2e/accessibility.spec.ts:29:5 › C3 WCAG 2.2 AA Accessibility & Assistive Navigation › Axe automated accessibility audit on /about (1.0s)
  ✓  10 [chromium] › tests/e2e/accessibility.spec.ts:29:5 › C3 WCAG 2.2 AA Accessibility & Assistive Navigation › Axe automated accessibility audit on /resume (1.1s)
  ✓  11 [chromium] › tests/e2e/accessibility.spec.ts:29:5 › C3 WCAG 2.2 AA Accessibility & Assistive Navigation › Axe automated accessibility audit on /contact (1.0s)
  ✓  12 [chromium] › tests/e2e/accessibility.spec.ts:51:3 › C3 WCAG 2.2 AA Accessibility & Assistive Navigation › Logical heading structure and semantic landmarks exist on public shell (529ms)
  ✓  13 [chromium] › tests/e2e/accessibility.spec.ts:67:3 › C3 WCAG 2.2 AA Accessibility & Assistive Navigation › Skip to content link allows direct keyboard-only bypass (515ms)
  ✓  14 [chromium] › tests/e2e/accessibility.spec.ts:79:3 › C3 WCAG 2.2 AA Accessibility & Assistive Navigation › Interactive touch targets meet minimum 44x44 CSS px sizing requirement (581ms)
  ✓  15 [chromium] › tests/e2e/accessibility.spec.ts:105:3 › C3 WCAG 2.2 AA Accessibility & Assistive Navigation › Reflow check: 320 CSS px viewport width without horizontal scrollbars (386ms)
  ✓  16 [chromium] › tests/e2e/accessibility.spec.ts:116:3 › C3 WCAG 2.2 AA Accessibility & Assistive Navigation › Zoom / 200% reflow inspection (433ms)
  ✓  17 [chromium] › tests/e2e/accessibility.spec.ts:129:3 › C3 WCAG 2.2 AA Accessibility & Assistive Navigation › Every published project destination is reachable without canvas or WebGL (590ms)

  17 passed (18.6s)

EXIT CODE: 0
