COMMAND: "C:\Program Files\nodejs\node.EXE" C:\Users\yoray\AppData\Roaming\npm\node_modules\pnpm\bin\pnpm.cjs install --frozen-lockfile --store-dir C:\Users\yoray\AppData\Local\Temp\yor-world-g6-platform-rc-4hfliqa3\store --config.cache-dir=C:\Users\yoray\AppData\Local\Temp\yor-world-g6-platform-rc-4hfliqa3\cache
CWD: C:\Users\yoray\AppData\Local\Temp\yor-world-g6-platform-rc-4hfliqa3\app
Lockfile is up to date, resolution step is skipped
Progress: resolved 1, reused 0, downloaded 0, added 0
Packages: +387
++++++++++++++++++++++++++++++++++++++++++++++++++++++++++++++++++++++++++++++++
Progress: resolved 387, reused 0, downloaded 0, added 0
Progress: resolved 387, reused 0, downloaded 5, added 4
Progress: resolved 387, reused 0, downloaded 10, added 8
Progress: resolved 387, reused 0, downloaded 19, added 13
Progress: resolved 387, reused 0, downloaded 28, added 27
Progress: resolved 387, reused 0, downloaded 29, added 27
Progress: resolved 387, reused 0, downloaded 55, added 55
Progress: resolved 387, reused 0, downloaded 56, added 55
Progress: resolved 387, reused 0, downloaded 63, added 63
Progress: resolved 387, reused 0, downloaded 72, added 72
Progress: resolved 387, reused 0, downloaded 76, added 75
Progress: resolved 387, reused 0, downloaded 83, added 83
Progress: resolved 387, reused 0, downloaded 84, added 83
Progress: resolved 387, reused 0, downloaded 101, added 99
Progress: resolved 387, reused 0, downloaded 114, added 113
Progress: resolved 387, reused 0, downloaded 115, added 113
Progress: resolved 387, reused 0, downloaded 133, added 132
Progress: resolved 387, reused 0, downloaded 153, added 151
Progress: resolved 387, reused 0, downloaded 163, added 160
Progress: resolved 387, reused 0, downloaded 186, added 185
Progress: resolved 387, reused 0, downloaded 195, added 195
Progress: resolved 387, reused 0, downloaded 216, added 216
Progress: resolved 387, reused 0, downloaded 222, added 222
Progress: resolved 387, reused 0, downloaded 239, added 239
Progress: resolved 387, reused 0, downloaded 257, added 254
Progress: resolved 387, reused 0, downloaded 283, added 280
Progress: resolved 387, reused 0, downloaded 290, added 288
Progress: resolved 387, reused 0, downloaded 300, added 298
Progress: resolved 387, reused 0, downloaded 312, added 312
Progress: resolved 387, reused 0, downloaded 320, added 318
Progress: resolved 387, reused 0, downloaded 327, added 324
Progress: resolved 387, reused 0, downloaded 339, added 337
Progress: resolved 387, reused 0, downloaded 342, added 341
Progress: resolved 387, reused 0, downloaded 346, added 344
Progress: resolved 387, reused 0, downloaded 364, added 364
Progress: resolved 387, reused 0, downloaded 369, added 368
Progress: resolved 387, reused 0, downloaded 378, added 376
Progress: resolved 387, reused 0, downloaded 379, added 376
Progress: resolved 387, reused 0, downloaded 381, added 379
Progress: resolved 387, reused 0, downloaded 381, added 381
Progress: resolved 387, reused 0, downloaded 384, added 384
Progress: resolved 387, reused 0, downloaded 385, added 384
Progress: resolved 387, reused 0, downloaded 386, added 385
Progress: resolved 387, reused 0, downloaded 386, added 386
Progress: resolved 387, reused 0, downloaded 387, added 386
Progress: resolved 387, reused 0, downloaded 387, added 387
Progress: resolved 387, reused 0, downloaded 387, added 387, done
.../node_modules/unrs-resolver postinstall$ node postinstall.js
.../node_modules/unrs-resolver postinstall: Done

dependencies:
+ @supabase/ssr 0.12.7
+ @supabase/supabase-js 2.117.2
+ next 16.3.8
+ react 19.3.0
+ react-dom 19.3.0
+ three 0.180.0
+ zod 4.6.5

devDependencies:
+ @axe-core/playwright 4.13.0
+ @electric-sql/pglite 0.5.8
+ @playwright/test 1.63.0
+ @types/node 24.19.0
+ @types/react 19.3.0
+ @types/react-dom 19.3.0
+ @types/three 0.180.0
+ eslint 9.39.5
+ eslint-config-next 16.3.8
+ typescript 6.0.3
+ vitest 5.0.2

Done in 1m 27.1s using pnpm v9.15.9

EXIT: 0
