COMMAND: "C:\Program Files\nodejs\node.EXE" C:\Users\yoray\AppData\Roaming\npm\node_modules\pnpm\bin\pnpm.cjs install --lockfile-only --store-dir C:\Users\yoray\AppData\Local\Temp\yor-world-w3-a1-r2-4_uuwl01\store --config.cache-dir=C:\Users\yoray\AppData\Local\Temp\yor-world-w3-a1-r2-4_uuwl01\cache
CWD: C:\Users\yoray\AppData\Local\Temp\yor-world-w3-a1-r2-4_uuwl01\app
Progress: resolved 1, reused 0, downloaded 0, added 0
 WARN  deprecated eslint@9.39.5: This version is no longer supported. Please see https://eslint.org/version-support for other options.
Progress: resolved 9, reused 0, downloaded 0, added 0
Progress: resolved 12, reused 0, downloaded 0, added 0
Progress: resolved 23, reused 0, downloaded 0, added 0
Progress: resolved 71, reused 0, downloaded 0, added 0
Progress: resolved 75, reused 0, downloaded 0, added 0
Progress: resolved 116, reused 0, downloaded 0, added 0
Progress: resolved 158, reused 0, downloaded 0, added 0
Progress: resolved 192, reused 0, downloaded 0, added 0
Progress: resolved 255, reused 0, downloaded 0, added 0
Progress: resolved 278, reused 0, downloaded 0, added 0
Progress: resolved 300, reused 0, downloaded 0, added 0
Progress: resolved 324, reused 0, downloaded 0, added 0
Progress: resolved 377, reused 0, downloaded 0, added 0
Progress: resolved 414, reused 0, downloaded 0, added 0
Progress: resolved 415, reused 0, downloaded 0, added 0
Progress: resolved 418, reused 0, downloaded 0, added 0
Progress: resolved 423, reused 0, downloaded 0, added 0
Progress: resolved 448, reused 0, downloaded 0, added 0
Progress: resolved 451, reused 0, downloaded 0, added 0, done

Done in 19.3s using pnpm v9.15.9

EXIT: 0
