COMMAND: "C:\Program Files\nodejs\node.EXE" C:\Users\yoray\AppData\Roaming\npm\node_modules\pnpm\bin\pnpm.cjs install --frozen-lockfile --store-dir C:\Users\yoray\AppData\Local\Temp\yor-world-w3-a1-r2-4_uuwl01\store --config.cache-dir=C:\Users\yoray\AppData\Local\Temp\yor-world-w3-a1-r2-4_uuwl01\cache
CWD: C:\Users\yoray\AppData\Local\Temp\yor-world-w3-a1-r2-4_uuwl01\app
Lockfile is up to date, resolution step is skipped
Progress: resolved 1, reused 0, downloaded 0, added 0
Packages: +367
++++++++++++++++++++++++++++++++++++++++++++++++++++++++++++++++++++++++++++++++
Progress: resolved 367, reused 0, downloaded 19, added 0
Progress: resolved 367, reused 0, downloaded 26, added 19
Progress: resolved 367, reused 0, downloaded 47, added 46
Progress: resolved 367, reused 0, downloaded 55, added 54
Progress: resolved 367, reused 0, downloaded 64, added 63
Progress: resolved 367, reused 0, downloaded 82, added 80
Progress: resolved 367, reused 0, downloaded 133, added 133
Progress: resolved 367, reused 0, downloaded 153, added 151
Progress: resolved 367, reused 0, downloaded 175, added 172
Progress: resolved 367, reused 0, downloaded 217, added 204
Progress: resolved 367, reused 0, downloaded 246, added 246
Progress: resolved 367, reused 0, downloaded 276, added 276
Progress: resolved 367, reused 0, downloaded 293, added 292
Progress: resolved 367, reused 0, downloaded 298, added 295
Progress: resolved 367, reused 0, downloaded 314, added 311
Progress: resolved 367, reused 0, downloaded 323, added 321
Progress: resolved 367, reused 0, downloaded 340, added 337
Progress: resolved 367, reused 0, downloaded 348, added 344
Progress: resolved 367, reused 0, downloaded 358, added 357
Progress: resolved 367, reused 0, downloaded 361, added 359
Progress: resolved 367, reused 0, downloaded 362, added 361
Progress: resolved 367, reused 0, downloaded 364, added 363
Progress: resolved 367, reused 0, downloaded 364, added 364
Progress: resolved 367, reused 0, downloaded 365, added 364
Progress: resolved 367, reused 0, downloaded 365, added 365
Progress: resolved 367, reused 0, downloaded 366, added 365
Progress: resolved 367, reused 0, downloaded 366, added 366
Progress: resolved 367, reused 0, downloaded 367, added 366
Progress: resolved 367, reused 0, downloaded 367, added 367
Progress: resolved 367, reused 0, downloaded 367, added 367, done
.../node_modules/unrs-resolver postinstall$ node postinstall.js
.../node_modules/unrs-resolver postinstall: Done

dependencies:
+ next 16.3.8
+ react 19.3.0
+ react-dom 19.3.0
+ zod 4.6.5

devDependencies:
+ @axe-core/playwright 4.13.0
+ @playwright/test 1.63.0
+ @types/node 24.19.0
+ @types/react 19.3.0
+ @types/react-dom 19.3.0
+ eslint 9.39.5
+ eslint-config-next 16.3.8
+ typescript 6.0.3
+ vitest 5.0.2

Done in 1m 8.7s using pnpm v9.15.9

EXIT: 0
