COMMAND: "C:\Program Files\nodejs\node.EXE" C:\Users\yoray\AppData\Roaming\npm\node_modules\pnpm\bin\pnpm.cjs audit --prod --json
CWD: C:\Users\yoray\AppData\Local\Temp\yor-world-w3-a1-r2-4_uuwl01\app
{
  "actions": [],
  "advisories": {},
  "muted": [],
  "metadata": {
    "vulnerabilities": {
      "info": 0,
      "low": 0,
      "moderate": 0,
      "high": 0,
      "critical": 0
    },
    "dependencies": 97,
    "devDependencies": 0,
    "optionalDependencies": 0,
    "totalDependencies": 97
  }
}

EXIT: 0
