COMMAND: "C:\Program Files\nodejs\node.EXE" C:\Users\yoray\AppData\Roaming\npm\node_modules\pnpm\bin\pnpm.cjs install --lockfile-only --store-dir C:\Users\yoray\AppData\Local\Temp\yor-world-w3-a1-mxeovoxf\store --config.cache-dir=C:\Users\yoray\AppData\Local\Temp\yor-world-w3-a1-mxeovoxf\cache
CWD: C:\Users\yoray\AppData\Local\Temp\yor-world-w3-a1-mxeovoxf\app
Progress: resolved 1, reused 0, downloaded 0, added 0
 WARN  deprecated eslint@9.39.5: This version is no longer supported. Please see https://eslint.org/version-support for other options.
Progress: resolved 7, reused 0, downloaded 0, added 0
Progress: resolved 9, reused 0, downloaded 0, added 0
Progress: resolved 12, reused 0, downloaded 0, added 0
Progress: resolved 27, reused 0, downloaded 0, added 0
Progress: resolved 65, reused 0, downloaded 0, added 0
Progress: resolved 78, reused 0, downloaded 0, added 0
Progress: resolved 97, reused 0, downloaded 0, added 0
Progress: resolved 150, reused 0, downloaded 0, added 0
Progress: resolved 205, reused 0, downloaded 0, added 0
Progress: resolved 234, reused 0, downloaded 0, added 0
Progress: resolved 255, reused 0, downloaded 0, added 0
Progress: resolved 293, reused 0, downloaded 0, added 0
Progress: resolved 335, reused 0, downloaded 0, added 0
Progress: resolved 358, reused 0, downloaded 0, added 0
Progress: resolved 369, reused 0, downloaded 0, added 0
Progress: resolved 392, reused 0, downloaded 0, added 0
Progress: resolved 416, reused 0, downloaded 0, added 0
Progress: resolved 417, reused 0, downloaded 0, added 0
Progress: resolved 418, reused 0, downloaded 0, added 0
Progress: resolved 419, reused 0, downloaded 0, added 0
Progress: resolved 423, reused 0, downloaded 0, added 0
Progress: resolved 440, reused 0, downloaded 0, added 0
Progress: resolved 451, reused 0, downloaded 0, added 0, done

Done in 38.4s using pnpm v9.15.9

EXIT: 0
