COMMAND: "C:\Program Files\nodejs\node.EXE" C:\Users\yoray\AppData\Roaming\npm\node_modules\pnpm\bin\pnpm.cjs install --frozen-lockfile --store-dir C:\Users\yoray\AppData\Local\Temp\yor-world-w3-a1-mxeovoxf\store --config.cache-dir=C:\Users\yoray\AppData\Local\Temp\yor-world-w3-a1-mxeovoxf\cache
CWD: C:\Users\yoray\AppData\Local\Temp\yor-world-w3-a1-mxeovoxf\app
Lockfile is up to date, resolution step is skipped
Progress: resolved 1, reused 0, downloaded 0, added 0
Packages: +367
++++++++++++++++++++++++++++++++++++++++++++++++++++++++++++++++++++++++++++++++
Progress: resolved 367, reused 0, downloaded 4, added 4
Progress: resolved 367, reused 0, downloaded 17, added 16
Progress: resolved 367, reused 0, downloaded 43, added 42
Progress: resolved 367, reused 0, downloaded 54, added 53
Progress: resolved 367, reused 0, downloaded 65, added 65
Progress: resolved 367, reused 0, downloaded 72, added 72
Progress: resolved 367, reused 0, downloaded 85, added 85
Progress: resolved 367, reused 0, downloaded 92, added 87
Progress: resolved 367, reused 0, downloaded 117, added 114
Progress: resolved 367, reused 0, downloaded 140, added 139
Progress: resolved 367, reused 0, downloaded 183, added 183
Progress: resolved 367, reused 0, downloaded 198, added 198
Progress: resolved 367, reused 0, downloaded 218, added 218
Progress: resolved 367, reused 0, downloaded 235, added 234
Progress: resolved 367, reused 0, downloaded 264, added 264
Progress: resolved 367, reused 0, downloaded 276, added 274
Progress: resolved 367, reused 0, downloaded 289, added 288
Progress: resolved 367, reused 0, downloaded 294, added 293
Progress: resolved 367, reused 0, downloaded 308, added 308
Progress: resolved 367, reused 0, downloaded 316, added 316
Progress: resolved 367, reused 0, downloaded 319, added 319
Progress: resolved 367, reused 0, downloaded 327, added 327
Progress: resolved 367, reused 0, downloaded 333, added 333
Progress: resolved 367, reused 0, downloaded 337, added 334
Progress: resolved 367, reused 0, downloaded 351, added 351
Progress: resolved 367, reused 0, downloaded 357, added 357
Progress: resolved 367, reused 0, downloaded 360, added 360
Progress: resolved 367, reused 0, downloaded 361, added 360
Progress: resolved 367, reused 0, downloaded 362, added 362
Progress: resolved 367, reused 0, downloaded 363, added 362
Progress: resolved 367, reused 0, downloaded 363, added 363
Progress: resolved 367, reused 0, downloaded 364, added 363
Progress: resolved 367, reused 0, downloaded 365, added 365
Progress: resolved 367, reused 0, downloaded 366, added 365
Progress: resolved 367, reused 0, downloaded 366, added 366
Progress: resolved 367, reused 0, downloaded 367, added 366
Progress: resolved 367, reused 0, downloaded 367, added 367
Progress: resolved 367, reused 0, downloaded 367, added 367, done
.../node_modules/unrs-resolver postinstall$ node postinstall.js
.../node_modules/unrs-resolver postinstall: Done

dependencies:
+ next 16.3.7
+ react 19.3.0
+ react-dom 19.3.0
+ zod 4.6.5

devDependencies:
+ @axe-core/playwright 4.13.0
+ @playwright/test 1.63.0
+ @types/node 24.19.0
+ @types/react 19.3.0
+ @types/react-dom 19.3.0
+ eslint 9.39.5
+ eslint-config-next 16.3.7
+ typescript 6.0.3
+ vitest 5.0.2

Done in 56.6s using pnpm v9.15.9

EXIT: 0
