COMMAND: "C:\Program Files\nodejs\node.EXE" C:\Users\yoray\AppData\Roaming\npm\node_modules\pnpm\bin\pnpm.cjs typecheck
CWD: C:\Users\yoray\AppData\Local\Temp\yor-world-w3-a1-mxeovoxf\app

> yor-world-platform-proof@0.1.0 typecheck C:\Users\yoray\AppData\Local\Temp\yor-world-w3-a1-mxeovoxf\app
> tsc --noEmit

playwright.config.ts(5,29): error TS2769: No overload matches this call.
  The last overload gave the following error.
    Argument of type '{ testDir: string; fullyParallel: false; workers: number; retries: number; reporter: (["list"] | ["json", { outputFile: string; }])[]; use: { baseURL: string; viewport: { width: number; height: number; }; deviceScaleFactor: number; trace: "retain-on-failure"; screenshot: "only-on-failure"; headless: true; }; project...' is not assignable to parameter of type 'PlaywrightTestConfig<unknown, unknown>' with 'exactOptionalPropertyTypes: true'. Consider adding 'undefined' to the types of the target's properties.
      Types of property 'webServer' are incompatible.
        Type '{ command: string; url: string; reuseExistingServer: false; timeout: number; env: { NEXT_TELEMETRY_DISABLED: string; }; stdout: "pipe"; stderr: "pipe"; } | undefined' is not assignable to type 'TestConfigWebServer | TestConfigWebServer[]'.
          Type 'undefined' is not assignable to type 'TestConfigWebServer | TestConfigWebServer[]'.
tests/e2e/payload.spec.ts(16,48): error TS2379: Argument of type '{ baseURL: string | undefined; viewport: { width: number; height: number; }; deviceScaleFactor: number; }' is not assignable to parameter of type 'BrowserContextOptions' with 'exactOptionalPropertyTypes: true'. Consider adding 'undefined' to the types of the target's properties.
  Types of property 'baseURL' are incompatible.
    Type 'string | undefined' is not assignable to type 'string'.
      Type 'undefined' is not assignable to type 'string'.
tests/e2e/public-shell.spec.ts(83,44): error TS2379: Argument of type '{ javaScriptEnabled: false; baseURL: string | undefined; viewport: { width: number; height: number; }; }' is not assignable to parameter of type 'BrowserContextOptions' with 'exactOptionalPropertyTypes: true'. Consider adding 'undefined' to the types of the target's properties.
  Types of property 'baseURL' are incompatible.
    Type 'string | undefined' is not assignable to type 'string'.
      Type 'undefined' is not assignable to type 'string'.
 ELIFECYCLE  Command failed with exit code 2.

EXIT: 2
