COMMAND: "C:\Program Files\nodejs\node.EXE" C:\Users\yoray\AppData\Roaming\npm\node_modules\pnpm\bin\pnpm.cjs list --depth 0 --json
CWD: C:\Users\yoray\AppData\Local\Temp\yor-world-w3-a1-mxeovoxf\app
[
  {
    "name": "yor-world-platform-proof",
    "version": "0.1.0",
    "path": "C:\\Users\\yoray\\AppData\\Local\\Temp\\yor-world-w3-a1-mxeovoxf\\app",
    "private": true,
    "dependencies": {
      "next": {
        "from": "next",
        "version": "16.3.7",
        "resolved": "https://registry.npmjs.org/next/-/next-16.3.7.tgz",
        "path": "C:\\Users\\yoray\\AppData\\Local\\Temp\\yor-world-w3-a1-mxeovoxf\\app\\node_modules\\.pnpm\\next@16.3.7_@babel+core@7.29.7_@playwright+test@1.63.0_@types+node@24.19.0_react-dom@19.3.0_react@19.3.0__react@19.3.0\\node_modules\\next"
      },
      "react": {
        "from": "react",
        "version": "19.3.0",
        "resolved": "https://registry.npmjs.org/react/-/react-19.3.0.tgz",
        "path": "C:\\Users\\yoray\\AppData\\Local\\Temp\\yor-world-w3-a1-mxeovoxf\\app\\node_modules\\.pnpm\\react@19.3.0\\node_modules\\react"
      },
      "react-dom": {
        "from": "react-dom",
        "version": "19.3.0",
        "resolved": "https://registry.npmjs.org/react-dom/-/react-dom-19.3.0.tgz",
        "path": "C:\\Users\\yoray\\AppData\\Local\\Temp\\yor-world-w3-a1-mxeovoxf\\app\\node_modules\\.pnpm\\react-dom@19.3.0_react@19.3.0\\node_modules\\react-dom"
      },
      "zod": {
        "from": "zod",
        "version": "4.6.5",
        "resolved": "https://registry.npmjs.org/zod/-/zod-4.6.5.tgz",
        "path": "C:\\Users\\yoray\\AppData\\Local\\Temp\\yor-world-w3-a1-mxeovoxf\\app\\node_modules\\.pnpm\\zod@4.6.5\\node_modules\\zod"
      }
    },
    "devDependencies": {
      "@axe-core/playwright": {
        "from": "@axe-core/playwright",
        "version": "4.13.0",
        "resolved": "https://registry.npmjs.org/@axe-core/playwright/-/playwright-4.13.0.tgz",
        "path": "C:\\Users\\yoray\\AppData\\Local\\Temp\\yor-world-w3-a1-mxeovoxf\\app\\node_modules\\.pnpm\\@axe-core+playwright@4.13.0_playwright-core@1.63.0\\node_modules\\@axe-core\\playwright"
      },
      "@playwright/test": {
        "from": "@playwright/test",
        "version": "1.63.0",
        "resolved": "https://registry.npmjs.org/@playwright/test/-/test-1.63.0.tgz",
        "path": "C:\\Users\\yoray\\AppData\\Local\\Temp\\yor-world-w3-a1-mxeovoxf\\app\\node_modules\\.pnpm\\@playwright+test@1.63.0\\node_modules\\@playwright\\test"
      },
      "@types/node": {
        "from": "@types/node",
        "version": "24.19.0",
        "resolved": "https://registry.npmjs.org/@types/node/-/node-24.19.0.tgz",
        "path": "C:\\Users\\yoray\\AppData\\Local\\Temp\\yor-world-w3-a1-mxeovoxf\\app\\node_modules\\.pnpm\\@types+node@24.19.0\\node_modules\\@types\\node"
      },
      "@types/react": {
        "from": "@types/react",
        "version": "19.3.0",
        "resolved": "https://registry.npmjs.org/@types/react/-/react-19.3.0.tgz",
        "path": "C:\\Users\\yoray\\AppData\\Local\\Temp\\yor-world-w3-a1-mxeovoxf\\app\\node_modules\\.pnpm\\@types+react@19.3.0\\node_modules\\@types\\react"
      },
      "@types/react-dom": {
        "from": "@types/react-dom",
        "version": "19.3.0",
        "resolved": "https://registry.npmjs.org/@types/react-dom/-/react-dom-19.3.0.tgz",
        "path": "C:\\Users\\yoray\\AppData\\Local\\Temp\\yor-world-w3-a1-mxeovoxf\\app\\node_modules\\.pnpm\\@types+react-dom@19.3.0_@types+react@19.3.0\\node_modules\\@types\\react-dom"
      },
      "eslint": {
        "from": "eslint",
        "version": "9.39.5",
        "resolved": "https://registry.npmjs.org/eslint/-/eslint-9.39.5.tgz",
        "path": "C:\\Users\\yoray\\AppData\\Local\\Temp\\yor-world-w3-a1-mxeovoxf\\app\\node_modules\\.pnpm\\eslint@9.39.5\\node_modules\\eslint"
      },
      "eslint-config-next": {
        "from": "eslint-config-next",
        "version": "16.3.7",
        "resolved": "https://registry.npmjs.org/eslint-config-next/-/eslint-config-next-16.3.7.tgz",
        "path": "C:\\Users\\yoray\\AppData\\Local\\Temp\\yor-world-w3-a1-mxeovoxf\\app\\node_modules\\.pnpm\\eslint-config-next@16.3.7_@typescript-eslint+parser@8.71.0_eslint@9.39.5_typescript@6.0.3__es_gb5entnbfb3yjk5lc3pni743ou\\node_modules\\eslint-config-next"
      },
      "typescript": {
        "from": "typescript",
        "version": "6.0.3",
        "resolved": "https://registry.npmjs.org/typescript/-/typescript-6.0.3.tgz",
        "path": "C:\\Users\\yoray\\AppData\\Local\\Temp\\yor-world-w3-a1-mxeovoxf\\app\\node_modules\\.pnpm\\typescript@6.0.3\\node_modules\\typescript"
      },
      "vitest": {
        "from": "vitest",
        "version": "5.0.2",
        "resolved": "https://registry.npmjs.org/vitest/-/vitest-5.0.2.tgz",
        "path": "C:\\Users\\yoray\\AppData\\Local\\Temp\\yor-world-w3-a1-mxeovoxf\\app\\node_modules\\.pnpm\\vitest@5.0.2_@types+node@24.19.0_vite@8.3.1_@types+node@24.19.0_\\node_modules\\vitest"
      }
    },
    "unsavedDependencies": {
      "eslint-import-resolver-node": {
        "from": "eslint-import-resolver-node",
        "version": "link:node_modules/.pnpm/eslint-import-resolver-node@0.3.10/node_modules/eslint-import-resolver-node",
        "path": "C:\\Users\\yoray\\AppData\\Local\\Temp\\yor-world-w3-a1-mxeovoxf\\app\\node_modules\\.pnpm\\eslint-import-resolver-node@0.3.10\\node_modules\\eslint-import-resolver-node"
      },
      "eslint-plugin-import": {
        "from": "eslint-plugin-import",
        "version": "link:node_modules/.pnpm/eslint-plugin-import@2.32.0_@typescript-eslint+parser@8.71.0_eslint@9.39.5_typescript@6.0.3___ja5z4rn65bvo46romkfslqaa3y/node_modules/eslint-plugin-import",
        "path": "C:\\Users\\yoray\\AppData\\Local\\Temp\\yor-world-w3-a1-mxeovoxf\\app\\node_modules\\.pnpm\\eslint-plugin-import@2.32.0_@typescript-eslint+parser@8.71.0_eslint@9.39.5_typescript@6.0.3___ja5z4rn65bvo46romkfslqaa3y\\node_modules\\eslint-plugin-import"
      },
      "eslint-module-utils": {
        "from": "eslint-module-utils",
        "version": "link:node_modules/.pnpm/eslint-module-utils@2.14.0_@typescript-eslint+parser@8.71.0_eslint@9.39.5_typescript@6.0.3__e_wmgwfmykiqr6b4xh3svunsbfbu/node_modules/eslint-module-utils",
        "path": "C:\\Users\\yoray\\AppData\\Local\\Temp\\yor-world-w3-a1-mxeovoxf\\app\\node_modules\\.pnpm\\eslint-module-utils@2.14.0_@typescript-eslint+parser@8.71.0_eslint@9.39.5_typescript@6.0.3__e_wmgwfmykiqr6b4xh3svunsbfbu\\node_modules\\eslint-module-utils"
      },
      "eslint-import-resolver-typescript": {
        "from": "eslint-import-resolver-typescript",
        "version": "link:node_modules/.pnpm/eslint-import-resolver-typescript@3.10.1_eslint-plugin-import@2.32.0_@typescript-eslint+parse_v2ny75ns6hsjzdyihukr4yy3ny/node_modules/eslint-import-resolver-typescript",
        "path": "C:\\Users\\yoray\\AppData\\Local\\Temp\\yor-world-w3-a1-mxeovoxf\\app\\node_modules\\.pnpm\\eslint-import-resolver-typescript@3.10.1_eslint-plugin-import@2.32.0_@typescript-eslint+parse_v2ny75ns6hsjzdyihukr4yy3ny\\node_modules\\eslint-import-resolver-typescript"
      },
      "eslint-plugin-jsx-a11y": {
        "from": "eslint-plugin-jsx-a11y",
        "version": "link:node_modules/.pnpm/eslint-plugin-jsx-a11y@6.10.2_eslint@9.39.5/node_modules/eslint-plugin-jsx-a11y",
        "path": "C:\\Users\\yoray\\AppData\\Local\\Temp\\yor-world-w3-a1-mxeovoxf\\app\\node_modules\\.pnpm\\eslint-plugin-jsx-a11y@6.10.2_eslint@9.39.5\\node_modules\\eslint-plugin-jsx-a11y"
      },
      "eslint-plugin-react": {
        "from": "eslint-plugin-react",
        "version": "link:node_modules/.pnpm/eslint-plugin-react@7.37.5_eslint@9.39.5/node_modules/eslint-plugin-react",
        "path": "C:\\Users\\yoray\\AppData\\Local\\Temp\\yor-world-w3-a1-mxeovoxf\\app\\node_modules\\.pnpm\\eslint-plugin-react@7.37.5_eslint@9.39.5\\node_modules\\eslint-plugin-react"
      },
      "eslint-plugin-react-hooks": {
        "from": "eslint-plugin-react-hooks",
        "version": "link:node_modules/.pnpm/eslint-plugin-react-hooks@7.1.1_eslint@9.39.5/node_modules/eslint-plugin-react-hooks",
        "path": "C:\\Users\\yoray\\AppData\\Local\\Temp\\yor-world-w3-a1-mxeovoxf\\app\\node_modules\\.pnpm\\eslint-plugin-react-hooks@7.1.1_eslint@9.39.5\\node_modules\\eslint-plugin-react-hooks"
      },
      "eslint-scope": {
        "from": "eslint-scope",
        "version": "link:node_modules/.pnpm/eslint-scope@8.4.0/node_modules/eslint-scope",
        "path": "C:\\Users\\yoray\\AppData\\Local\\Temp\\yor-world-w3-a1-mxeovoxf\\app\\node_modules\\.pnpm\\eslint-scope@8.4.0\\node_modules\\eslint-scope"
      },
      "eslint-visitor-keys": {
        "from": "eslint-visitor-keys",
        "version": "link:node_modules/.pnpm/eslint-visitor-keys@4.2.1/node_modules/eslint-visitor-keys",
        "path": "C:\\Users\\yoray\\AppData\\Local\\Temp\\yor-world-w3-a1-mxeovoxf\\app\\node_modules\\.pnpm\\eslint-visitor-keys@4.2.1\\node_modules\\eslint-visitor-keys"
      },
      "typescript-eslint": {
        "from": "typescript-eslint",
        "version": "link:node_modules/.pnpm/typescript-eslint@8.71.0_eslint@9.39.5_typescript@6.0.3/node_modules/typescript-eslint",
        "path": "C:\\Users\\yoray\\AppData\\Local\\Temp\\yor-world-w3-a1-mxeovoxf\\app\\node_modules\\.pnpm\\typescript-eslint@8.71.0_eslint@9.39.5_typescript@6.0.3\\node_modules\\typescript-eslint"
      },
      "@eslint/config-array": {
        "from": "@eslint/config-array",
        "version": "link:node_modules/.pnpm/@eslint+config-array@0.21.2/node_modules/@eslint/config-array",
        "path": "C:\\Users\\yoray\\AppData\\Local\\Temp\\yor-world-w3-a1-mxeovoxf\\app\\node_modules\\.pnpm\\@eslint+config-array@0.21.2\\node_modules\\@eslint\\config-array"
      },
      "@eslint/config-helpers": {
        "from": "@eslint/config-helpers",
        "version": "link:node_modules/.pnpm/@eslint+config-helpers@0.4.2/node_modules/@eslint/config-helpers",
        "path": "C:\\Users\\yoray\\AppData\\Local\\Temp\\yor-world-w3-a1-mxeovoxf\\app\\node_modules\\.pnpm\\@eslint+config-helpers@0.4.2\\node_modules\\@eslint\\config-helpers"
      },
      "@eslint/core": {
        "from": "@eslint/core",
        "version": "link:node_modules/.pnpm/@eslint+core@0.17.0/node_modules/@eslint/core",
        "path": "C:\\Users\\yoray\\AppData\\Local\\Temp\\yor-world-w3-a1-mxeovoxf\\app\\node_modules\\.pnpm\\@eslint+core@0.17.0\\node_modules\\@eslint\\core"
      },
      "@eslint/eslintrc": {
        "from": "@eslint/eslintrc",
        "version": "link:node_modules/.pnpm/@eslint+eslintrc@3.3.7/node_modules/@eslint/eslintrc",
        "path": "C:\\Users\\yoray\\AppData\\Local\\Temp\\yor-world-w3-a1-mxeovoxf\\app\\node_modules\\.pnpm\\@eslint+eslintrc@3.3.7\\node_modules\\@eslint\\eslintrc"
      },
      "@eslint/js": {
        "from": "@eslint/js",
        "version": "link:node_modules/.pnpm/@eslint+js@9.39.5/node_modules/@eslint/js",
        "path": "C:\\Users\\yoray\\AppData\\Local\\Temp\\yor-world-w3-a1-mxeovoxf\\app\\node_modules\\.pnpm\\@eslint+js@9.39.5\\node_modules\\@eslint\\js"
      },
      "@eslint/object-schema": {
        "from": "@eslint/object-schema",
        "version": "link:node_modules/.pnpm/@eslint+object-schema@2.1.7/node_modules/@eslint/object-schema",
        "path": "C:\\Users\\yoray\\AppData\\Local\\Temp\\yor-world-w3-a1-mxeovoxf\\app\\node_modules\\.pnpm\\@eslint+object-schema@2.1.7\\node_modules\\@eslint\\object-schema"
      },
      "@eslint-community/regexpp": {
        "from": "@eslint-community/regexpp",
        "version": "link:node_modules/.pnpm/@eslint-community+regexpp@4.12.2/node_modules/@eslint-community/regexpp",
        "path": "C:\\Users\\yoray\\AppData\\Local\\Temp\\yor-world-w3-a1-mxeovoxf\\app\\node_modules\\.pnpm\\@eslint-community+regexpp@4.12.2\\node_modules\\@eslint-community\\regexpp"
      },
      "@eslint/plugin-kit": {
        "from": "@eslint/plugin-kit",
        "version": "link:node_modules/.pnpm/@eslint+plugin-kit@0.4.1/node_modules/@eslint/plugin-kit",
        "path": "C:\\Users\\yoray\\AppData\\Local\\Temp\\yor-world-w3-a1-mxeovoxf\\app\\node_modules\\.pnpm\\@eslint+plugin-kit@0.4.1\\node_modules\\@eslint\\plugin-kit"
      },
      "@next/eslint-plugin-next": {
        "from": "@next/eslint-plugin-next",
        "version": "link:node_modules/.pnpm/@next+eslint-plugin-next@16.3.7_eslint@9.39.5/node_modules/@next/eslint-plugin-next",
        "path": "C:\\Users\\yoray\\AppData\\Local\\Temp\\yor-world-w3-a1-mxeovoxf\\app\\node_modules\\.pnpm\\@next+eslint-plugin-next@16.3.7_eslint@9.39.5\\node_modules\\@next\\eslint-plugin-next"
      },
      "@eslint-community/eslint-utils": {
        "from": "@eslint-community/eslint-utils",
        "version": "link:node_modules/.pnpm/@eslint-community+eslint-utils@4.10.1_eslint@9.39.5/node_modules/@eslint-community/eslint-utils",
        "path": "C:\\Users\\yoray\\AppData\\Local\\Temp\\yor-world-w3-a1-mxeovoxf\\app\\node_modules\\.pnpm\\@eslint-community+eslint-utils@4.10.1_eslint@9.39.5\\node_modules\\@eslint-community\\eslint-utils"
      },
      "@typescript-eslint/eslint-plugin": {
        "from": "@typescript-eslint/eslint-plugin",
        "version": "link:node_modules/.pnpm/@typescript-eslint+eslint-plugin@8.71.0_@typescript-eslint+parser@8.71.0_eslint@9.39.5_typesc_aig4zz3lc7gpm46iotgwuhtxvu/node_modules/@typescript-eslint/eslint-plugin",
        "path": "C:\\Users\\yoray\\AppData\\Local\\Temp\\yor-world-w3-a1-mxeovoxf\\app\\node_modules\\.pnpm\\@typescript-eslint+eslint-plugin@8.71.0_@typescript-eslint+parser@8.71.0_eslint@9.39.5_typesc_aig4zz3lc7gpm46iotgwuhtxvu\\node_modules\\@typescript-eslint\\eslint-plugin"
      },
      "@typescript-eslint/scope-manager": {
        "from": "@typescript-eslint/scope-manager",
        "version": "link:node_modules/.pnpm/@typescript-eslint+scope-manager@8.71.0/node_modules/@typescript-eslint/scope-manager",
        "path": "C:\\Users\\yoray\\AppData\\Local\\Temp\\yor-world-w3-a1-mxeovoxf\\app\\node_modules\\.pnpm\\@typescript-eslint+scope-manager@8.71.0\\node_modules\\@typescript-eslint\\scope-manager"
      },
      "@typescript-eslint/parser": {
        "from": "@typescript-eslint/parser",
        "version": "link:node_modules/.pnpm/@typescript-eslint+parser@8.71.0_eslint@9.39.5_typescript@6.0.3/node_modules/@typescript-eslint/parser",
        "path": "C:\\Users\\yoray\\AppData\\Local\\Temp\\yor-world-w3-a1-mxeovoxf\\app\\node_modules\\.pnpm\\@typescript-eslint+parser@8.71.0_eslint@9.39.5_typescript@6.0.3\\node_modules\\@typescript-eslint\\parser"
      },
      "@typescript-eslint/project-service": {
        "from": "@typescript-eslint/project-service",
        "version": "link:node_modules/.pnpm/@typescript-eslint+project-service@8.71.0_typescript@6.0.3/node_modules/@typescript-eslint/project-service",
        "path": "C:\\Users\\yoray\\AppData\\Local\\Temp\\yor-world-w3-a1-mxeovoxf\\app\\node_modules\\.pnpm\\@typescript-eslint+project-service@8.71.0_typescript@6.0.3\\node_modules\\@typescript-eslint\\project-service"
      },
      "@typescript-eslint/type-utils": {
        "from": "@typescript-eslint/type-utils",
        "version": "link:node_modules/.pnpm/@typescript-eslint+type-utils@8.71.0_eslint@9.39.5_typescript@6.0.3/node_modules/@typescript-eslint/type-utils",
        "path": "C:\\Users\\yoray\\AppData\\Local\\Temp\\yor-world-w3-a1-mxeovoxf\\app\\node_modules\\.pnpm\\@typescript-eslint+type-utils@8.71.0_eslint@9.39.5_typescript@6.0.3\\node_modules\\@typescript-eslint\\type-utils"
      },
      "@typescript-eslint/tsconfig-utils": {
        "from": "@typescript-eslint/tsconfig-utils",
        "version": "link:node_modules/.pnpm/@typescript-eslint+tsconfig-utils@8.71.0_typescript@6.0.3/node_modules/@typescript-eslint/tsconfig-utils",
        "path": "C:\\Users\\yoray\\AppData\\Local\\Temp\\yor-world-w3-a1-mxeovoxf\\app\\node_modules\\.pnpm\\@typescript-eslint+tsconfig-utils@8.71.0_typescript@6.0.3\\node_modules\\@typescript-eslint\\tsconfig-utils"
      },
      "@typescript-eslint/types": {
        "from": "@typescript-eslint/types",
        "version": "link:node_modules/.pnpm/@typescript-eslint+types@8.71.0/node_modules/@typescript-eslint/types",
        "path": "C:\\Users\\yoray\\AppData\\Local\\Temp\\yor-world-w3-a1-mxeovoxf\\app\\node_modules\\.pnpm\\@typescript-eslint+types@8.71.0\\node_modules\\@typescript-eslint\\types"
      },
      "@typescript-eslint/visitor-keys": {
        "from": "@typescript-eslint/visitor-keys",
        "version": "link:node_modules/.pnpm/@typescript-eslint+visitor-keys@8.71.0/node_modules/@typescript-eslint/visitor-keys",
        "path": "C:\\Users\\yoray\\AppData\\Local\\Temp\\yor-world-w3-a1-mxeovoxf\\app\\node_modules\\.pnpm\\@typescript-eslint+visitor-keys@8.71.0\\node_modules\\@typescript-eslint\\visitor-keys"
      },
      "@typescript-eslint/utils": {
        "from": "@typescript-eslint/utils",
        "version": "link:node_modules/.pnpm/@typescript-eslint+utils@8.71.0_eslint@9.39.5_typescript@6.0.3/node_modules/@typescript-eslint/utils",
        "path": "C:\\Users\\yoray\\AppData\\Local\\Temp\\yor-world-w3-a1-mxeovoxf\\app\\node_modules\\.pnpm\\@typescript-eslint+utils@8.71.0_eslint@9.39.5_typescript@6.0.3\\node_modules\\@typescript-eslint\\utils"
      },
      "@typescript-eslint/typescript-estree": {
        "from": "@typescript-eslint/typescript-estree",
        "version": "link:node_modules/.pnpm/@typescript-eslint+typescript-estree@8.71.0_typescript@6.0.3/node_modules/@typescript-eslint/typescript-estree",
        "path": "C:\\Users\\yoray\\AppData\\Local\\Temp\\yor-world-w3-a1-mxeovoxf\\app\\node_modules\\.pnpm\\@typescript-eslint+typescript-estree@8.71.0_typescript@6.0.3\\node_modules\\@typescript-eslint\\typescript-estree"
      }
    }
  }
]

EXIT: 0
