COMMAND: "C:\Program Files\nodejs\node.EXE" C:\Users\yoray\AppData\Roaming\npm\node_modules\pnpm\bin\pnpm.cjs install --frozen-lockfile --store-dir C:\Users\yoray\AppData\Local\Temp\yor-world-a6-proof-db188nmu\store --config.cache-dir=C:\Users\yoray\AppData\Local\Temp\yor-world-a6-proof-db188nmu\cache
CWD: C:\Users\yoray\AppData\Local\Temp\yor-world-a6-proof-db188nmu\app
Lockfile is up to date, resolution step is skipped
Progress: resolved 1, reused 0, downloaded 0, added 0
Packages: +387
++++++++++++++++++++++++++++++++++++++++++++++++++++++++++++++++++++++++++++++++
Progress: resolved 387, reused 0, downloaded 0, added 0
Progress: resolved 387, reused 0, downloaded 1, added 0
Progress: resolved 387, reused 0, downloaded 9, added 9
Progress: resolved 387, reused 0, downloaded 15, added 14
Progress: resolved 387, reused 0, downloaded 21, added 20
Progress: resolved 387, reused 0, downloaded 27, added 24
Progress: resolved 387, reused 0, downloaded 37, added 34
Progress: resolved 387, reused 0, downloaded 43, added 43
Progress: resolved 387, reused 0, downloaded 55, added 53
Progress: resolved 387, reused 0, downloaded 60, added 60
Progress: resolved 387, reused 0, downloaded 68, added 67
Progress: resolved 387, reused 0, downloaded 69, added 69
Progress: resolved 387, reused 0, downloaded 78, added 78
Progress: resolved 387, reused 0, downloaded 81, added 81
Progress: resolved 387, reused 0, downloaded 88, added 88
Progress: resolved 387, reused 0, downloaded 94, added 94
Progress: resolved 387, reused 0, downloaded 98, added 97
Progress: resolved 387, reused 0, downloaded 107, added 106
Progress: resolved 387, reused 0, downloaded 113, added 111
Progress: resolved 387, reused 0, downloaded 115, added 113
Progress: resolved 387, reused 0, downloaded 139, added 139
Progress: resolved 387, reused 0, downloaded 156, added 156
Progress: resolved 387, reused 0, downloaded 168, added 168
Progress: resolved 387, reused 0, downloaded 181, added 179
Progress: resolved 387, reused 0, downloaded 187, added 187
Progress: resolved 387, reused 0, downloaded 196, added 196
Progress: resolved 387, reused 0, downloaded 198, added 198
Progress: resolved 387, reused 0, downloaded 212, added 212
Progress: resolved 387, reused 0, downloaded 232, added 231
Progress: resolved 387, reused 0, downloaded 233, added 231
Progress: resolved 387, reused 0, downloaded 255, added 255
Progress: resolved 387, reused 0, downloaded 262, added 261
Progress: resolved 387, reused 0, downloaded 279, added 279
Progress: resolved 387, reused 0, downloaded 288, added 288
Progress: resolved 387, reused 0, downloaded 299, added 299
Progress: resolved 387, reused 0, downloaded 304, added 303
Progress: resolved 387, reused 0, downloaded 309, added 309
Progress: resolved 387, reused 0, downloaded 313, added 313
Progress: resolved 387, reused 0, downloaded 324, added 324
Progress: resolved 387, reused 0, downloaded 331, added 331
Progress: resolved 387, reused 0, downloaded 338, added 338
Progress: resolved 387, reused 0, downloaded 344, added 342
Progress: resolved 387, reused 0, downloaded 348, added 346
Progress: resolved 387, reused 0, downloaded 354, added 354
Progress: resolved 387, reused 0, downloaded 355, added 354
Progress: resolved 387, reused 0, downloaded 368, added 367
Progress: resolved 387, reused 0, downloaded 377, added 377
Progress: resolved 387, reused 0, downloaded 378, added 377
Progress: resolved 387, reused 0, downloaded 381, added 381
Progress: resolved 387, reused 0, downloaded 382, added 381
Progress: resolved 387, reused 0, downloaded 382, added 382
Progress: resolved 387, reused 0, downloaded 383, added 382
Progress: resolved 387, reused 0, downloaded 383, added 383
Progress: resolved 387, reused 0, downloaded 384, added 383
Progress: resolved 387, reused 0, downloaded 384, added 384
Progress: resolved 387, reused 0, downloaded 385, added 384
Progress: resolved 387, reused 0, downloaded 385, added 385
Progress: resolved 387, reused 0, downloaded 386, added 385
Progress: resolved 387, reused 0, downloaded 386, added 386
Progress: resolved 387, reused 0, downloaded 387, added 386
Progress: resolved 387, reused 0, downloaded 387, added 387
Progress: resolved 387, reused 0, downloaded 387, added 387, done
.../node_modules/unrs-resolver postinstall$ node postinstall.js
.../node_modules/unrs-resolver postinstall: Done

dependencies:
+ @supabase/ssr 0.12.7
+ @supabase/supabase-js 2.117.2
+ next 16.3.8
+ react 19.3.0
+ react-dom 19.3.0
+ three 0.180.0
+ zod 4.6.5

devDependencies:
+ @axe-core/playwright 4.13.0
+ @electric-sql/pglite 0.5.8
+ @playwright/test 1.63.0
+ @types/node 24.19.0
+ @types/react 19.3.0
+ @types/react-dom 19.3.0
+ @types/three 0.180.0
+ eslint 9.39.5
+ eslint-config-next 16.3.8
+ typescript 6.0.3
+ vitest 5.0.2

Done in 5m 46.4s using pnpm v9.15.9

EXIT: 0
