Lockfile is up to date, resolution step is skipped
Progress: resolved 1, reused 0, downloaded 0, added 0
Packages: +367
++++++++++++++++++++++++++++++++++++++++++++++++++++++++++++++++++++++++++++++++
Progress: resolved 367, reused 0, downloaded 9, added 9
Progress: resolved 367, reused 0, downloaded 23, added 20
Progress: resolved 367, reused 0, downloaded 45, added 44
Progress: resolved 367, reused 0, downloaded 61, added 61
Progress: resolved 367, reused 0, downloaded 94, added 93
Progress: resolved 367, reused 0, downloaded 105, added 99
Progress: resolved 367, reused 0, downloaded 146, added 142
Progress: resolved 367, reused 0, downloaded 171, added 164
Progress: resolved 367, reused 0, downloaded 229, added 218
Progress: resolved 367, reused 0, downloaded 272, added 269
Progress: resolved 367, reused 0, downloaded 295, added 292
Progress: resolved 367, reused 0, downloaded 297, added 293
Progress: resolved 367, reused 0, downloaded 312, added 307
Progress: resolved 367, reused 0, downloaded 336, added 330
Progress: resolved 367, reused 0, downloaded 362, added 360
Progress: resolved 367, reused 0, downloaded 363, added 361
Progress: resolved 367, reused 0, downloaded 363, added 362
Progress: resolved 367, reused 0, downloaded 365, added 364
Progress: resolved 367, reused 0, downloaded 366, added 364
Progress: resolved 367, reused 0, downloaded 366, added 366
Progress: resolved 367, reused 0, downloaded 367, added 366
Progress: resolved 367, reused 0, downloaded 367, added 367
Progress: resolved 367, reused 0, downloaded 367, added 367, done
.../node_modules/unrs-resolver postinstall$ node postinstall.js
.../node_modules/unrs-resolver postinstall: Done

dependencies:
+ next 16.3.7
+ react 19.3.0
+ react-dom 19.3.0
+ zod 4.6.5

devDependencies:
+ @axe-core/playwright 4.13.0
+ @playwright/test 1.63.0
+ @types/node 24.19.0
+ @types/react 19.3.0
+ @types/react-dom 19.3.0
+ eslint 9.39.5
+ eslint-config-next 16.3.7
+ typescript 6.0.3
+ vitest 5.0.2

Done in 43.3s using pnpm v9.15.9
