
> yor-world-platform-proof@0.1.0 build C:\Users\yoray\AppData\Local\Temp\yor-w3-independent-35atl0bg\app
> next build

▲ Next.js 16.3.7 (Turbopack)
✓ Running next.config.ts took 1011ms
⚠ No build cache found. Please configure build caching for faster rebuilds. Read more: https://nextjs.org/docs/messages/no-cache

  Creating an optimized production build ...
✓ Compiled successfully in 4.7s
  Running TypeScript ...
  Finished TypeScript in 3.9s ...
  Collecting page data using 8 workers ...
  Generating static pages using 8 workers (0/7) ...
  Generating static pages using 8 workers (1/7) 
  Generating static pages using 8 workers (3/7) 
  Generating static pages using 8 workers (5/7) 
✓ Generating static pages using 8 workers (7/7) in 931ms
  Finalizing page optimization ...

Route (app)
┌ ○ /
├ ○ /_not-found
├ ○ /about
├ ○ /contact
├ ○ /projects
└ ○ /resume


○  (Static)  prerendered as static content

