{
  "focus": [
    {
      "label": "initial Tab",
      "url": "http://127.0.0.1:3158/",
      "tag": "A",
      "id": "",
      "text": "Skip to content",
      "href": "#main-content",
      "tabindex": null,
      "outline": "rgb(23, 44, 66) solid 3px",
      "scrollY": 0,
      "live": ""
    },
    {
      "label": "skip Enter",
      "url": "http://127.0.0.1:3158/#main-content",
      "tag": "MAIN",
      "id": "main-content",
      "text": "The door is taking shapeA little world.A closer look.A personal studio for exploring the work, the thinking, and the person behind it.Ayush Roy / YOR ",
      "href": null,
      "tabindex": "-1",
      "outline": "rgb(23, 44, 66) none 3px",
      "scrollY": 112,
      "live": ""
    },
    {
      "label": "after skip Tab",
      "url": "http://127.0.0.1:3158/#main-content",
      "tag": "A",
      "id": "",
      "text": "View projects ↗",
      "href": "/projects",
      "tabindex": null,
      "outline": "rgb(23, 75, 187) solid 3px",
      "scrollY": 112,
      "live": ""
    },
    {
      "label": "View projects Enter",
      "url": "http://127.0.0.1:3158/projects",
      "tag": "BODY",
      "id": "",
      "text": "Skip to contentYYOR WORLDA studio in progressProjectsAboutContactRésuméWork, with contextProjectsA place for the problem, the decisions, and the evide",
      "href": null,
      "tabindex": null,
      "outline": "rgb(23, 44, 66) none 3px",
      "scrollY": 0,
      "live": "Projects"
    },
    {
      "label": "Tab on Projects after View projects",
      "url": "http://127.0.0.1:3158/projects",
      "tag": "A",
      "id": "",
      "text": "Read about this portfolio →",
      "href": "/about",
      "tabindex": null,
      "outline": "rgb(23, 75, 187) solid 3px",
      "scrollY": 0,
      "live": "Projects"
    },
    {
      "label": "navigation Projects Enter",
      "url": "http://127.0.0.1:3158/projects",
      "tag": "A",
      "id": "",
      "text": "Projects",
      "href": "/projects",
      "tabindex": null,
      "outline": "rgb(23, 75, 187) solid 3px",
      "scrollY": 0,
      "live": "Projects"
    },
    {
      "label": "Tab after navigation Projects",
      "url": "http://127.0.0.1:3158/projects",
      "tag": "A",
      "id": "",
      "text": "About",
      "href": "/about",
      "tabindex": null,
      "outline": "rgb(23, 75, 187) solid 3px",
      "scrollY": 0,
      "live": "Projects"
    },
    {
      "label": "direct fragment skills",
      "url": "http://127.0.0.1:3158/about#skills",
      "tag": "BODY",
      "id": "",
      "text": "Skip to contentYYOR WORLDA studio in progressProjectsAboutContactRésuméThe person behind the studioAboutAyush Roy / YORSoftware engineer — proposed ti",
      "href": null,
      "tabindex": null,
      "outline": "rgb(23, 44, 66) none 3px",
      "scrollY": 35,
      "live": ""
    },
    {
      "label": "fragment Tab skills",
      "url": "http://127.0.0.1:3158/about#skills",
      "tag": "BODY",
      "id": "",
      "text": "Skip to contentYYOR WORLDA studio in progressProjectsAboutContactRésuméThe person behind the studioAboutAyush Roy / YORSoftware engineer — proposed ti",
      "href": null,
      "tabindex": null,
      "outline": "rgb(23, 44, 66) none 3px",
      "scrollY": 35,
      "live": ""
    },
    {
      "label": "direct fragment research",
      "url": "http://127.0.0.1:3158/about#research",
      "tag": "BODY",
      "id": "",
      "text": "Skip to contentYYOR WORLDA studio in progressProjectsAboutContactRésuméThe person behind the studioAboutAyush Roy / YORSoftware engineer — proposed ti",
      "href": null,
      "tabindex": null,
      "outline": "rgb(23, 44, 66) none 3px",
      "scrollY": 35,
      "live": ""
    },
    {
      "label": "fragment Tab research",
      "url": "http://127.0.0.1:3158/about#research",
      "tag": "BODY",
      "id": "",
      "text": "Skip to contentYYOR WORLDA studio in progressProjectsAboutContactRésuméThe person behind the studioAboutAyush Roy / YORSoftware engineer — proposed ti",
      "href": null,
      "tabindex": null,
      "outline": "rgb(23, 44, 66) none 3px",
      "scrollY": 35,
      "live": ""
    }
  ],
  "reflow": [],
  "payload": {
    "makerMethod": 135064,
    "allJs": 137034
  },
  "errors": []
}
