COMMAND: "C:\Program Files\nodejs\node.EXE" C:\Users\yoray\AppData\Roaming\npm\node_modules\pnpm\bin\pnpm.cjs install --frozen-lockfile --store-dir C:\Users\yoray\AppData\Local\Temp\yor-world-b5-proof-xc9mhki2\store --config.cache-dir=C:\Users\yoray\AppData\Local\Temp\yor-world-b5-proof-xc9mhki2\cache
CWD: C:\Users\yoray\AppData\Local\Temp\yor-world-b5-proof-xc9mhki2\app
Lockfile is up to date, resolution step is skipped
Progress: resolved 1, reused 0, downloaded 0, added 0
Packages: +376
++++++++++++++++++++++++++++++++++++++++++++++++++++++++++++++++++++++++++++++++
Progress: resolved 376, reused 0, downloaded 0, added 0
Progress: resolved 376, reused 0, downloaded 9, added 0
Progress: resolved 376, reused 0, downloaded 22, added 0
Progress: resolved 376, reused 0, downloaded 30, added 0
Progress: resolved 376, reused 0, downloaded 41, added 17
Progress: resolved 376, reused 0, downloaded 45, added 38
Progress: resolved 376, reused 0, downloaded 54, added 52
Progress: resolved 376, reused 0, downloaded 60, added 59
Progress: resolved 376, reused 0, downloaded 70, added 65
Progress: resolved 376, reused 0, downloaded 82, added 78
Progress: resolved 376, reused 0, downloaded 107, added 103
Progress: resolved 376, reused 0, downloaded 116, added 107
Progress: resolved 376, reused 0, downloaded 125, added 117
Progress: resolved 376, reused 0, downloaded 134, added 126
Progress: resolved 376, reused 0, downloaded 145, added 138
Progress: resolved 376, reused 0, downloaded 150, added 146
Progress: resolved 376, reused 0, downloaded 157, added 149
Progress: resolved 376, reused 0, downloaded 157, added 150
Progress: resolved 376, reused 0, downloaded 170, added 156
Progress: resolved 376, reused 0, downloaded 180, added 170
Progress: resolved 376, reused 0, downloaded 187, added 179
Progress: resolved 376, reused 0, downloaded 194, added 183
Progress: resolved 376, reused 0, downloaded 201, added 192
Progress: resolved 376, reused 0, downloaded 218, added 211
Progress: resolved 376, reused 0, downloaded 229, added 224
Progress: resolved 376, reused 0, downloaded 241, added 232
Progress: resolved 376, reused 0, downloaded 260, added 252
Progress: resolved 376, reused 0, downloaded 272, added 268
Progress: resolved 376, reused 0, downloaded 279, added 268
Progress: resolved 376, reused 0, downloaded 285, added 278
Progress: resolved 376, reused 0, downloaded 292, added 286
Progress: resolved 376, reused 0, downloaded 297, added 290
Progress: resolved 376, reused 0, downloaded 297, added 291
Progress: resolved 376, reused 0, downloaded 299, added 293
Progress: resolved 376, reused 0, downloaded 300, added 293
Progress: resolved 376, reused 0, downloaded 301, added 293
Progress: resolved 376, reused 0, downloaded 306, added 296
Progress: resolved 376, reused 0, downloaded 306, added 297
Progress: resolved 376, reused 0, downloaded 306, added 298
Progress: resolved 376, reused 0, downloaded 312, added 304
Progress: resolved 376, reused 0, downloaded 321, added 309
Progress: resolved 376, reused 0, downloaded 325, added 316
Progress: resolved 376, reused 0, downloaded 326, added 316
Progress: resolved 376, reused 0, downloaded 328, added 317
Progress: resolved 376, reused 0, downloaded 341, added 331
Progress: resolved 376, reused 0, downloaded 344, added 336
Progress: resolved 376, reused 0, downloaded 353, added 345
Progress: resolved 376, reused 0, downloaded 353, added 346
Progress: resolved 376, reused 0, downloaded 364, added 358
Progress: resolved 376, reused 0, downloaded 370, added 361
Progress: resolved 376, reused 0, downloaded 372, added 369
Progress: resolved 376, reused 0, downloaded 373, added 369
Progress: resolved 376, reused 0, downloaded 373, added 372
Progress: resolved 376, reused 0, downloaded 374, added 372
Progress: resolved 376, reused 0, downloaded 375, added 374
Progress: resolved 376, reused 0, downloaded 375, added 375
Progress: resolved 376, reused 0, downloaded 376, added 375
Progress: resolved 376, reused 0, downloaded 376, added 376
Progress: resolved 376, reused 0, downloaded 376, added 376, done
.../node_modules/unrs-resolver postinstall$ node postinstall.js
.../node_modules/unrs-resolver postinstall: Done

dependencies:
+ next 16.3.8
+ react 19.3.0
+ react-dom 19.3.0
+ three 0.180.0
+ zod 4.6.5

devDependencies:
+ @axe-core/playwright 4.13.0
+ @playwright/test 1.63.0
+ @types/node 24.19.0
+ @types/react 19.3.0
+ @types/react-dom 19.3.0
+ @types/three 0.180.0
+ eslint 9.39.5
+ eslint-config-next 16.3.8
+ typescript 6.0.3
+ vitest 5.0.2

Done in 2m 11.4s using pnpm v9.15.9

EXIT: 0
