COMMAND: "C:\Program Files\nodejs\node.EXE" C:\Users\yoray\AppData\Roaming\npm\node_modules\pnpm\bin\pnpm.cjs lint
CWD: C:\Users\yoray\AppData\Local\Temp\yor-world-b5-proof-xc9mhki2\app

> yor-world-g1-proof@0.1.0 lint C:\Users\yoray\AppData\Local\Temp\yor-world-b5-proof-xc9mhki2\app
> eslint . --max-warnings=0


C:\Users\yoray\AppData\Local\Temp\yor-world-b5-proof-xc9mhki2\app\src\features\world\AssetLoader.ts
  47:13  warning  'sessionToken' is assigned a value but never used  @typescript-eslint/no-unused-vars

C:\Users\yoray\AppData\Local\Temp\yor-world-b5-proof-xc9mhki2\app\src\features\world\CameraDirector.ts
  62:42  warning  'immediate' is assigned a value but never used  @typescript-eslint/no-unused-vars

C:\Users\yoray\AppData\Local\Temp\yor-world-b5-proof-xc9mhki2\app\src\features\world\EntranceCoordinator.ts
  66:7  warning  'sessionToken' is assigned a value but never used  @typescript-eslint/no-unused-vars

C:\Users\yoray\AppData\Local\Temp\yor-world-b5-proof-xc9mhki2\app\src\features\world\TransitionCoordinator.ts
  42:11  warning  'transitionId' is assigned a value but never used  @typescript-eslint/no-unused-vars

C:\Users\yoray\AppData\Local\Temp\yor-world-b5-proof-xc9mhki2\app\src\features\world\WorldRuntime.ts
  227:27  warning  'phase' is defined but never used         @typescript-eslint/no-unused-vars
  227:34  warning  'prog' is defined but never used          @typescript-eslint/no-unused-vars
  494:29  error    Unexpected any. Specify a different type  @typescript-eslint/no-explicit-any

C:\Users\yoray\AppData\Local\Temp\yor-world-b5-proof-xc9mhki2\app\tests\unit\asset-loader.test.ts
  1:32  warning  'vi' is defined but never used  @typescript-eslint/no-unused-vars

C:\Users\yoray\AppData\Local\Temp\yor-world-b5-proof-xc9mhki2\app\tests\unit\entrance-coordinator.test.ts
  1:32  warning  'vi' is defined but never used  @typescript-eslint/no-unused-vars

C:\Users\yoray\AppData\Local\Temp\yor-world-b5-proof-xc9mhki2\app\tests\unit\lifecycle-manager.test.ts
  1:32  warning  'vi' is defined but never used  @typescript-eslint/no-unused-vars

✖ 10 problems (1 error, 9 warnings)

 ELIFECYCLE  Command failed with exit code 1.

EXIT: 1
