COMMAND: pnpm.cmd install --frozen-lockfile
CWD: C:\Users\yoray\Projects\Yor-World-RC6-71737a6\app
SOURCE: 71737a61c52d1bb887e5cdfc65201666daee5a1d
STARTED: 2026-10-07T11:09:29.813331+00:00
Lockfile is up to date, resolution step is skipped
Progress: resolved 1, reused 0, downloaded 0, added 0
Packages: +404
++++++++++++++++++++++++++++++++++++++++++++++++++++++++++++++++++++++++++++++++
Progress: resolved 404, reused 24, downloaded 0, added 0
Progress: resolved 404, reused 66, downloaded 0, added 0
Progress: resolved 404, reused 108, downloaded 0, added 0
Progress: resolved 404, reused 114, downloaded 0, added 0
Progress: resolved 404, reused 153, downloaded 0, added 0
Progress: resolved 404, reused 203, downloaded 0, added 0
Progress: resolved 404, reused 208, downloaded 0, added 0
Progress: resolved 404, reused 327, downloaded 0, added 0
Progress: resolved 404, reused 348, downloaded 0, added 0
Progress: resolved 404, reused 381, downloaded 0, added 0
Progress: resolved 404, reused 399, downloaded 0, added 6
Progress: resolved 404, reused 401, downloaded 0, added 57
Progress: resolved 404, reused 401, downloaded 0, added 58
Progress: resolved 404, reused 402, downloaded 0, added 102
Progress: resolved 404, reused 403, downloaded 0, added 162
Progress: resolved 404, reused 403, downloaded 0, added 201
Progress: resolved 404, reused 403, downloaded 0, added 225
Progress: resolved 404, reused 403, downloaded 0, added 272
Progress: resolved 404, reused 403, downloaded 0, added 273
Progress: resolved 404, reused 403, downloaded 0, added 326
Progress: resolved 404, reused 403, downloaded 0, added 339
Progress: resolved 404, reused 403, downloaded 0, added 343
Progress: resolved 404, reused 403, downloaded 0, added 365
Progress: resolved 404, reused 403, downloaded 0, added 366
Progress: resolved 404, reused 403, downloaded 0, added 381
Progress: resolved 404, reused 403, downloaded 0, added 382
Progress: resolved 404, reused 403, downloaded 0, added 395
Progress: resolved 404, reused 403, downloaded 0, added 397
Progress: resolved 404, reused 403, downloaded 0, added 398
Progress: resolved 404, reused 403, downloaded 0, added 399
Progress: resolved 404, reused 403, downloaded 0, added 401
Progress: resolved 404, reused 403, downloaded 0, added 402
Progress: resolved 404, reused 403, downloaded 0, added 403
Progress: resolved 404, reused 404, downloaded 0, added 403
Progress: resolved 404, reused 404, downloaded 0, added 404
Progress: resolved 404, reused 404, downloaded 0, added 404, done

dependencies:
+ @supabase/ssr 0.12.7
+ @supabase/supabase-js 2.117.2
+ next 16.3.8
+ pg 8.16.3
+ react 19.3.0
+ react-dom 19.3.0
+ server-only 0.0.1
+ sharp 0.35.5
+ three 0.180.0
+ zod 4.6.5

devDependencies:
+ @axe-core/playwright 4.13.0
+ @electric-sql/pglite 0.5.8
+ @playwright/test 1.63.0
+ @types/node 24.19.0
+ @types/pg 8.15.5
+ @types/react 19.3.0
+ @types/react-dom 19.3.0
+ @types/three 0.180.0
+ eslint 9.39.5
+ eslint-config-next 16.3.8
+ gltf-validator 2.0.0-dev.3.10
+ typescript 6.0.3
+ vitest 5.0.2

Done in 1m 55.9s using pnpm v9.15.9

EXIT CODE: 0
