COMMAND: pnpm build
CWD: /home/runner/work/_temp/yor-world-rc6-r3-37614269751/app
SOURCE: 0b2e09054742b997eab5b9f0a7ac782dde36b13d
STARTED: 2026-10-07T11:30:01.411240+00:00

> yor-world@1.0.0-rc6 build /home/runner/work/_temp/yor-world-rc6-r3-37614269751/app
> next build

[1m[38;2;173;127;168m▲ Next.js 16.3.8[39m[22m (Turbopack)
[32m[1m✓[22m[39m Running next.config.ts took 21ms
[33m[1m⚠[22m[39m No build cache found. Please configure build caching for faster rebuilds. Read more: https://nextjs.org/docs/messages/no-cache

[37m[1m [22m[39m Creating an optimized production build ...
[32m[1m✓[22m[39m Compiled successfully in 6.1s
[37m[1m [22m[39m Running TypeScript ...
[37m[1m [22m[39m Finished TypeScript in 5.2s ...
[37m[1m [22m[39m Collecting page data using 3 workers ...
[37m[1m [22m[39m Generating static pages using 3 workers (0/7) ...
[37m[1m [22m[39m Generating static pages using 3 workers (1/7) 
[37m[1m [22m[39m Generating static pages using 3 workers (3/7) 
[37m[1m [22m[39m Generating static pages using 3 workers (5/7) 
[32m[1m✓[22m[39m Generating static pages using 3 workers (7/7) in 117ms
[37m[1m [22m[39m Finalizing page optimization ...

[4mRoute (app)[24m
┌ ƒ /
├ ƒ /_not-found
├ ƒ /about
├ ƒ /admin
├ ƒ /admin/editor
├ ƒ /admin/login
├ ƒ /admin/publish
├ ƒ /api/admin/audit
├ ƒ /api/admin/media
├ ƒ /api/admin/media/[id]
├ ƒ /api/admin/media/[id]/approve
├ ƒ /api/admin/projects
├ ƒ /api/admin/publish
├ ƒ /api/admin/rollback
├ ƒ /api/admin/verify
├ ƒ /api/contact
├ ƒ /api/events
├ ƒ /api/github
├ ƒ /api/health
├ ƒ /api/internal/jobs/[job]
├ ƒ /contact
├ ƒ /projects
├ ƒ /projects/[slug]
├ ƒ /resume
├ ○ /robots.txt
└ ƒ /sitemap.xml


ƒ Proxy (Middleware)

○  (Static)   prerendered as static content
ƒ  (Dynamic)  server-rendered on demand


EXIT CODE: 0
