COMMAND: node scripts/release/check-performance-budgets.mjs --benchmark-dir deliveries/G7/rc6-candidate-r3/evidence/performance --output deliveries/G7/rc6-candidate-r3/budget-validation-receipt.json
CWD: /home/runner/work/_temp/yor-world-rc6-r3-37614269751
SOURCE: 0b2e09054742b997eab5b9f0a7ac782dde36b13d
STARTED: 2026-10-07T11:35:40.097504+00:00
PASS / pre-world JS: 186641 / 256000 bytes gzip
PASS / critical transfer: 204089 / 665600 bytes
PASS /about pre-world JS: 177188 / 256000 bytes gzip
PASS /about critical transfer: 190202 / 665600 bytes
PASS /contact pre-world JS: 179059 / 256000 bytes gzip
PASS /contact critical transfer: 191103 / 665600 bytes
PASS /resume pre-world JS: 177188 / 256000 bytes gzip
PASS /resume critical transfer: 190956 / 665600 bytes
PASS /projects pre-world JS: 177188 / 256000 bytes gzip
PASS /projects critical transfer: 189870 / 665600 bytes
PASS desktop essential assets: 2020880 / 6291456 bytes
PASS desktop active geometry upper bound: 21904 / 300000 triangles
PASS desktop asset-derived GPU upper bound: 21845331 / 167772160 bytes estimate
PASS mobile essential assets: 2021376 / 3145728 bytes
PASS mobile active geometry upper bound: 21904 / 140000 triangles
PASS mobile asset-derived GPU upper bound: 21845331 / 83886080 bytes estimate
PASS full optional production world: 4012608 / 14680064 bytes
PASS desktop-1440x900 cold DOMContentLoaded median: 86 / 3000 ms localhost lab
PASS mobile-390x844 cold DOMContentLoaded median: 66 / 3000 ms localhost lab
PASS narrow-320x600 cold DOMContentLoaded median: 71 / 3000 ms localhost lab
PASS active route frame median: 16.69999999999709 / 33.3 ms browser lab
PASS active route frame p95: 16.799999999995634 / 45 ms browser lab

EXIT CODE: 0
