COMMAND: pnpm exec playwright test --list --reporter=json
CWD: /home/runner/work/_temp/yor-world-rc6-r3-37614269751/app
SOURCE: 0b2e09054742b997eab5b9f0a7ac782dde36b13d
STARTED: 2026-10-07T11:30:16.974678+00:00
{
  "config": {
    "argv": [
      "/opt/hostedtoolcache/node/24.19.0/x64/bin/node",
      "/home/runner/work/_temp/yor-world-rc6-r3-37614269751/app/node_modules/@playwright/test/cli.js",
      "test",
      "--list",
      "--reporter=json"
    ],
    "configFile": "/home/runner/work/_temp/yor-world-rc6-r3-37614269751/app/playwright.config.ts",
    "rootDir": "/home/runner/work/_temp/yor-world-rc6-r3-37614269751/app/tests/e2e",
    "failOnFlakyTests": false,
    "forbidOnly": false,
    "fullyParallel": false,
    "globalSetup": null,
    "globalTeardown": null,
    "globalTimeout": 0,
    "grep": {},
    "grepInvert": null,
    "maxFailures": 0,
    "metadata": {},
    "preserveOutput": "always",
    "projects": [
      {
        "outputDir": "/home/runner/work/_temp/yor-world-rc6-r3-37614269751/app/test-results",
        "repeatEach": 1,
        "retries": 0,
        "metadata": {},
        "id": "chromium",
        "name": "chromium",
        "testDir": "/home/runner/work/_temp/yor-world-rc6-r3-37614269751/app/tests/e2e",
        "testIgnore": [],
        "testMatch": [
          "**/*.@(spec|test).?(c|m)[jt]s?(x)"
        ],
        "timeout": 30000
      }
    ],
    "quiet": false,
    "reporter": [
      [
        "json"
      ]
    ],
    "reportSlowTests": {
      "max": 5,
      "threshold": 300000
    },
    "shard": null,
    "tags": [],
    "updateSnapshots": "missing",
    "updateSourceMethod": "patch",
    "version": "1.63.0",
    "workers": 1,
    "webServer": {
      "command": "node node_modules/next/dist/bin/next start --hostname 127.0.0.1 --port 3133",
      "url": "http://127.0.0.1:3133",
      "reuseExistingServer": false,
      "timeout": 60000,
      "env": {
        "NEXT_TELEMETRY_DISABLED": "1"
      },
      "stdout": "ignore",
      "stderr": "pipe"
    }
  },
  "suites": [
    {
      "title": "accessibility.spec.ts",
      "file": "accessibility.spec.ts",
      "column": 0,
      "line": 0,
      "specs": [],
      "suites": [
        {
          "title": "C3 WCAG 2.2 AA Accessibility & Assistive Navigation",
          "file": "accessibility.spec.ts",
          "line": 27,
          "column": 6,
          "specs": [
            {
              "title": "Axe automated accessibility audit on /",
              "ok": true,
              "tags": [],
              "tests": [
                {
                  "timeout": 30000,
                  "annotations": [],
                  "expectedStatus": "passed",
                  "projectId": "chromium",
                  "projectName": "chromium",
                  "results": [],
                  "status": "skipped"
                }
              ],
              "id": "ddd864604af8a6a0198f-2d06fd1226fbc74af902",
              "file": "accessibility.spec.ts",
              "line": 29,
              "column": 5
            },
            {
              "title": "Axe automated accessibility audit on /projects",
              "ok": true,
              "tags": [],
              "tests": [
                {
                  "timeout": 30000,
                  "annotations": [],
                  "expectedStatus": "passed",
                  "projectId": "chromium",
                  "projectName": "chromium",
                  "results": [],
                  "status": "skipped"
                }
              ],
              "id": "ddd864604af8a6a0198f-e95e4a58bb3d5c2065c8",
              "file": "accessibility.spec.ts",
              "line": 29,
              "column": 5
            },
            {
              "title": "Axe automated accessibility audit on /projects/helios",
              "ok": true,
              "tags": [],
              "tests": [
                {
                  "timeout": 30000,
                  "annotations": [],
                  "expectedStatus": "passed",
                  "projectId": "chromium",
                  "projectName": "chromium",
                  "results": [],
                  "status": "skipped"
                }
              ],
              "id": "ddd864604af8a6a0198f-d72b2fe5d0bb44771ec6",
              "file": "accessibility.spec.ts",
              "line": 29,
              "column": 5
            },
            {
              "title": "Axe automated accessibility audit on /projects/zenith",
              "ok": true,
              "tags": [],
              "tests": [
                {
                  "timeout": 30000,
                  "annotations": [],
                  "expectedStatus": "passed",
                  "projectId": "chromium",
                  "projectName": "chromium",
                  "results": [],
                  "status": "skipped"
                }
              ],
              "id": "ddd864604af8a6a0198f-155903ed68555beabc92",
              "file": "accessibility.spec.ts",
              "line": 29,
              "column": 5
            },
            {
              "title": "Axe automated accessibility audit on /projects/ai-vs-real",
              "ok": true,
              "tags": [],
              "tests": [
                {
                  "timeout": 30000,
                  "annotations": [],
                  "expectedStatus": "passed",
                  "projectId": "chromium",
                  "projectName": "chromium",
                  "results": [],
                  "status": "skipped"
                }
              ],
              "id": "ddd864604af8a6a0198f-1f5cfb496ec159e506a5",
              "file": "accessibility.spec.ts",
              "line": 29,
              "column": 5
            },
            {
              "title": "Axe automated accessibility audit on /projects/talks",
              "ok": true,
              "tags": [],
              "tests": [
                {
                  "timeout": 30000,
                  "annotations": [],
                  "expectedStatus": "passed",
                  "projectId": "chromium",
                  "projectName": "chromium",
                  "results": [],
                  "status": "skipped"
                }
              ],
              "id": "ddd864604af8a6a0198f-d2ee4a50239bb6dee4fa",
              "file": "accessibility.spec.ts",
              "line": 29,
              "column": 5
            },
            {
              "title": "Axe automated accessibility audit on /admin/login",
              "ok": true,
              "tags": [],
              "tests": [
                {
                  "timeout": 30000,
                  "annotations": [],
                  "expectedStatus": "passed",
                  "projectId": "chromium",
                  "projectName": "chromium",
                  "results": [],
                  "status": "skipped"
                }
              ],
              "id": "ddd864604af8a6a0198f-f2e35554032684f5d655",
              "file": "accessibility.spec.ts",
              "line": 29,
              "column": 5
            },
            {
              "title": "Axe automated accessibility audit on /projects/candidatex",
              "ok": true,
              "tags": [],
              "tests": [
                {
                  "timeout": 30000,
                  "annotations": [],
                  "expectedStatus": "passed",
                  "projectId": "chromium",
                  "projectName": "chromium",
                  "results": [],
                  "status": "skipped"
                }
              ],
              "id": "ddd864604af8a6a0198f-77b77dff4478d9c5db91",
              "file": "accessibility.spec.ts",
              "line": 29,
              "column": 5
            },
            {
              "title": "Axe automated accessibility audit on /about",
              "ok": true,
              "tags": [],
              "tests": [
                {
                  "timeout": 30000,
                  "annotations": [],
                  "expectedStatus": "passed",
                  "projectId": "chromium",
                  "projectName": "chromium",
                  "results": [],
                  "status": "skipped"
                }
              ],
              "id": "ddd864604af8a6a0198f-74d47e76cd6274bacb1c",
              "file": "accessibility.spec.ts",
              "line": 29,
              "column": 5
            },
            {
              "title": "Axe automated accessibility audit on /resume",
              "ok": true,
              "tags": [],
              "tests": [
                {
                  "timeout": 30000,
                  "annotations": [],
                  "expectedStatus": "passed",
                  "projectId": "chromium",
                  "projectName": "chromium",
                  "results": [],
                  "status": "skipped"
                }
              ],
              "id": "ddd864604af8a6a0198f-7b46988fd1585b0f4b00",
              "file": "accessibility.spec.ts",
              "line": 29,
              "column": 5
            },
            {
              "title": "Axe automated accessibility audit on /contact",
              "ok": true,
              "tags": [],
              "tests": [
                {
                  "timeout": 30000,
                  "annotations": [],
                  "expectedStatus": "passed",
                  "projectId": "chromium",
                  "projectName": "chromium",
                  "results": [],
                  "status": "skipped"
                }
              ],
              "id": "ddd864604af8a6a0198f-9bd4de88b5cfb6f9abb6",
              "file": "accessibility.spec.ts",
              "line": 29,
              "column": 5
            },
            {
              "title": "Logical heading structure and semantic landmarks exist on public shell",
              "ok": true,
              "tags": [],
              "tests": [
                {
                  "timeout": 30000,
                  "annotations": [],
                  "expectedStatus": "passed",
                  "projectId": "chromium",
                  "projectName": "chromium",
                  "results": [],
                  "status": "skipped"
                }
              ],
              "id": "ddd864604af8a6a0198f-37535b839d875e90cfdc",
              "file": "accessibility.spec.ts",
              "line": 51,
              "column": 3
            },
            {
              "title": "Skip to content link allows direct keyboard-only bypass",
              "ok": true,
              "tags": [],
              "tests": [
                {
                  "timeout": 30000,
                  "annotations": [],
                  "expectedStatus": "passed",
                  "projectId": "chromium",
                  "projectName": "chromium",
                  "results": [],
                  "status": "skipped"
                }
              ],
              "id": "ddd864604af8a6a0198f-2c241b812b8dfbd7235a",
              "file": "accessibility.spec.ts",
              "line": 67,
              "column": 3
            },
            {
              "title": "Interactive touch targets meet minimum 44x44 CSS px sizing requirement",
              "ok": true,
              "tags": [],
              "tests": [
                {
                  "timeout": 30000,
                  "annotations": [],
                  "expectedStatus": "passed",
                  "projectId": "chromium",
                  "projectName": "chromium",
                  "results": [],
                  "status": "skipped"
                }
              ],
              "id": "ddd864604af8a6a0198f-0ff27d3375614fbc6846",
              "file": "accessibility.spec.ts",
              "line": 79,
              "column": 3
            },
            {
              "title": "Reflow check: 320 CSS px viewport width without horizontal scrollbars",
              "ok": true,
              "tags": [],
              "tests": [
                {
                  "timeout": 30000,
                  "annotations": [],
                  "expectedStatus": "passed",
                  "projectId": "chromium",
                  "projectName": "chromium",
                  "results": [],
                  "status": "skipped"
                }
              ],
              "id": "ddd864604af8a6a0198f-070ca42c94eb75a71157",
              "file": "accessibility.spec.ts",
              "line": 105,
              "column": 3
            },
            {
              "title": "Zoom / 200% reflow inspection",
              "ok": true,
              "tags": [],
              "tests": [
                {
                  "timeout": 30000,
                  "annotations": [],
                  "expectedStatus": "passed",
                  "projectId": "chromium",
                  "projectName": "chromium",
                  "results": [],
                  "status": "skipped"
                }
              ],
              "id": "ddd864604af8a6a0198f-e260c8fd5b8067844a43",
              "file": "accessibility.spec.ts",
              "line": 116,
              "column": 3
            },
            {
              "title": "Every published project destination is reachable without canvas or WebGL",
              "ok": true,
              "tags": [],
              "tests": [
                {
                  "timeout": 30000,
                  "annotations": [],
                  "expectedStatus": "passed",
                  "projectId": "chromium",
                  "projectName": "chromium",
                  "results": [],
                  "status": "skipped"
                }
              ],
              "id": "ddd864604af8a6a0198f-ff3bd86be04e6f335939",
              "file": "accessibility.spec.ts",
              "line": 129,
              "column": 3
            }
          ]
        }
      ]
    },
    {
      "title": "browser-behavior.spec.ts",
      "file": "browser-behavior.spec.ts",
      "column": 0,
      "line": 0,
      "specs": [],
      "suites": [
        {
          "title": "G1 Combined World Integration & Browser Behavior",
          "file": "browser-behavior.spec.ts",
          "line": 84,
          "column": 6,
          "specs": [
            {
              "title": "1. Load: public page loads with zero 3D world scripts or models pre-entry",
              "ok": true,
              "tags": [],
              "tests": [
                {
                  "timeout": 30000,
                  "annotations": [],
                  "expectedStatus": "passed",
                  "projectId": "chromium",
                  "projectName": "chromium",
                  "results": [],
                  "status": "skipped"
                }
              ],
              "id": "347fb43fec10637f427e-ba9400b06cd92b372e2a",
              "file": "browser-behavior.spec.ts",
              "line": 89,
              "column": 3
            },
            {
              "title": "2. Entry & 3. Home Camera: explicit entry mounts world with single resident and chair at F1 coordinates",
              "ok": true,
              "tags": [],
              "tests": [
                {
                  "timeout": 30000,
                  "annotations": [],
                  "expectedStatus": "passed",
                  "projectId": "chromium",
                  "projectName": "chromium",
                  "results": [],
                  "status": "skipped"
                }
              ],
              "id": "347fb43fec10637f427e-688f859588c9d2cb02b0",
              "file": "browser-behavior.spec.ts",
              "line": 109,
              "column": 3
            },
            {
              "title": "4. Greeting & 5. Return: resident acknowledges visitor with chair turn and returns to work",
              "ok": true,
              "tags": [],
              "tests": [
                {
                  "timeout": 30000,
                  "annotations": [],
                  "expectedStatus": "passed",
                  "projectId": "chromium",
                  "projectName": "chromium",
                  "results": [],
                  "status": "skipped"
                }
              ],
              "id": "347fb43fec10637f427e-5268dfd67abee9a54541",
              "file": "browser-behavior.spec.ts",
              "line": 152,
              "column": 3
            },
            {
              "title": "6. Repeat: safe repeated greeting interactions without state corruption",
              "ok": true,
              "tags": [],
              "tests": [
                {
                  "timeout": 30000,
                  "annotations": [],
                  "expectedStatus": "passed",
                  "projectId": "chromium",
                  "projectName": "chromium",
                  "results": [],
                  "status": "skipped"
                }
              ],
              "id": "347fb43fec10637f427e-30ed002c4dd887d335f7",
              "file": "browser-behavior.spec.ts",
              "line": 181,
              "column": 3
            },
            {
              "title": "7. Cancel: safe cancellation reverses along collision-checked path back to rest",
              "ok": true,
              "tags": [],
              "tests": [
                {
                  "timeout": 30000,
                  "annotations": [],
                  "expectedStatus": "passed",
                  "projectId": "chromium",
                  "projectName": "chromium",
                  "results": [],
                  "status": "skipped"
                }
              ],
              "id": "347fb43fec10637f427e-828d9feb06c0df542515",
              "file": "browser-behavior.spec.ts",
              "line": 201,
              "column": 3
            },
            {
              "title": "8. Skip/Escape: instant settlement to coding pose within ≤50ms",
              "ok": true,
              "tags": [],
              "tests": [
                {
                  "timeout": 30000,
                  "annotations": [],
                  "expectedStatus": "passed",
                  "projectId": "chromium",
                  "projectName": "chromium",
                  "results": [],
                  "status": "skipped"
                }
              ],
              "id": "347fb43fec10637f427e-8a94b612b1934464d1b6",
              "file": "browser-behavior.spec.ts",
              "line": 220,
              "column": 3
            },
            {
              "title": "9. Monitor & 10. Reverse Doorway camera navigation",
              "ok": true,
              "tags": [],
              "tests": [
                {
                  "timeout": 30000,
                  "annotations": [],
                  "expectedStatus": "passed",
                  "projectId": "chromium",
                  "projectName": "chromium",
                  "results": [],
                  "status": "skipped"
                }
              ],
              "id": "347fb43fec10637f427e-72a1e1ecfe94bb5a00da",
              "file": "browser-behavior.spec.ts",
              "line": 262,
              "column": 3
            },
            {
              "title": "11. Mobile Viewport: touch-friendly HUD and mobile framing",
              "ok": true,
              "tags": [],
              "tests": [
                {
                  "timeout": 30000,
                  "annotations": [],
                  "expectedStatus": "passed",
                  "projectId": "chromium",
                  "projectName": "chromium",
                  "results": [],
                  "status": "skipped"
                }
              ],
              "id": "347fb43fec10637f427e-6410262dbf91da928400",
              "file": "browser-behavior.spec.ts",
              "line": 294,
              "column": 3
            },
            {
              "title": "12. Reduced Motion & Sound Defaults",
              "ok": true,
              "tags": [],
              "tests": [
                {
                  "timeout": 30000,
                  "annotations": [],
                  "expectedStatus": "passed",
                  "projectId": "chromium",
                  "projectName": "chromium",
                  "results": [],
                  "status": "skipped"
                }
              ],
              "id": "347fb43fec10637f427e-58a9c1628e41cec18ba5",
              "file": "browser-behavior.spec.ts",
              "line": 315,
              "column": 3
            },
            {
              "title": "13. Asset Failure: graceful fallback leaves useful HTML",
              "ok": true,
              "tags": [],
              "tests": [
                {
                  "timeout": 30000,
                  "annotations": [],
                  "expectedStatus": "passed",
                  "projectId": "chromium",
                  "projectName": "chromium",
                  "results": [],
                  "status": "skipped"
                }
              ],
              "id": "347fb43fec10637f427e-481157fe2c74d263d49b",
              "file": "browser-behavior.spec.ts",
              "line": 341,
              "column": 3
            },
            {
              "title": "14. Renderer Failure: WebGL failure caught cleanly leaving useful HTML",
              "ok": true,
              "tags": [],
              "tests": [
                {
                  "timeout": 30000,
                  "annotations": [],
                  "expectedStatus": "passed",
                  "projectId": "chromium",
                  "projectName": "chromium",
                  "results": [],
                  "status": "skipped"
                }
              ],
              "id": "347fb43fec10637f427e-9ca31b0872610f0e143c",
              "file": "browser-behavior.spec.ts",
              "line": 358,
              "column": 3
            },
            {
              "title": "15. Fallback Content with JavaScript Disabled: 100% useful semantic HTML",
              "ok": true,
              "tags": [],
              "tests": [
                {
                  "timeout": 30000,
                  "annotations": [],
                  "expectedStatus": "passed",
                  "projectId": "chromium",
                  "projectName": "chromium",
                  "results": [],
                  "status": "skipped"
                }
              ],
              "id": "347fb43fec10637f427e-a68c116967373df98936",
              "file": "browser-behavior.spec.ts",
              "line": 372,
              "column": 3
            }
          ]
        }
      ]
    },
    {
      "title": "full-stack-integration.spec.ts",
      "file": "full-stack-integration.spec.ts",
      "column": 0,
      "line": 0,
      "specs": [],
      "suites": [
        {
          "title": "RC3 cross-lane full stack",
          "file": "full-stack-integration.spec.ts",
          "line": 31,
          "column": 6,
          "specs": [
            {
              "title": "world monitor contact command reaches the real durable contact API",
              "ok": true,
              "tags": [],
              "tests": [
                {
                  "timeout": 30000,
                  "annotations": [],
                  "expectedStatus": "passed",
                  "projectId": "chromium",
                  "projectName": "chromium",
                  "results": [],
                  "status": "skipped"
                }
              ],
              "id": "1c76c374363035215329-9530947049d26a1c81d7",
              "file": "full-stack-integration.spec.ts",
              "line": 38,
              "column": 3
            },
            {
              "title": "renderer failure leaves the real contact form functional",
              "ok": true,
              "tags": [],
              "tests": [
                {
                  "timeout": 30000,
                  "annotations": [],
                  "expectedStatus": "passed",
                  "projectId": "chromium",
                  "projectName": "chromium",
                  "results": [],
                  "status": "skipped"
                }
              ],
              "id": "1c76c374363035215329-d09af592eb945af14f94",
              "file": "full-stack-integration.spec.ts",
              "line": 52,
              "column": 3
            },
            {
              "title": "direct contact needs no world and canonical API replays R2 receipts and rejects conflicts",
              "ok": true,
              "tags": [],
              "tests": [
                {
                  "timeout": 30000,
                  "annotations": [],
                  "expectedStatus": "passed",
                  "projectId": "chromium",
                  "projectName": "chromium",
                  "results": [],
                  "status": "skipped"
                }
              ],
              "id": "1c76c374363035215329-0506acd665ba6a1afc9e",
              "file": "full-stack-integration.spec.ts",
              "line": 59,
              "column": 3
            },
            {
              "title": "public world availability does not grant admin or private API access",
              "ok": true,
              "tags": [],
              "tests": [
                {
                  "timeout": 30000,
                  "annotations": [],
                  "expectedStatus": "passed",
                  "projectId": "chromium",
                  "projectName": "chromium",
                  "results": [],
                  "status": "skipped"
                }
              ],
              "id": "1c76c374363035215329-ab2699a969874bff926a",
              "file": "full-stack-integration.spec.ts",
              "line": 76,
              "column": 3
            },
            {
              "title": "a real approved publication update reaches project HTML and world navigation across requests",
              "ok": true,
              "tags": [],
              "tests": [
                {
                  "timeout": 30000,
                  "annotations": [],
                  "expectedStatus": "passed",
                  "projectId": "chromium",
                  "projectName": "chromium",
                  "results": [],
                  "status": "skipped"
                }
              ],
              "id": "1c76c374363035215329-cd799925e085d59dab2d",
              "file": "full-stack-integration.spec.ts",
              "line": 92,
              "column": 3
            },
            {
              "title": "reduced motion preserves keyboard contact and protected admin DOM flows",
              "ok": true,
              "tags": [],
              "tests": [
                {
                  "timeout": 30000,
                  "annotations": [],
                  "expectedStatus": "passed",
                  "projectId": "chromium",
                  "projectName": "chromium",
                  "results": [],
                  "status": "skipped"
                }
              ],
              "id": "1c76c374363035215329-8e4fe086d6363f22d095",
              "file": "full-stack-integration.spec.ts",
              "line": 137,
              "column": 3
            },
            {
              "title": "static fallback uses approved projects and exposes no draft/private data",
              "ok": true,
              "tags": [],
              "tests": [
                {
                  "timeout": 30000,
                  "annotations": [],
                  "expectedStatus": "passed",
                  "projectId": "chromium",
                  "projectName": "chromium",
                  "results": [],
                  "status": "skipped"
                }
              ],
              "id": "1c76c374363035215329-c3fd09778ec8148aba0b",
              "file": "full-stack-integration.spec.ts",
              "line": 150,
              "column": 3
            },
            {
              "title": "production project routes survive an actual backend connection outage",
              "ok": true,
              "tags": [],
              "tests": [
                {
                  "timeout": 30000,
                  "annotations": [],
                  "expectedStatus": "passed",
                  "projectId": "chromium",
                  "projectName": "chromium",
                  "results": [],
                  "status": "skipped"
                }
              ],
              "id": "1c76c374363035215329-d37ce36e16b05e0545c2",
              "file": "full-stack-integration.spec.ts",
              "line": 164,
              "column": 3
            }
          ]
        }
      ]
    },
    {
      "title": "legacy-platform/project-routes.spec.ts",
      "file": "legacy-platform/project-routes.spec.ts",
      "column": 0,
      "line": 0,
      "specs": [],
      "suites": [
        {
          "title": "A2 Verified Portfolio Content & Project Routes",
          "file": "legacy-platform/project-routes.spec.ts",
          "line": 34,
          "column": 6,
          "specs": [
            {
              "title": "verified projects render substantive case studies with evidence audit box and valid links",
              "ok": true,
              "tags": [],
              "tests": [
                {
                  "timeout": 30000,
                  "annotations": [],
                  "expectedStatus": "passed",
                  "projectId": "chromium",
                  "projectName": "chromium",
                  "results": [],
                  "status": "skipped"
                }
              ],
              "id": "08929e2226cd5f3acdff-f52c272a09f9990cc6ed",
              "file": "legacy-platform/project-routes.spec.ts",
              "line": 37,
              "column": 3
            },
            {
              "title": "unpublished candidate 'candidatex' returns 404 without leaking unverified data",
              "ok": true,
              "tags": [],
              "tests": [
                {
                  "timeout": 30000,
                  "annotations": [],
                  "expectedStatus": "passed",
                  "projectId": "chromium",
                  "projectName": "chromium",
                  "results": [],
                  "status": "skipped"
                }
              ],
              "id": "08929e2226cd5f3acdff-bc911dc0701b1491d28e",
              "file": "legacy-platform/project-routes.spec.ts",
              "line": 76,
              "column": 3
            },
            {
              "title": "unknown arbitrary slug returns 404",
              "ok": true,
              "tags": [],
              "tests": [
                {
                  "timeout": 30000,
                  "annotations": [],
                  "expectedStatus": "passed",
                  "projectId": "chromium",
                  "projectName": "chromium",
                  "results": [],
                  "status": "skipped"
                }
              ],
              "id": "08929e2226cd5f3acdff-a19cba35f3cbb3c8fb9e",
              "file": "legacy-platform/project-routes.spec.ts",
              "line": 89,
              "column": 3
            },
            {
              "title": "missing figure renders accessible fallback without broken img elements",
              "ok": true,
              "tags": [],
              "tests": [
                {
                  "timeout": 30000,
                  "annotations": [],
                  "expectedStatus": "passed",
                  "projectId": "chromium",
                  "projectName": "chromium",
                  "results": [],
                  "status": "skipped"
                }
              ],
              "id": "08929e2226cd5f3acdff-e86651ed5dfaab591be5",
              "file": "legacy-platform/project-routes.spec.ts",
              "line": 95,
              "column": 3
            },
            {
              "title": "long title and typography resilience does not overflow or break viewport layout",
              "ok": true,
              "tags": [],
              "tests": [
                {
                  "timeout": 30000,
                  "annotations": [],
                  "expectedStatus": "passed",
                  "projectId": "chromium",
                  "projectName": "chromium",
                  "results": [],
                  "status": "skipped"
                }
              ],
              "id": "08929e2226cd5f3acdff-67d0f03a4e32ca2d66a7",
              "file": "legacy-platform/project-routes.spec.ts",
              "line": 111,
              "column": 3
            },
            {
              "title": "direct refresh preserves 200 OK and rendered state",
              "ok": true,
              "tags": [],
              "tests": [
                {
                  "timeout": 30000,
                  "annotations": [],
                  "expectedStatus": "passed",
                  "projectId": "chromium",
                  "projectName": "chromium",
                  "results": [],
                  "status": "skipped"
                }
              ],
              "id": "08929e2226cd5f3acdff-69ce3d993a5f4a67bc2f",
              "file": "legacy-platform/project-routes.spec.ts",
              "line": 125,
              "column": 3
            },
            {
              "title": "back navigation from project case study returns cleanly to projects index",
              "ok": true,
              "tags": [],
              "tests": [
                {
                  "timeout": 30000,
                  "annotations": [],
                  "expectedStatus": "passed",
                  "projectId": "chromium",
                  "projectName": "chromium",
                  "results": [],
                  "status": "skipped"
                }
              ],
              "id": "08929e2226cd5f3acdff-a3e002bebb0d9625f0ac",
              "file": "legacy-platform/project-routes.spec.ts",
              "line": 135,
              "column": 3
            },
            {
              "title": "JavaScript disabled: all project routes render substantive semantic HTML with zero WebGL/world requests",
              "ok": true,
              "tags": [],
              "tests": [
                {
                  "timeout": 30000,
                  "annotations": [],
                  "expectedStatus": "passed",
                  "projectId": "chromium",
                  "projectName": "chromium",
                  "results": [],
                  "status": "skipped"
                }
              ],
              "id": "08929e2226cd5f3acdff-38f5cf2861a0e151e8a2",
              "file": "legacy-platform/project-routes.spec.ts",
              "line": 151,
              "column": 3
            },
            {
              "title": "safe external links enforce strict HTTPS and security attributes across all projects",
              "ok": true,
              "tags": [],
              "tests": [
                {
                  "timeout": 30000,
                  "annotations": [],
                  "expectedStatus": "passed",
                  "projectId": "chromium",
                  "projectName": "chromium",
                  "results": [],
                  "status": "skipped"
                }
              ],
              "id": "08929e2226cd5f3acdff-8ee9b296bf0cfd4a829d",
              "file": "legacy-platform/project-routes.spec.ts",
              "line": 203,
              "column": 3
            },
            {
              "title": "metadata, canonical URLs, and sitemap.xml strictly include verified projects only",
              "ok": true,
              "tags": [],
              "tests": [
                {
                  "timeout": 30000,
                  "annotations": [],
                  "expectedStatus": "passed",
                  "projectId": "chromium",
                  "projectName": "chromium",
                  "results": [],
                  "status": "skipped"
                }
              ],
              "id": "08929e2226cd5f3acdff-3da7a1307ca672ed027d",
              "file": "legacy-platform/project-routes.spec.ts",
              "line": 225,
              "column": 3
            }
          ]
        }
      ]
    },
    {
      "title": "payload.spec.ts",
      "file": "payload.spec.ts",
      "column": 0,
      "line": 0,
      "specs": [
        {
          "title": "five cold loads per desktop and mobile profile record actual production payloads",
          "ok": true,
          "tags": [],
          "tests": [
            {
              "timeout": 30000,
              "annotations": [],
              "expectedStatus": "passed",
              "projectId": "chromium",
              "projectName": "chromium",
              "results": [],
              "status": "skipped"
            }
          ],
          "id": "5c61aa67fec245dc574b-504828f034919390db07",
          "file": "payload.spec.ts",
          "line": 7,
          "column": 1
        }
      ]
    },
    {
      "title": "physical-interactions.spec.ts",
      "file": "physical-interactions.spec.ts",
      "column": 0,
      "line": 0,
      "specs": [],
      "suites": [
        {
          "title": "Physical & Room Interactions: Task C1 Arbitration & Robustness",
          "file": "physical-interactions.spec.ts",
          "line": 3,
          "column": 6,
          "specs": [
            {
              "title": "1. Invariants: verifies single owners and high-level experience snapshot",
              "ok": true,
              "tags": [],
              "tests": [
                {
                  "timeout": 30000,
                  "annotations": [],
                  "expectedStatus": "passed",
                  "projectId": "chromium",
                  "projectName": "chromium",
                  "results": [],
                  "status": "skipped"
                }
              ],
              "id": "bc0750debae2e99a150f-2ebd9272268c8c33556f",
              "file": "physical-interactions.spec.ts",
              "line": 21,
              "column": 3
            },
            {
              "title": "2. Attack: rapid resident greeting clicks without race conditions or double-queuing",
              "ok": true,
              "tags": [],
              "tests": [
                {
                  "timeout": 30000,
                  "annotations": [],
                  "expectedStatus": "passed",
                  "projectId": "chromium",
                  "projectName": "chromium",
                  "results": [],
                  "status": "skipped"
                }
              ],
              "id": "bc0750debae2e99a150f-132caa4c8c740b57058c",
              "file": "physical-interactions.spec.ts",
              "line": 45,
              "column": 3
            },
            {
              "title": "3. Attack: Escape key cancels interaction and restores safe explore base state",
              "ok": true,
              "tags": [],
              "tests": [
                {
                  "timeout": 30000,
                  "annotations": [],
                  "expectedStatus": "passed",
                  "projectId": "chromium",
                  "projectName": "chromium",
                  "results": [],
                  "status": "skipped"
                }
              ],
              "id": "bc0750debae2e99a150f-052647481e408f6a3052",
              "file": "physical-interactions.spec.ts",
              "line": 63,
              "column": 3
            },
            {
              "title": "4. Non-geometry equivalent: accessible Room Controls toggles environment settings",
              "ok": true,
              "tags": [],
              "tests": [
                {
                  "timeout": 30000,
                  "annotations": [],
                  "expectedStatus": "passed",
                  "projectId": "chromium",
                  "projectName": "chromium",
                  "results": [],
                  "status": "skipped"
                }
              ],
              "id": "bc0750debae2e99a150f-07499fe3f43288afe5c5",
              "file": "physical-interactions.spec.ts",
              "line": 81,
              "column": 3
            },
            {
              "title": "5. Painting interaction: inspection tilt triggers spring response and discovers hidden mark",
              "ok": true,
              "tags": [],
              "tests": [
                {
                  "timeout": 30000,
                  "annotations": [],
                  "expectedStatus": "passed",
                  "projectId": "chromium",
                  "projectName": "chromium",
                  "results": [],
                  "status": "skipped"
                }
              ],
              "id": "bc0750debae2e99a150f-4046be224e2711901a56",
              "file": "physical-interactions.spec.ts",
              "line": 112,
              "column": 3
            },
            {
              "title": "6. Attack: route navigation during interaction unmounts cleanly without errors",
              "ok": true,
              "tags": [],
              "tests": [
                {
                  "timeout": 30000,
                  "annotations": [],
                  "expectedStatus": "passed",
                  "projectId": "chromium",
                  "projectName": "chromium",
                  "results": [],
                  "status": "skipped"
                }
              ],
              "id": "bc0750debae2e99a150f-50ee9a7834f459c6c784",
              "file": "physical-interactions.spec.ts",
              "line": 129,
              "column": 3
            }
          ]
        }
      ]
    },
    {
      "title": "platform/admin-auth.spec.ts",
      "file": "platform/admin-auth.spec.ts",
      "column": 0,
      "line": 0,
      "specs": [],
      "suites": [
        {
          "title": "Milestone A3: Protected Admin Shell & Login E2E",
          "file": "platform/admin-auth.spec.ts",
          "line": 10,
          "column": 6,
          "specs": [
            {
              "title": "loads accessible login page with email, password, and TOTP MFA controls",
              "ok": true,
              "tags": [],
              "tests": [
                {
                  "timeout": 30000,
                  "annotations": [],
                  "expectedStatus": "passed",
                  "projectId": "chromium",
                  "projectName": "chromium",
                  "results": [],
                  "status": "skipped"
                }
              ],
              "id": "022f58fb86d43805b44a-7bae7360c3ce86eb52c8",
              "file": "platform/admin-auth.spec.ts",
              "line": 14,
              "column": 3
            },
            {
              "title": "admin dashboard displays security overview and boundary disclosure",
              "ok": true,
              "tags": [],
              "tests": [
                {
                  "timeout": 30000,
                  "annotations": [],
                  "expectedStatus": "passed",
                  "projectId": "chromium",
                  "projectName": "chromium",
                  "results": [],
                  "status": "skipped"
                }
              ],
              "id": "022f58fb86d43805b44a-229feab9752dbcda83bb",
              "file": "platform/admin-auth.spec.ts",
              "line": 42,
              "column": 3
            },
            {
              "title": "admin pages require zero WebGL, canvas, or 3D models",
              "ok": true,
              "tags": [],
              "tests": [
                {
                  "timeout": 30000,
                  "annotations": [],
                  "expectedStatus": "passed",
                  "projectId": "chromium",
                  "projectName": "chromium",
                  "results": [],
                  "status": "skipped"
                }
              ],
              "id": "022f58fb86d43805b44a-e973c6b10ba34ce34496",
              "file": "platform/admin-auth.spec.ts",
              "line": 63,
              "column": 3
            },
            {
              "title": "anonymous administration access redirects to login and private APIs deny access",
              "ok": true,
              "tags": [],
              "tests": [
                {
                  "timeout": 30000,
                  "annotations": [],
                  "expectedStatus": "passed",
                  "projectId": "chromium",
                  "projectName": "chromium",
                  "results": [],
                  "status": "skipped"
                }
              ],
              "id": "022f58fb86d43805b44a-9ab56120ec4dbe3ed018",
              "file": "platform/admin-auth.spec.ts",
              "line": 79,
              "column": 3
            }
          ]
        }
      ]
    },
    {
      "title": "platform/admin-publish.spec.ts",
      "file": "platform/admin-publish.spec.ts",
      "column": 0,
      "line": 0,
      "specs": [],
      "suites": [
        {
          "title": "Milestone A4: Project Editor & Publication Management E2E",
          "file": "platform/admin-publish.spec.ts",
          "line": 44,
          "column": 6,
          "specs": [
            {
              "title": "admin navigation includes links to Dashboard, Editor, and Publish",
              "ok": true,
              "tags": [],
              "tests": [
                {
                  "timeout": 30000,
                  "annotations": [],
                  "expectedStatus": "passed",
                  "projectId": "chromium",
                  "projectName": "chromium",
                  "results": [],
                  "status": "skipped"
                }
              ],
              "id": "2551250f49b45418769d-793bb432c48cf3c9c5cd",
              "file": "platform/admin-publish.spec.ts",
              "line": 48,
              "column": 3
            },
            {
              "title": "loads project editor with structured editing controls",
              "ok": true,
              "tags": [],
              "tests": [
                {
                  "timeout": 30000,
                  "annotations": [],
                  "expectedStatus": "passed",
                  "projectId": "chromium",
                  "projectName": "chromium",
                  "results": [],
                  "status": "skipped"
                }
              ],
              "id": "2551250f49b45418769d-188bc2ac4ecb7ca72746",
              "file": "platform/admin-publish.spec.ts",
              "line": 63,
              "column": 3
            },
            {
              "title": "loads publish review with pre-flight checklist and publication history table",
              "ok": true,
              "tags": [],
              "tests": [
                {
                  "timeout": 30000,
                  "annotations": [],
                  "expectedStatus": "passed",
                  "projectId": "chromium",
                  "projectName": "chromium",
                  "results": [],
                  "status": "skipped"
                }
              ],
              "id": "2551250f49b45418769d-730db2b0e245ea019029",
              "file": "platform/admin-publish.spec.ts",
              "line": 94,
              "column": 3
            },
            {
              "title": "editor and publish interfaces require zero WebGL, canvas, or 3D models",
              "ok": true,
              "tags": [],
              "tests": [
                {
                  "timeout": 30000,
                  "annotations": [],
                  "expectedStatus": "passed",
                  "projectId": "chromium",
                  "projectName": "chromium",
                  "results": [],
                  "status": "skipped"
                }
              ],
              "id": "2551250f49b45418769d-e8b927105f966bb47309",
              "file": "platform/admin-publish.spec.ts",
              "line": 122,
              "column": 3
            },
            {
              "title": "public portfolio continues to serve approved snapshot with no private media leakage",
              "ok": true,
              "tags": [],
              "tests": [
                {
                  "timeout": 30000,
                  "annotations": [],
                  "expectedStatus": "passed",
                  "projectId": "chromium",
                  "projectName": "chromium",
                  "results": [],
                  "status": "skipped"
                }
              ],
              "id": "2551250f49b45418769d-6d35c27da0cb3f415a5b",
              "file": "platform/admin-publish.spec.ts",
              "line": 139,
              "column": 3
            }
          ]
        }
      ]
    },
    {
      "title": "platform/contact-form.spec.ts",
      "file": "platform/contact-form.spec.ts",
      "column": 0,
      "line": 0,
      "specs": [],
      "suites": [
        {
          "title": "Milestone A5: Contact Form & Durable Receipt",
          "file": "platform/contact-form.spec.ts",
          "line": 14,
          "column": 6,
          "specs": [
            {
              "title": "contact route renders semantic HTML form without WebGL",
              "ok": true,
              "tags": [],
              "tests": [
                {
                  "timeout": 30000,
                  "annotations": [],
                  "expectedStatus": "passed",
                  "projectId": "chromium",
                  "projectName": "chromium",
                  "results": [],
                  "status": "skipped"
                }
              ],
              "id": "b1fa374bc517b020c285-d6fd5d1cbd701e4793f5",
              "file": "platform/contact-form.spec.ts",
              "line": 15,
              "column": 3
            },
            {
              "title": "submits valid contact inquiry and displays honest durable receipt",
              "ok": true,
              "tags": [],
              "tests": [
                {
                  "timeout": 30000,
                  "annotations": [],
                  "expectedStatus": "passed",
                  "projectId": "chromium",
                  "projectName": "chromium",
                  "results": [],
                  "status": "skipped"
                }
              ],
              "id": "b1fa374bc517b020c285-db1e91e2ea0db7506a81",
              "file": "platform/contact-form.spec.ts",
              "line": 38,
              "column": 3
            },
            {
              "title": "direct refresh retains accessible page and direct channels",
              "ok": true,
              "tags": [],
              "tests": [
                {
                  "timeout": 30000,
                  "annotations": [],
                  "expectedStatus": "passed",
                  "projectId": "chromium",
                  "projectName": "chromium",
                  "results": [],
                  "status": "skipped"
                }
              ],
              "id": "b1fa374bc517b020c285-f76e4832774084bdb91f",
              "file": "platform/contact-form.spec.ts",
              "line": 67,
              "column": 3
            }
          ]
        }
      ]
    },
    {
      "title": "platform/health.spec.ts",
      "file": "platform/health.spec.ts",
      "column": 0,
      "line": 0,
      "specs": [],
      "suites": [
        {
          "title": "Health production HTTP contract without configured live dependencies",
          "file": "platform/health.spec.ts",
          "line": 3,
          "column": 6,
          "specs": [
            {
              "title": "explicit liveness is a noncacheable process-only response",
              "ok": true,
              "tags": [],
              "tests": [
                {
                  "timeout": 30000,
                  "annotations": [],
                  "expectedStatus": "passed",
                  "projectId": "chromium",
                  "projectName": "chromium",
                  "results": [],
                  "status": "skipped"
                }
              ],
              "id": "ba19da843e8b968c59b2-ad79a4d02753bca217c0",
              "file": "platform/health.spec.ts",
              "line": 4,
              "column": 3
            },
            {
              "title": "default readiness rejects test fixtures or missing production configuration",
              "ok": true,
              "tags": [],
              "tests": [
                {
                  "timeout": 30000,
                  "annotations": [],
                  "expectedStatus": "passed",
                  "projectId": "chromium",
                  "projectName": "chromium",
                  "results": [],
                  "status": "skipped"
                }
              ],
              "id": "ba19da843e8b968c59b2-0d3ca49fd68c1e5850bb",
              "file": "platform/health.spec.ts",
              "line": 12,
              "column": 3
            },
            {
              "title": "invalid probe is generic and liveness HEAD contains no response body",
              "ok": true,
              "tags": [],
              "tests": [
                {
                  "timeout": 30000,
                  "annotations": [],
                  "expectedStatus": "passed",
                  "projectId": "chromium",
                  "projectName": "chromium",
                  "results": [],
                  "status": "skipped"
                }
              ],
              "id": "ba19da843e8b968c59b2-8173f9408f7af6c7b2c0",
              "file": "platform/health.spec.ts",
              "line": 24,
              "column": 3
            }
          ]
        }
      ]
    },
    {
      "title": "platform/security.spec.ts",
      "file": "platform/security.spec.ts",
      "column": 0,
      "line": 0,
      "specs": [],
      "suites": [
        {
          "title": "Actual production CSP and immutable asset behavior",
          "file": "platform/security.spec.ts",
          "line": 6,
          "column": 6,
          "specs": [
            {
              "title": "fresh matching framework nonces replace attacker headers on each HTML response",
              "ok": true,
              "tags": [],
              "tests": [
                {
                  "timeout": 30000,
                  "annotations": [],
                  "expectedStatus": "passed",
                  "projectId": "chromium",
                  "projectName": "chromium",
                  "results": [],
                  "status": "skipped"
                }
              ],
              "id": "fc1a923f1e358f27d8bc-79414a39259af5e87533",
              "file": "platform/security.spec.ts",
              "line": 7,
              "column": 3
            },
            {
              "title": "original server policy blocks a parser-inserted unnonced attack through controlled response delivery",
              "ok": true,
              "tags": [],
              "tests": [
                {
                  "timeout": 30000,
                  "annotations": [],
                  "expectedStatus": "passed",
                  "projectId": "chromium",
                  "projectName": "chromium",
                  "results": [],
                  "status": "skipped"
                }
              ],
              "id": "fc1a923f1e358f27d8bc-71bf1b082f752e826306",
              "file": "platform/security.spec.ts",
              "line": 36,
              "column": 3
            },
            {
              "title": "nonce hydration supports real LOW world rendering and SPA navigation",
              "ok": true,
              "tags": [],
              "tests": [
                {
                  "timeout": 30000,
                  "annotations": [],
                  "expectedStatus": "passed",
                  "projectId": "chromium",
                  "projectName": "chromium",
                  "results": [],
                  "status": "skipped"
                }
              ],
              "id": "fc1a923f1e358f27d8bc-c99c8d28139d7c098797",
              "file": "platform/security.spec.ts",
              "line": 60,
              "column": 3
            },
            {
              "title": "contact and owner login hydrate and retain real API/fail-closed behavior",
              "ok": true,
              "tags": [],
              "tests": [
                {
                  "timeout": 30000,
                  "annotations": [],
                  "expectedStatus": "passed",
                  "projectId": "chromium",
                  "projectName": "chromium",
                  "results": [],
                  "status": "skipped"
                }
              ],
              "id": "fc1a923f1e358f27d8bc-1001d395478bd9b786a6",
              "file": "platform/security.spec.ts",
              "line": 78,
              "column": 3
            },
            {
              "title": "all nine frozen model responses are immutable and match the existing source bytes",
              "ok": true,
              "tags": [],
              "tests": [
                {
                  "timeout": 30000,
                  "annotations": [],
                  "expectedStatus": "passed",
                  "projectId": "chromium",
                  "projectName": "chromium",
                  "results": [],
                  "status": "skipped"
                }
              ],
              "id": "fc1a923f1e358f27d8bc-802fdc19c24863640fa4",
              "file": "platform/security.spec.ts",
              "line": 97,
              "column": 3
            }
          ]
        }
      ]
    },
    {
      "title": "public-shell.spec.ts",
      "file": "public-shell.spec.ts",
      "column": 0,
      "line": 0,
      "specs": [
        {
          "title": "direct loads, refreshes, route headings, honest empty states and 404",
          "ok": true,
          "tags": [],
          "tests": [
            {
              "timeout": 30000,
              "annotations": [],
              "expectedStatus": "passed",
              "projectId": "chromium",
              "projectName": "chromium",
              "results": [],
              "status": "skipped"
            }
          ],
          "id": "f0cfd2fbd848c3ea2025-687b5e8b464a8afb7430",
          "file": "public-shell.spec.ts",
          "line": 54,
          "column": 1
        },
        {
          "title": "keyboard skip link and all primary destinations work without pointer input",
          "ok": true,
          "tags": [],
          "tests": [
            {
              "timeout": 30000,
              "annotations": [],
              "expectedStatus": "passed",
              "projectId": "chromium",
              "projectName": "chromium",
              "results": [],
              "status": "skipped"
            }
          ],
          "id": "f0cfd2fbd848c3ea2025-cb7bdd0d9a6f2d650f3c",
          "file": "public-shell.spec.ts",
          "line": 88,
          "column": 1
        },
        {
          "title": "useful HTML and native navigation remain with JavaScript disabled",
          "ok": true,
          "tags": [],
          "tests": [
            {
              "timeout": 30000,
              "annotations": [],
              "expectedStatus": "passed",
              "projectId": "chromium",
              "projectName": "chromium",
              "results": [],
              "status": "skipped"
            }
          ],
          "id": "f0cfd2fbd848c3ea2025-719f5afcf0d1c95da284",
          "file": "public-shell.spec.ts",
          "line": 114,
          "column": 1
        },
        {
          "title": "world and backend requests blocked; entry reports unavailable; sound and WebGL stay off",
          "ok": true,
          "tags": [],
          "tests": [
            {
              "timeout": 30000,
              "annotations": [],
              "expectedStatus": "passed",
              "projectId": "chromium",
              "projectName": "chromium",
              "results": [],
              "status": "skipped"
            }
          ],
          "id": "f0cfd2fbd848c3ea2025-ce6cbb42fd2d8578d3f5",
          "file": "public-shell.spec.ts",
          "line": 140,
          "column": 1
        },
        {
          "title": "reduced motion has no active animation or smooth travel and keeps all routes",
          "ok": true,
          "tags": [],
          "tests": [
            {
              "timeout": 30000,
              "annotations": [],
              "expectedStatus": "passed",
              "projectId": "chromium",
              "projectName": "chromium",
              "results": [],
              "status": "skipped"
            }
          ],
          "id": "f0cfd2fbd848c3ea2025-2f951e6348d918beaf10",
          "file": "public-shell.spec.ts",
          "line": 201,
          "column": 1
        },
        {
          "title": "direct section anchors and browser Back preserve reachable content",
          "ok": true,
          "tags": [],
          "tests": [
            {
              "timeout": 30000,
              "annotations": [],
              "expectedStatus": "passed",
              "projectId": "chromium",
              "projectName": "chromium",
              "results": [],
              "status": "skipped"
            }
          ],
          "id": "f0cfd2fbd848c3ea2025-13a09a60dc2959d0c7f0",
          "file": "public-shell.spec.ts",
          "line": 218,
          "column": 1
        },
        {
          "title": "automated axe scan of every public route and open studio disclosure",
          "ok": true,
          "tags": [],
          "tests": [
            {
              "timeout": 30000,
              "annotations": [],
              "expectedStatus": "passed",
              "projectId": "chromium",
              "projectName": "chromium",
              "results": [],
              "status": "skipped"
            }
          ],
          "id": "f0cfd2fbd848c3ea2025-b489992ce6dde8b5faba",
          "file": "public-shell.spec.ts",
          "line": 235,
          "column": 1
        },
        {
          "title": "mobile, narrow and landscape reflow preserve controls",
          "ok": true,
          "tags": [],
          "tests": [
            {
              "timeout": 30000,
              "annotations": [],
              "expectedStatus": "passed",
              "projectId": "chromium",
              "projectName": "chromium",
              "results": [],
              "status": "skipped"
            }
          ],
          "id": "f0cfd2fbd848c3ea2025-f4a235f63f091b273e34",
          "file": "public-shell.spec.ts",
          "line": 247,
          "column": 1
        }
      ]
    },
    {
      "title": "renderer-recovery.spec.ts",
      "file": "renderer-recovery.spec.ts",
      "column": 0,
      "line": 0,
      "specs": [],
      "suites": [
        {
          "title": "C3 Failure Recovery, Context Loss & Mobile Resilience",
          "file": "renderer-recovery.spec.ts",
          "line": 29,
          "column": 6,
          "specs": [
            {
              "title": "WebGL context loss triggers accessible WorldFallback without trapping user",
              "ok": true,
              "tags": [],
              "tests": [
                {
                  "timeout": 30000,
                  "annotations": [],
                  "expectedStatus": "passed",
                  "projectId": "chromium",
                  "projectName": "chromium",
                  "results": [],
                  "status": "skipped"
                }
              ],
              "id": "efd27ae2c428946f8192-d3196f3e7e6a2df6be28",
              "file": "renderer-recovery.spec.ts",
              "line": 30,
              "column": 3
            },
            {
              "title": "Explicit STATIC stops the old renderer and Retry rebuilds a supported AUTO studio",
              "ok": true,
              "tags": [],
              "tests": [
                {
                  "timeout": 30000,
                  "annotations": [],
                  "expectedStatus": "passed",
                  "projectId": "chromium",
                  "projectName": "chromium",
                  "results": [],
                  "status": "skipped"
                }
              ],
              "id": "efd27ae2c428946f8192-49ee790a4632340b442e",
              "file": "renderer-recovery.spec.ts",
              "line": 80,
              "column": 3
            },
            {
              "title": "Persistent renderer failures exhaust exactly three reconstruction retries",
              "ok": true,
              "tags": [],
              "tests": [
                {
                  "timeout": 30000,
                  "annotations": [],
                  "expectedStatus": "passed",
                  "projectId": "chromium",
                  "projectName": "chromium",
                  "results": [],
                  "status": "skipped"
                }
              ],
              "id": "efd27ae2c428946f8192-823318c851975d2b33dd",
              "file": "renderer-recovery.spec.ts",
              "line": 103,
              "column": 3
            },
            {
              "title": "Healthy visibility restoration resumes rendering; a detached canvas never resumes",
              "ok": true,
              "tags": [],
              "tests": [
                {
                  "timeout": 30000,
                  "annotations": [],
                  "expectedStatus": "passed",
                  "projectId": "chromium",
                  "projectName": "chromium",
                  "results": [],
                  "status": "skipped"
                }
              ],
              "id": "efd27ae2c428946f8192-c19a97b2fc385456daf9",
              "file": "renderer-recovery.spec.ts",
              "line": 120,
              "column": 3
            },
            {
              "title": "Accessibility toolbar accepts real pointer controls and Projects navigation",
              "ok": true,
              "tags": [],
              "tests": [
                {
                  "timeout": 30000,
                  "annotations": [],
                  "expectedStatus": "passed",
                  "projectId": "chromium",
                  "projectName": "chromium",
                  "results": [],
                  "status": "skipped"
                }
              ],
              "id": "efd27ae2c428946f8192-b7608abbda5a16c399d6",
              "file": "renderer-recovery.spec.ts",
              "line": 141,
              "column": 3
            },
            {
              "title": "Asset loading failure renders failure banner with Retry and Continue options",
              "ok": true,
              "tags": [],
              "tests": [
                {
                  "timeout": 30000,
                  "annotations": [],
                  "expectedStatus": "passed",
                  "projectId": "chromium",
                  "projectName": "chromium",
                  "results": [],
                  "status": "skipped"
                }
              ],
              "id": "efd27ae2c428946f8192-a10e03bbacb67c065a4d",
              "file": "renderer-recovery.spec.ts",
              "line": 168,
              "column": 3
            },
            {
              "title": "Renderer failure with dialog open preserves dialog interactivity in DOM",
              "ok": true,
              "tags": [],
              "tests": [
                {
                  "timeout": 30000,
                  "annotations": [],
                  "expectedStatus": "passed",
                  "projectId": "chromium",
                  "projectName": "chromium",
                  "results": [],
                  "status": "skipped"
                }
              ],
              "id": "efd27ae2c428946f8192-3363a2fba60854e2d50d",
              "file": "renderer-recovery.spec.ts",
              "line": 190,
              "column": 3
            },
            {
              "title": "Mobile portrait (390x844) framing and touch tap interactions",
              "ok": true,
              "tags": [],
              "tests": [
                {
                  "timeout": 30000,
                  "annotations": [],
                  "expectedStatus": "passed",
                  "projectId": "chromium",
                  "projectName": "chromium",
                  "results": [],
                  "status": "skipped"
                }
              ],
              "id": "efd27ae2c428946f8192-fae341dcaf990c439d33",
              "file": "renderer-recovery.spec.ts",
              "line": 210,
              "column": 3
            },
            {
              "title": "Mobile landscape (844x390) responsive reflow and orientation change",
              "ok": true,
              "tags": [],
              "tests": [
                {
                  "timeout": 30000,
                  "annotations": [],
                  "expectedStatus": "passed",
                  "projectId": "chromium",
                  "projectName": "chromium",
                  "results": [],
                  "status": "skipped"
                }
              ],
              "id": "efd27ae2c428946f8192-986811777fb47882d5b0",
              "file": "renderer-recovery.spec.ts",
              "line": 240,
              "column": 3
            }
          ]
        }
      ]
    },
    {
      "title": "room-project-navigation.spec.ts",
      "file": "room-project-navigation.spec.ts",
      "column": 0,
      "line": 0,
      "specs": [],
      "suites": [
        {
          "title": "Milestone C2: Studio Monitor, Project Navigation, Transitions & History E2E",
          "file": "room-project-navigation.spec.ts",
          "line": 3,
          "column": 6,
          "specs": [
            {
              "title": "1. Direct route loading of verified case studies requires zero WebGL",
              "ok": true,
              "tags": [],
              "tests": [
                {
                  "timeout": 30000,
                  "annotations": [],
                  "expectedStatus": "passed",
                  "projectId": "chromium",
                  "projectName": "chromium",
                  "results": [],
                  "status": "skipped"
                }
              ],
              "id": "ec74155d9f63994450a8-95fae25c191126c76388",
              "file": "room-project-navigation.spec.ts",
              "line": 27,
              "column": 3
            },
            {
              "title": "2. Direct browser refresh preserves 200 OK and rendered case study state",
              "ok": true,
              "tags": [],
              "tests": [
                {
                  "timeout": 30000,
                  "annotations": [],
                  "expectedStatus": "passed",
                  "projectId": "chromium",
                  "projectName": "chromium",
                  "results": [],
                  "status": "skipped"
                }
              ],
              "id": "ec74155d9f63994450a8-553d9986f54e6659c126",
              "file": "room-project-navigation.spec.ts",
              "line": 42,
              "column": 3
            },
            {
              "title": "3. Unknown project slug returns 404 Not Found without leaking unverified data",
              "ok": true,
              "tags": [],
              "tests": [
                {
                  "timeout": 30000,
                  "annotations": [],
                  "expectedStatus": "passed",
                  "projectId": "chromium",
                  "projectName": "chromium",
                  "results": [],
                  "status": "skipped"
                }
              ],
              "id": "ec74155d9f63994450a8-bebdc625990336edabf4",
              "file": "room-project-navigation.spec.ts",
              "line": 52,
              "column": 3
            },
            {
              "title": "4. Unpublished candidate 'candidatex' returns 404 Not Found",
              "ok": true,
              "tags": [],
              "tests": [
                {
                  "timeout": 30000,
                  "annotations": [],
                  "expectedStatus": "passed",
                  "projectId": "chromium",
                  "projectName": "chromium",
                  "results": [],
                  "status": "skipped"
                }
              ],
              "id": "ec74155d9f63994450a8-d7a01e0ffdb8bfa7cbf9",
              "file": "room-project-navigation.spec.ts",
              "line": 58,
              "column": 3
            },
            {
              "title": "5. Navigation history: Back, Forward, and Return to Studio work smoothly",
              "ok": true,
              "tags": [],
              "tests": [
                {
                  "timeout": 30000,
                  "annotations": [],
                  "expectedStatus": "passed",
                  "projectId": "chromium",
                  "projectName": "chromium",
                  "results": [],
                  "status": "skipped"
                }
              ],
              "id": "ec74155d9f63994450a8-078961699e708d63426f",
              "file": "room-project-navigation.spec.ts",
              "line": 64,
              "column": 3
            },
            {
              "title": "6. Projects index lists all 4 verified projects with accessible direct links",
              "ok": true,
              "tags": [],
              "tests": [
                {
                  "timeout": 30000,
                  "annotations": [],
                  "expectedStatus": "passed",
                  "projectId": "chromium",
                  "projectName": "chromium",
                  "results": [],
                  "status": "skipped"
                }
              ],
              "id": "ec74155d9f63994450a8-113d09912acec4fbffa6",
              "file": "room-project-navigation.spec.ts",
              "line": 94,
              "column": 3
            }
          ]
        }
      ]
    },
    {
      "title": "world-lifecycle.spec.ts",
      "file": "world-lifecycle.spec.ts",
      "column": 0,
      "line": 0,
      "specs": [],
      "suites": [
        {
          "title": "B5 Production Runtime Lifecycle Foundation - Adversarial & Invariant Tests",
          "file": "world-lifecycle.spec.ts",
          "line": 62,
          "column": 6,
          "specs": [
            {
              "title": "1. Enter -> repeated Enter: rapid enter requests never create duplicate canvas or renderer",
              "ok": true,
              "tags": [],
              "tests": [
                {
                  "timeout": 30000,
                  "annotations": [],
                  "expectedStatus": "passed",
                  "projectId": "chromium",
                  "projectName": "chromium",
                  "results": [],
                  "status": "skipped"
                }
              ],
              "id": "7cb6f9c58904166b5295-f58d4958f7cca162c99a",
              "file": "world-lifecycle.spec.ts",
              "line": 67,
              "column": 3
            },
            {
              "title": "2. Enter -> Skip -> late load completion: Skip settles instantly to HOME; late tasks cannot corrupt state",
              "ok": true,
              "tags": [],
              "tests": [
                {
                  "timeout": 30000,
                  "annotations": [],
                  "expectedStatus": "passed",
                  "projectId": "chromium",
                  "projectName": "chromium",
                  "results": [],
                  "status": "skipped"
                }
              ],
              "id": "7cb6f9c58904166b5295-a0b3667c45faafa16fd9",
              "file": "world-lifecycle.spec.ts",
              "line": 90,
              "column": 3
            },
            {
              "title": "3. Enter -> Escape: pressing Escape during entrance skips directly to HOME",
              "ok": true,
              "tags": [],
              "tests": [
                {
                  "timeout": 30000,
                  "annotations": [],
                  "expectedStatus": "passed",
                  "projectId": "chromium",
                  "projectName": "chromium",
                  "results": [],
                  "status": "skipped"
                }
              ],
              "id": "7cb6f9c58904166b5295-fdfbb9956284b74ee2db",
              "file": "world-lifecycle.spec.ts",
              "line": 123,
              "column": 3
            },
            {
              "title": "4. Enter -> route navigation: navigating to portfolio routes cancels world and unmounts canvas cleanly",
              "ok": true,
              "tags": [],
              "tests": [
                {
                  "timeout": 30000,
                  "annotations": [],
                  "expectedStatus": "passed",
                  "projectId": "chromium",
                  "projectName": "chromium",
                  "results": [],
                  "status": "skipped"
                }
              ],
              "id": "7cb6f9c58904166b5295-ad4e346b91b72cdaf5e4",
              "file": "world-lifecycle.spec.ts",
              "line": 146,
              "column": 3
            },
            {
              "title": "5. Enter -> Back: browser back button returns to clean static portfolio without errors",
              "ok": true,
              "tags": [],
              "tests": [
                {
                  "timeout": 30000,
                  "annotations": [],
                  "expectedStatus": "passed",
                  "projectId": "chromium",
                  "projectName": "chromium",
                  "results": [],
                  "status": "skipped"
                }
              ],
              "id": "7cb6f9c58904166b5295-1b8b823cb9cb7f98e1fe",
              "file": "world-lifecycle.spec.ts",
              "line": 162,
              "column": 3
            },
            {
              "title": "6. loading -> renderer failure: simulated renderer failure gracefully renders accessible fallback",
              "ok": true,
              "tags": [],
              "tests": [
                {
                  "timeout": 30000,
                  "annotations": [],
                  "expectedStatus": "passed",
                  "projectId": "chromium",
                  "projectName": "chromium",
                  "results": [],
                  "status": "skipped"
                }
              ],
              "id": "7cb6f9c58904166b5295-38ebf6c9c1f1d88a11eb",
              "file": "world-lifecycle.spec.ts",
              "line": 179,
              "column": 3
            },
            {
              "title": "7. failed asset -> Retry: simulated asset failure shows bounded retry",
              "ok": true,
              "tags": [],
              "tests": [
                {
                  "timeout": 30000,
                  "annotations": [],
                  "expectedStatus": "passed",
                  "projectId": "chromium",
                  "projectName": "chromium",
                  "results": [],
                  "status": "skipped"
                }
              ],
              "id": "7cb6f9c58904166b5295-db31c5a7e206ae0e9cba",
              "file": "world-lifecycle.spec.ts",
              "line": 198,
              "column": 3
            },
            {
              "title": "8. failure -> Continue with portfolio: dismisses fallback and returns to clean portfolio",
              "ok": true,
              "tags": [],
              "tests": [
                {
                  "timeout": 30000,
                  "annotations": [],
                  "expectedStatus": "passed",
                  "projectId": "chromium",
                  "projectName": "chromium",
                  "results": [],
                  "status": "skipped"
                }
              ],
              "id": "7cb6f9c58904166b5295-c5a688e160f082e3e6a3",
              "file": "world-lifecycle.spec.ts",
              "line": 210,
              "column": 3
            },
            {
              "title": "9. reduced-motion enabled before entry: bypasses camera travel directly to HOME",
              "ok": true,
              "tags": [],
              "tests": [
                {
                  "timeout": 30000,
                  "annotations": [],
                  "expectedStatus": "passed",
                  "projectId": "chromium",
                  "projectName": "chromium",
                  "results": [],
                  "status": "skipped"
                }
              ],
              "id": "7cb6f9c58904166b5295-eb0611504fe31c779439",
              "file": "world-lifecycle.spec.ts",
              "line": 225,
              "column": 3
            },
            {
              "title": "10. reduced-motion toggled during active experience: updates camera transition travel",
              "ok": true,
              "tags": [],
              "tests": [
                {
                  "timeout": 30000,
                  "annotations": [],
                  "expectedStatus": "passed",
                  "projectId": "chromium",
                  "projectName": "chromium",
                  "results": [],
                  "status": "skipped"
                }
              ],
              "id": "7cb6f9c58904166b5295-5fc0e992282243e21852",
              "file": "world-lifecycle.spec.ts",
              "line": 246,
              "column": 3
            },
            {
              "title": "11. PROVE: single owners verified across all domains",
              "ok": true,
              "tags": [],
              "tests": [
                {
                  "timeout": 30000,
                  "annotations": [],
                  "expectedStatus": "passed",
                  "projectId": "chromium",
                  "projectName": "chromium",
                  "results": [],
                  "status": "skipped"
                }
              ],
              "id": "7cb6f9c58904166b5295-fa03d2c47b595e888a0a",
              "file": "world-lifecycle.spec.ts",
              "line": 267,
              "column": 3
            },
            {
              "title": "12. PROVE: semantic navigation survives renderer failure",
              "ok": true,
              "tags": [],
              "tests": [
                {
                  "timeout": 30000,
                  "annotations": [],
                  "expectedStatus": "passed",
                  "projectId": "chromium",
                  "projectName": "chromium",
                  "results": [],
                  "status": "skipped"
                }
              ],
              "id": "7cb6f9c58904166b5295-5b682480c570837760ab",
              "file": "world-lifecycle.spec.ts",
              "line": 286,
              "column": 3
            }
          ]
        }
      ]
    }
  ],
  "errors": [],
  "stats": {
    "startTime": "2026-10-07T11:30:17.713Z",
    "duration": 361.79599999999994,
    "expected": 0,
    "skipped": 109,
    "unexpected": 0,
    "flaky": 0
  }
}

EXIT CODE: 0
