COMMAND: "C:\Program Files\nodejs\node.EXE" C:\Users\yoray\AppData\Roaming\npm\node_modules\pnpm\bin\pnpm.cjs install --frozen-lockfile --store-dir C:\Users\yoray\AppData\Local\Temp\yor-world-w3-a1-r3-e3soumza\store --config.cache-dir=C:\Users\yoray\AppData\Local\Temp\yor-world-w3-a1-r3-e3soumza\cache
CWD: C:\Users\yoray\AppData\Local\Temp\yor-world-w3-a1-r3-e3soumza\app
Lockfile is up to date, resolution step is skipped
Progress: resolved 1, reused 0, downloaded 0, added 0
Packages: +367
++++++++++++++++++++++++++++++++++++++++++++++++++++++++++++++++++++++++++++++++
Progress: resolved 367, reused 0, downloaded 2, added 2
Progress: resolved 367, reused 0, downloaded 11, added 9
Progress: resolved 367, reused 0, downloaded 27, added 18
Progress: resolved 367, reused 0, downloaded 38, added 35
Progress: resolved 367, reused 0, downloaded 49, added 45
Progress: resolved 367, reused 0, downloaded 61, added 59
Progress: resolved 367, reused 0, downloaded 61, added 60
Progress: resolved 367, reused 0, downloaded 85, added 83
Progress: resolved 367, reused 0, downloaded 105, added 100
Progress: resolved 367, reused 0, downloaded 113, added 103
Progress: resolved 367, reused 0, downloaded 141, added 138
Progress: resolved 367, reused 0, downloaded 142, added 138
Progress: resolved 367, reused 0, downloaded 171, added 166
Progress: resolved 367, reused 0, downloaded 183, added 177
Progress: resolved 367, reused 0, downloaded 184, added 177
Progress: resolved 367, reused 0, downloaded 194, added 182
Progress: resolved 367, reused 0, downloaded 200, added 188
Progress: resolved 367, reused 0, downloaded 206, added 197
Progress: resolved 367, reused 0, downloaded 229, added 225
Progress: resolved 367, reused 0, downloaded 230, added 225
Progress: resolved 367, reused 0, downloaded 241, added 227
Progress: resolved 367, reused 0, downloaded 243, added 230
Progress: resolved 367, reused 0, downloaded 265, added 257
Progress: resolved 367, reused 0, downloaded 283, added 276
Progress: resolved 367, reused 0, downloaded 283, added 277
Progress: resolved 367, reused 0, downloaded 289, added 284
Progress: resolved 367, reused 0, downloaded 290, added 284
Progress: resolved 367, reused 0, downloaded 292, added 288
Progress: resolved 367, reused 0, downloaded 301, added 293
Progress: resolved 367, reused 0, downloaded 308, added 299
Progress: resolved 367, reused 0, downloaded 308, added 300
Progress: resolved 367, reused 0, downloaded 314, added 308
Progress: resolved 367, reused 0, downloaded 327, added 321
Progress: resolved 367, reused 0, downloaded 328, added 321
Progress: resolved 367, reused 0, downloaded 343, added 335
Progress: resolved 367, reused 0, downloaded 361, added 355
Progress: resolved 367, reused 0, downloaded 361, added 356
Progress: resolved 367, reused 0, downloaded 366, added 363
Progress: resolved 367, reused 0, downloaded 366, added 365
Progress: resolved 367, reused 0, downloaded 366, added 366
Progress: resolved 367, reused 0, downloaded 367, added 366
Progress: resolved 367, reused 0, downloaded 367, added 367
Progress: resolved 367, reused 0, downloaded 367, added 367, done
.../node_modules/unrs-resolver postinstall$ node postinstall.js
.../node_modules/unrs-resolver postinstall: Done

dependencies:
+ next 16.3.8
+ react 19.3.0
+ react-dom 19.3.0
+ zod 4.6.5

devDependencies:
+ @axe-core/playwright 4.13.0
+ @playwright/test 1.63.0
+ @types/node 24.19.0
+ @types/react 19.3.0
+ @types/react-dom 19.3.0
+ eslint 9.39.5
+ eslint-config-next 16.3.8
+ typescript 6.0.3
+ vitest 5.0.2

Done in 1m 27.8s using pnpm v9.15.9

EXIT: 0
