COMMAND: "C:\Program Files\nodejs\node.EXE" C:\Users\yoray\AppData\Roaming\npm\node_modules\pnpm\bin\pnpm.cjs audit --json
CWD: C:\Users\yoray\AppData\Local\Temp\yor-world-w3-a1-r3-e3soumza\app
{
  "actions": [],
  "advisories": {},
  "muted": [],
  "metadata": {
    "vulnerabilities": {
      "info": 0,
      "low": 0,
      "moderate": 0,
      "high": 0,
      "critical": 0
    },
    "dependencies": 452,
    "devDependencies": 0,
    "optionalDependencies": 0,
    "totalDependencies": 452
  }
}

EXIT: 0
