COMMAND: C:\Program Files\nodejs\node.EXE C:\Users\yoray\AppData\Roaming\npm\node_modules\pnpm\bin\pnpm.cjs test:unit tests/unit/boundaries.test.ts
CWD: C:\Users\yoray\AppData\Local\Temp\yor-world-w3-a1-r3-e3soumza\app

STDOUT:

> yor-world-platform-proof@0.1.0 test:unit C:\Users\yoray\AppData\Local\Temp\yor-world-w3-a1-r3-e3soumza\app
> vitest run --config vitest.config.ts "tests/unit/boundaries.test.ts"


[1m[30m[46m RUN [49m[39m[22m [36mv5.0.2 [39m[90mC:/Users/yoray/AppData/Local/Temp/yor-world-w3-a1-r3-e3soumza/app[39m

[90mstdout[2m | tests/unit/boundaries.test.ts
[22m[39mREVIEWER ONLY: production module loaded test fixture

 [31m❯[39m tests/unit/boundaries.test.ts [2m([22m[2m10 tests[22m[2m | [22m[31m1 failed[39m[2m)[22m[32m 74[2mms[22m[39m
   [32m✓[39m keeps all public projects empty and identity provisional[32m 2[2mms[22m[39m
[31m   [31m×[31m does not pull fixture, world, service, or audio dependencies into production[39m[32m 55[2mms[22m[39m
   [32m✓[39m keeps shared contracts independent of framework and server imports[32m 8[2mms[22m[39m
   [32m✓[39m regression: syntax-level import boundary detection [2m(7)[22m
     [32m✓[39m rejects dynamic import of test fixture in production module[32m 2[2mms[22m[39m
     [32m✓[39m rejects side-effect import of test fixture in production module[32m 1[2mms[22m[39m
     [32m✓[39m rejects export-from of test fixture in production module[32m 1[2mms[22m[39m
     [32m✓[39m rejects aliased import of test fixture in production module[32m 0[2mms[22m[39m
     [32m✓[39m rejects framework or dynamic imports in contracts[32m 1[2mms[22m[39m
     [32m✓[39m rejects a no-substitution template-literal dynamic fixture import[32m 1[2mms[22m[39m
     [32m✓[39m rejects a normalized relative contract escape into framework-bearing app code[32m 1[2mms[22m[39m

[2m Test Files [22m [1m[31m1 failed[39m[22m[90m (1)[39m
[2m      Tests [22m [1m[31m1 failed[39m[22m[2m | [22m[1m[32m9 passed[39m[22m[90m (10)[39m
[2m   Start at [22m 09:56:59
[2m   Duration [22m 733ms[2m (import 63%, transform 21%, tests 14%, worker 1%)[22m

 ELIFECYCLE  Command failed with exit code 1.


STDERR:

[31m⎯⎯⎯⎯⎯⎯⎯[39m[1m[41m Failed Tests 1 [49m[22m[31m⎯⎯⎯⎯⎯⎯⎯[39m

[41m[1m FAIL [22m[49m tests/unit/boundaries.test.ts[2m > [22mdoes not pull fixture, world, service, or audio dependencies into production
[31m[1mError[22m: Forbidden import (dynamic-import) in src/features/portfolio/public-content.ts:1: specifier "../../../tests/fixtures/reviewer-fixture" resolves to "tests/fixtures/reviewer-fixture" matching /(?:^|\/)(?:tests|fixtures)(?:\/|$)/[39m
[36m [2m❯[22m validateProductionModule tests/unit/boundaries.test.ts:[2m107:15[22m[39m
    [90m105|[39m     for (const pattern of forbiddenPatterns) {
    [90m106|[39m       if (pattern.test(imp.specifier) || pattern.test(imp.resolvedPath…
    [90m107|[39m         throw new Error(
    [90m   |[39m               [31m^[39m
    [90m108|[39m           `Forbidden import (${imp.kind}) in ${filePath}:${imp.line}: …
    [90m109|[39m         );
[90m [2m❯[22m tests/unit/boundaries.test.ts:[2m141:5[22m[39m

[31m[2m⎯⎯⎯⎯⎯⎯⎯⎯⎯⎯⎯⎯⎯⎯⎯⎯⎯⎯⎯⎯⎯⎯⎯⎯[1/1]⎯[22m[39m


EXIT: 1
