COMMAND: "C:\Program Files\nodejs\node.EXE" C:\Users\yoray\AppData\Roaming\npm\node_modules\pnpm\bin\pnpm.cjs test:unit tests/unit/reviewer-delta.test.ts
CWD: C:\Users\yoray\AppData\Local\Temp\yor-correction-delta-audit-xku9idea\app

> yor-world-platform-proof@0.1.0 test:unit C:\Users\yoray\AppData\Local\Temp\yor-correction-delta-audit-xku9idea\app
> vitest run --config vitest.config.ts "tests/unit/reviewer-delta.test.ts"


[1m[30m[46m RUN [49m[39m[22m [36mv5.0.2 [39m[90mC:/Users/yoray/AppData/Local/Temp/yor-correction-delta-audit-xku9idea/app[39m

 [31m❯[39m tests/unit/reviewer-delta.test.ts [2m([22m[2m10 tests[22m[2m | [22m[31m2 failed[39m[2m)[22m[32m 87[2mms[22m[39m
   [32m✓[39m keeps all public projects empty and identity provisional[32m 2[2mms[22m[39m
   [32m✓[39m does not pull fixture, world, service, or audio dependencies into production[32m 59[2mms[22m[39m
   [32m✓[39m keeps shared contracts independent of framework and server imports[32m 9[2mms[22m[39m
   [32m✓[39m regression: syntax-level import boundary detection [2m(5)[22m
     [32m✓[39m rejects dynamic import of test fixture in production module[32m 3[2mms[22m[39m
     [32m✓[39m rejects side-effect import of test fixture in production module[32m 1[2mms[22m[39m
     [32m✓[39m rejects export-from of test fixture in production module[32m 1[2mms[22m[39m
     [32m✓[39m rejects aliased import of test fixture in production module[32m 1[2mms[22m[39m
     [32m✓[39m rejects framework or dynamic imports in contracts[32m 1[2mms[22m[39m
[31m   [31m×[31m rejects a no-substitution template-literal dynamic fixture import[39m[32m 7[2mms[22m[39m
[31m   [31m×[31m rejects a normalized relative contract escape into framework-bearing app code[39m[32m 2[2mms[22m[39m

[31m⎯⎯⎯⎯⎯⎯⎯[39m[1m[41m Failed Tests 2 [49m[22m[31m⎯⎯⎯⎯⎯⎯⎯[39m

[41m[1m FAIL [22m[49m tests/unit/reviewer-delta.test.ts[2m > [22mrejects a no-substitution template-literal dynamic fixture import
[31m[1mAssertionError[22m: expected [Function] to throw an error[39m
[36m [2m❯[22m tests/unit/reviewer-delta.test.ts:[2m5:92[22m[39m
    [90m  3|[39m it("rejects a no-substitution template-literal dynamic fixture import"…
    [90m  4|[39m   const text = "export async function f() { return import(`../../../te…
    [90m  5|[39m   expect(() => validateProductionModule("src/features/portfolio/public…
    [90m   |[39m                                                                                            [31m^[39m
    [90m  6|[39m });
    [90m  7|[39m it("rejects a normalized relative contract escape into framework-beari…

[31m[2m⎯⎯⎯⎯⎯⎯⎯⎯⎯⎯⎯⎯⎯⎯⎯⎯⎯⎯⎯⎯⎯⎯⎯⎯[1/2]⎯[22m[39m

[41m[1m FAIL [22m[49m tests/unit/reviewer-delta.test.ts[2m > [22mrejects a normalized relative contract escape into framework-bearing app code
[31m[1mAssertionError[22m: expected [Function] to throw an error[39m
[36m [2m❯[22m tests/unit/reviewer-delta.test.ts:[2m8:114[22m[39m
    [90m  6|[39m });
    [90m  7|[39m it("rejects a normalized relative contract escape into framework-beari…
    [90m  8|[39m   expect(() => validateContractModule("src/contracts/content.ts", 'exp…
    [90m   |[39m                                                                                                                  [31m^[39m
    [90m  9|[39m });
    [90m 10|[39m

[31m[2m⎯⎯⎯⎯⎯⎯⎯⎯⎯⎯⎯⎯⎯⎯⎯⎯⎯⎯⎯⎯⎯⎯⎯⎯[2/2]⎯[22m[39m


[2m Test Files [22m [1m[31m1 failed[39m[22m[90m (1)[39m
[2m      Tests [22m [1m[31m2 failed[39m[22m[2m | [22m[1m[32m8 passed[39m[22m[90m (10)[39m
[2m   Start at [22m 03:54:47
[2m   Duration [22m 819ms[2m (import 61%, transform 22%, tests 16%, worker 1%)[22m

 ELIFECYCLE  Command failed with exit code 1.

EXIT: 1
