COMMAND: "C:\Program Files\nodejs\node.EXE" C:\Users\yoray\AppData\Roaming\npm\node_modules\pnpm\bin\pnpm.cjs install --frozen-lockfile --store-dir C:\Users\yoray\AppData\Local\Temp\yor-correction-delta-audit-xku9idea\store --config.cache-dir=C:\Users\yoray\AppData\Local\Temp\yor-correction-delta-audit-xku9idea\cache
CWD: C:\Users\yoray\AppData\Local\Temp\yor-correction-delta-audit-xku9idea\app
Lockfile is up to date, resolution step is skipped
Progress: resolved 1, reused 0, downloaded 0, added 0
Packages: +367
++++++++++++++++++++++++++++++++++++++++++++++++++++++++++++++++++++++++++++++++
Progress: resolved 367, reused 0, downloaded 4, added 4
Progress: resolved 367, reused 0, downloaded 23, added 18
Progress: resolved 367, reused 0, downloaded 35, added 34
Progress: resolved 367, reused 0, downloaded 57, added 56
Progress: resolved 367, reused 0, downloaded 76, added 73
Progress: resolved 367, reused 0, downloaded 98, added 92
Progress: resolved 367, reused 0, downloaded 111, added 105
Progress: resolved 367, reused 0, downloaded 127, added 120
Progress: resolved 367, reused 0, downloaded 143, added 140
Progress: resolved 367, reused 0, downloaded 144, added 141
Progress: resolved 367, reused 0, downloaded 169, added 167
Progress: resolved 367, reused 0, downloaded 184, added 181
Progress: resolved 367, reused 0, downloaded 209, added 207
Progress: resolved 367, reused 0, downloaded 216, added 212
Progress: resolved 367, reused 0, downloaded 241, added 240
Progress: resolved 367, reused 0, downloaded 256, added 255
Progress: resolved 367, reused 0, downloaded 259, added 256
Progress: resolved 367, reused 0, downloaded 270, added 268
Progress: resolved 367, reused 0, downloaded 271, added 270
Progress: resolved 367, reused 0, downloaded 284, added 283
Progress: resolved 367, reused 0, downloaded 294, added 293
Progress: resolved 367, reused 0, downloaded 307, added 307
Progress: resolved 367, reused 0, downloaded 319, added 317
Progress: resolved 367, reused 0, downloaded 327, added 327
Progress: resolved 367, reused 0, downloaded 328, added 327
Progress: resolved 367, reused 0, downloaded 338, added 338
Progress: resolved 367, reused 0, downloaded 351, added 351
Progress: resolved 367, reused 0, downloaded 363, added 362
Progress: resolved 367, reused 0, downloaded 366, added 366
Progress: resolved 367, reused 0, downloaded 367, added 366
Progress: resolved 367, reused 0, downloaded 367, added 367
Progress: resolved 367, reused 0, downloaded 367, added 367, done
.../node_modules/unrs-resolver postinstall$ node postinstall.js
.../node_modules/unrs-resolver postinstall: Done

dependencies:
+ next 16.3.8
+ react 19.3.0
+ react-dom 19.3.0
+ zod 4.6.5

devDependencies:
+ @axe-core/playwright 4.13.0
+ @playwright/test 1.63.0
+ @types/node 24.19.0
+ @types/react 19.3.0
+ @types/react-dom 19.3.0
+ eslint 9.39.5
+ eslint-config-next 16.3.8
+ typescript 6.0.3
+ vitest 5.0.2

Done in 58.6s using pnpm v9.15.9

EXIT: 0
