
> yor-world@1.0.0-rc6 build C:\Users\yoray\Projects\Yor World\deliveries\hosting\2026-10-11-preview\source
> next build --webpack

▲ Next.js 16.3.8 (webpack)
✓ Running next.config.ts took 125ms

  Creating an optimized production build ...
✓ Compiled successfully in 2.9s
  Running TypeScript ...
  Finished TypeScript in 2.8s ...
  Collecting page data using 11 workers ...
  Generating static pages using 11 workers (0/13) ...
  Generating static pages using 11 workers (3/13) 
  Generating static pages using 11 workers (6/13) 
  Generating static pages using 11 workers (9/13) 
✓ Generating static pages using 11 workers (13/13) in 1106ms
  Finalizing page optimization ...
  Collecting build traces ...

Route (app)
┌ ○ /
├ ○ /_not-found
├ ○ /about
├ ○ /contact
├ ○ /projects
├   /projects/[slug]
│ ├ ● /projects/ai-vs-real
│ ├ ● /projects/zenith
│ ├ ● /projects/helios
│ └ ● /projects/talks
├ ○ /resume
├ ○ /robots.txt
└ ○ /sitemap.xml


○  (Static)  prerendered as static content
●  (SSG)     prerendered as static HTML (uses generateStaticParams)

