PASS / pre-world JS: 186641 / 256000 bytes gzip
PASS / critical transfer: 204016 / 665600 bytes
PASS /about pre-world JS: 177188 / 256000 bytes gzip
PASS /about critical transfer: 190199 / 665600 bytes
PASS /contact pre-world JS: 179059 / 256000 bytes gzip
PASS /contact critical transfer: 191101 / 665600 bytes
PASS /resume pre-world JS: 177188 / 256000 bytes gzip
PASS /resume critical transfer: 190956 / 665600 bytes
PASS /projects pre-world JS: 177188 / 256000 bytes gzip
PASS /projects critical transfer: 189870 / 665600 bytes
PASS desktop essential assets: 2020880 / 6291456 bytes
PASS desktop active geometry upper bound: 21904 / 300000 triangles
PASS desktop asset-derived GPU upper bound: 21845331 / 167772160 bytes estimate
PASS mobile essential assets: 2021376 / 3145728 bytes
PASS mobile active geometry upper bound: 21904 / 140000 triangles
PASS mobile asset-derived GPU upper bound: 21845331 / 83886080 bytes estimate
PASS full optional production world: 4012608 / 14680064 bytes
PASS desktop-1440x900 cold DOMContentLoaded median: 71 / 3000 ms localhost lab
PASS mobile-390x844 cold DOMContentLoaded median: 118 / 3000 ms localhost lab
PASS narrow-320x600 cold DOMContentLoaded median: 110 / 3000 ms localhost lab
PASS active route frame median: 6.099999999998545 / 33.3 ms browser lab
PASS active route frame p95: 6.19999999999709 / 45 ms browser lab
