COMMAND: "C:\Program Files\nodejs\node.EXE" C:\Users\yoray\AppData\Roaming\npm\node_modules\pnpm\bin\pnpm.cjs install --frozen-lockfile --store-dir C:\Users\yoray\AppData\Local\Temp\yor-world-c2-proof-qkortug2\store --config.cache-dir=C:\Users\yoray\AppData\Local\Temp\yor-world-c2-proof-qkortug2\cache
CWD: C:\Users\yoray\AppData\Local\Temp\yor-world-c3-proof-f5zk0hzy\app
Recreating C:\Users\yoray\AppData\Local\Temp\yor-world-c2-proof-qkortug2\app\node_modules
Lockfile is up to date, resolution step is skipped
Already up to date

dependencies:
+ next 16.3.8
+ react 19.3.0
+ react-dom 19.3.0
+ three 0.180.0
+ zod 4.6.5

devDependencies:
+ @axe-core/playwright 4.13.0
+ @playwright/test 1.63.0
+ @types/node 24.19.0
+ @types/react 19.3.0
+ @types/react-dom 19.3.0
+ @types/three 0.180.0
+ eslint 9.39.5
+ eslint-config-next 16.3.8
+ typescript 6.0.3
+ vitest 5.0.2

Done in 2.2s using pnpm v9.15.9

EXIT: 0
