COMMAND: "C:\Program Files\nodejs\node.EXE" C:\Users\yoray\AppData\Roaming\npm\node_modules\pnpm\bin\pnpm.cjs typecheck
CWD: C:\Users\yoray\AppData\Local\Temp\yor-world-c3-proof-f5zk0hzy\app

> yor-world-g1-proof@0.1.0 typecheck C:\Users\yoray\AppData\Local\Temp\yor-world-c3-proof-f5zk0hzy\app
> tsc --noEmit

src/features/room/quality-policy.ts(42,59): error TS2532: Object is possibly 'undefined'.
src/features/room/quality-policy.ts(42,77): error TS2532: Object is possibly 'undefined'.
src/features/room/quality-policy.ts(47,55): error TS18048: 'median' is possibly 'undefined'.
src/features/room/quality-policy.ts(49,12): error TS2322: Type 'number | undefined' is not assignable to type 'number'.
  Type 'undefined' is not assignable to type 'number'.
src/features/room/quality-policy.ts(49,20): error TS2322: Type 'number | undefined' is not assignable to type 'number'.
  Type 'undefined' is not assignable to type 'number'.
src/features/room/quality-policy.ts(213,5): error TS2412: Type '((tier: "high" | "medium" | "low" | "static") => void) | undefined' is not assignable to type '(tier: "high" | "medium" | "low" | "static") => void' with 'exactOptionalPropertyTypes: true'. Consider adding 'undefined' to the type of the target.
  Type 'undefined' is not assignable to type '(tier: "high" | "medium" | "low" | "static") => void'.
src/features/world/WorldRoot.tsx(300,13): error TS2322: Type '{ controller: ExperienceController; onClose: () => void; }' is not assignable to type 'IntrinsicAttributes & LauncherProps'.
  Property 'controller' does not exist on type 'IntrinsicAttributes & LauncherProps'.
src/features/world/WorldRoot.tsx(324,13): error TS2322: Type '{ controller: ExperienceController; onClose: () => void; }' is not assignable to type 'IntrinsicAttributes & LauncherProps'.
  Property 'controller' does not exist on type 'IntrinsicAttributes & LauncherProps'.
tests/performance/world.spec.ts(8,59): error TS2532: Object is possibly 'undefined'.
tests/performance/world.spec.ts(8,77): error TS2532: Object is possibly 'undefined'.
tests/performance/world.spec.ts(11,36): error TS18048: 'median' is possibly 'undefined'.
tests/performance/world.spec.ts(11,68): error TS18048: 'p95' is possibly 'undefined'.
 ELIFECYCLE  Command failed with exit code 2.

EXIT: 2
