COMMAND: "C:\Program Files\nodejs\node.EXE" C:\Users\yoray\AppData\Roaming\npm\node_modules\pnpm\bin\pnpm.cjs build
CWD: C:\Users\yoray\AppData\Local\Temp\yor-world-c3-proof-f5zk0hzy\app

> yor-world-g1-proof@0.1.0 build C:\Users\yoray\AppData\Local\Temp\yor-world-c3-proof-f5zk0hzy\app
> next build

▲ Next.js 16.3.8 (Turbopack)
✓ Running next.config.ts took 606ms
⚠ No build cache found. Please configure build caching for faster rebuilds. Read more: https://nextjs.org/docs/messages/no-cache

  Creating an optimized production build ...
[1m[31mFATAL[39m[0m: An unexpected Turbopack error occurred:
Symlink [project]/node_modules is invalid, it points out of the filesystem root

Debug info:
- Execution of get_all_written_entrypoints_with_issues_operation failed
- Execution of EntrypointsOperation::new failed
- Execution of all_entrypoints_write_to_disk_operation failed
- Execution of output_assets_operation failed
- Execution of Project::get_all_endpoint_groups_with_app_route_filter failed
- Execution of Project::entrypoints_with_app_route_filter failed
- Execution of AppProject::routes_with_filter failed
- Execution of directory_tree_to_entrypoints_internal failed
- Execution of try_get_next_package failed
- Execution of resolve failed
- Execution of resolve_internal failed
- Execution of find_package failed
- Symlink [project]/node_modules is invalid, it points out of the filesystem root

> Build error occurred
Error [TurbopackInternalError]: Symlink [project]/node_modules is invalid, it points out of the filesystem root

Debug info:
- Execution of get_all_written_entrypoints_with_issues_operation failed
- Execution of EntrypointsOperation::new failed
- Execution of all_entrypoints_write_to_disk_operation failed
- Execution of output_assets_operation failed
- Execution of Project::get_all_endpoint_groups_with_app_route_filter failed
- Execution of Project::entrypoints_with_app_route_filter failed
- Execution of AppProject::routes_with_filter failed
- Execution of directory_tree_to_entrypoints_internal failed
- Execution of try_get_next_package failed
- Execution of resolve failed
- Execution of resolve_internal failed
- Execution of find_package failed
- Symlink [project]/node_modules is invalid, it points out of the filesystem root
    at ignore-listed frames {
  type: 'TurbopackInternalError',
  location: undefined
}
 ELIFECYCLE  Command failed with exit code 1.

EXIT: 1
