COMMAND: "C:\Program Files\nodejs\node.EXE" C:\Users\yoray\AppData\Roaming\npm\node_modules\pnpm\bin\pnpm.cjs install --frozen-lockfile --store-dir C:\Users\yoray\AppData\Local\Temp\yor-world-c2-proof-qkortug2\store --config.cache-dir=C:\Users\yoray\AppData\Local\Temp\yor-world-c2-proof-qkortug2\cache
CWD: C:\Users\yoray\AppData\Local\Temp\yor-world-c3-proof-f5zk0hzy\app
Lockfile is up to date, resolution step is skipped
Progress: resolved 1, reused 0, downloaded 0, added 0
Packages: +376
++++++++++++++++++++++++++++++++++++++++++++++++++++++++++++++++++++++++++++++++
Progress: resolved 376, reused 51, downloaded 0, added 0
Progress: resolved 376, reused 88, downloaded 0, added 0
Progress: resolved 376, reused 332, downloaded 0, added 0
Progress: resolved 376, reused 374, downloaded 0, added 2
Progress: resolved 376, reused 375, downloaded 0, added 55
Progress: resolved 376, reused 375, downloaded 0, added 124
Progress: resolved 376, reused 376, downloaded 0, added 124
Progress: resolved 376, reused 376, downloaded 0, added 125
Progress: resolved 376, reused 376, downloaded 0, added 188
Progress: resolved 376, reused 376, downloaded 0, added 249
Progress: resolved 376, reused 376, downloaded 0, added 250
Progress: resolved 376, reused 376, downloaded 0, added 281
Progress: resolved 376, reused 376, downloaded 0, added 322
Progress: resolved 376, reused 376, downloaded 0, added 371
Progress: resolved 376, reused 376, downloaded 0, added 374
Progress: resolved 376, reused 376, downloaded 0, added 375
Progress: resolved 376, reused 376, downloaded 0, added 376
Progress: resolved 376, reused 376, downloaded 0, added 376, done

dependencies:
+ next 16.3.8
+ react 19.3.0
+ react-dom 19.3.0
+ three 0.180.0
+ zod 4.6.5

devDependencies:
+ @axe-core/playwright 4.13.0
+ @playwright/test 1.63.0
+ @types/node 24.19.0
+ @types/react 19.3.0
+ @types/react-dom 19.3.0
+ @types/three 0.180.0
+ eslint 9.39.5
+ eslint-config-next 16.3.8
+ typescript 6.0.3
+ vitest 5.0.2

Done in 27.1s using pnpm v9.15.9

EXIT: 0
