COMMAND: "C:\Program Files\nodejs\node.EXE" C:\Users\yoray\AppData\Roaming\npm\node_modules\pnpm\bin\pnpm.cjs build
CWD: C:\Users\yoray\AppData\Local\Temp\yor-world-c3-proof-f5zk0hzy\app

> yor-world-g1-proof@0.1.0 build C:\Users\yoray\AppData\Local\Temp\yor-world-c3-proof-f5zk0hzy\app
> next build

▲ Next.js 16.3.8 (Turbopack)
✓ Running next.config.ts took 87ms

  Creating an optimized production build ...
✓ Compiled successfully in 460ms
  Running TypeScript ...
  Finished TypeScript in 3.8s ...
  Collecting page data using 11 workers ...
  Generating static pages using 11 workers (0/13) ...
  Generating static pages using 11 workers (3/13) 
  Generating static pages using 11 workers (6/13) 
  Generating static pages using 11 workers (9/13) 
✓ Generating static pages using 11 workers (13/13) in 1131ms
  Finalizing page optimization ...

Route (app)
┌ ○ /
├ ○ /_not-found
├ ○ /about
├ ○ /contact
├ ○ /projects
├   /projects/[slug]
│ ├ ● /projects/ai-vs-real
│ ├ ● /projects/zenith
│ ├ ● /projects/helios
│ └ ● /projects/talks
├ ○ /resume
├ ○ /robots.txt
└ ○ /sitemap.xml


○  (Static)  prerendered as static content
●  (SSG)     prerendered as static HTML (uses generateStaticParams)


EXIT: 0
