COMMAND: pnpm.cmd build
CWD: app
STARTED: 2026-10-05T18:12:42.266074+00:00

> yor-world@1.0.0-rc4 build C:\Users\yoray\Projects\Yor World\app
> next build

▲ Next.js 16.3.8 (Turbopack)
✓ Running next.config.ts took 292ms

  Creating an optimized production build ...
✓ Compiled successfully in 2.6s
  Running TypeScript ...
  Finished TypeScript in 4.1s ...
  Collecting page data using 11 workers ...
  Generating static pages using 11 workers (0/7) ...
  Generating static pages using 11 workers (1/7) 
  Generating static pages using 11 workers (3/7) 
  Generating static pages using 11 workers (5/7) 
✓ Generating static pages using 11 workers (7/7) in 261ms
  Finalizing page optimization ...

Route (app)
┌ ƒ /
├ ○ /_not-found
├ ○ /about
├ ƒ /admin
├ ƒ /admin/editor
├ ○ /admin/login
├ ƒ /admin/publish
├ ƒ /api/admin/audit
├ ƒ /api/admin/media
├ ƒ /api/admin/media/[id]
├ ƒ /api/admin/media/[id]/approve
├ ƒ /api/admin/projects
├ ƒ /api/admin/publish
├ ƒ /api/admin/rollback
├ ƒ /api/admin/verify
├ ƒ /api/contact
├ ƒ /api/events
├ ƒ /api/github
├ ƒ /api/internal/jobs/[job]
├ ○ /contact
├ ƒ /projects
├ ƒ /projects/[slug]
├ ○ /resume
├ ○ /robots.txt
└ ƒ /sitemap.xml


○  (Static)   prerendered as static content
ƒ  (Dynamic)  server-rendered on demand


EXIT CODE: 0
