COMMAND: pnpm.cmd exec playwright test tests/e2e/accessibility.spec.ts --output test-results-accessibility
CWD: app
STARTED: 2026-10-05T18:25:53.876907+00:00

Running 34 tests using 1 worker

  ok  1 [chrome] › tests\e2e\accessibility.spec.ts:29:5 › C3 WCAG 2.2 AA Accessibility & Assistive Navigation › Axe automated accessibility audit on / (1.6s)
  ok  2 [chrome] › tests\e2e\accessibility.spec.ts:29:5 › C3 WCAG 2.2 AA Accessibility & Assistive Navigation › Axe automated accessibility audit on /projects (878ms)
  ok  3 [chrome] › tests\e2e\accessibility.spec.ts:29:5 › C3 WCAG 2.2 AA Accessibility & Assistive Navigation › Axe automated accessibility audit on /projects/helios (1.0s)
  ok  4 [chrome] › tests\e2e\accessibility.spec.ts:29:5 › C3 WCAG 2.2 AA Accessibility & Assistive Navigation › Axe automated accessibility audit on /projects/zenith (1.0s)
  ok  5 [chrome] › tests\e2e\accessibility.spec.ts:29:5 › C3 WCAG 2.2 AA Accessibility & Assistive Navigation › Axe automated accessibility audit on /projects/ai-vs-real (956ms)
  ok  6 [chrome] › tests\e2e\accessibility.spec.ts:29:5 › C3 WCAG 2.2 AA Accessibility & Assistive Navigation › Axe automated accessibility audit on /projects/talks (974ms)
  ok  7 [chrome] › tests\e2e\accessibility.spec.ts:29:5 › C3 WCAG 2.2 AA Accessibility & Assistive Navigation › Axe automated accessibility audit on /admin/login (866ms)
  ok  8 [chrome] › tests\e2e\accessibility.spec.ts:29:5 › C3 WCAG 2.2 AA Accessibility & Assistive Navigation › Axe automated accessibility audit on /projects/candidatex (799ms)
  ok  9 [chrome] › tests\e2e\accessibility.spec.ts:29:5 › C3 WCAG 2.2 AA Accessibility & Assistive Navigation › Axe automated accessibility audit on /about (888ms)
  ok 10 [chrome] › tests\e2e\accessibility.spec.ts:29:5 › C3 WCAG 2.2 AA Accessibility & Assistive Navigation › Axe automated accessibility audit on /resume (970ms)
  ok 11 [chrome] › tests\e2e\accessibility.spec.ts:29:5 › C3 WCAG 2.2 AA Accessibility & Assistive Navigation › Axe automated accessibility audit on /contact (916ms)
  ok 12 [chrome] › tests\e2e\accessibility.spec.ts:51:3 › C3 WCAG 2.2 AA Accessibility & Assistive Navigation › Logical heading structure and semantic landmarks exist on public shell (407ms)
  ok 13 [chrome] › tests\e2e\accessibility.spec.ts:67:3 › C3 WCAG 2.2 AA Accessibility & Assistive Navigation › Skip to content link allows direct keyboard-only bypass (429ms)
  ok 14 [chrome] › tests\e2e\accessibility.spec.ts:79:3 › C3 WCAG 2.2 AA Accessibility & Assistive Navigation › Interactive touch targets meet minimum 44x44 CSS px sizing requirement (479ms)
  ok 15 [chrome] › tests\e2e\accessibility.spec.ts:105:3 › C3 WCAG 2.2 AA Accessibility & Assistive Navigation › Reflow check: 320 CSS px viewport width without horizontal scrollbars (339ms)
  ok 16 [chrome] › tests\e2e\accessibility.spec.ts:116:3 › C3 WCAG 2.2 AA Accessibility & Assistive Navigation › Zoom / 200% reflow inspection (410ms)
  ok 17 [chrome] › tests\e2e\accessibility.spec.ts:129:3 › C3 WCAG 2.2 AA Accessibility & Assistive Navigation › Every published project destination is reachable without canvas or WebGL (550ms)
  ok 18 [edge] › tests\e2e\accessibility.spec.ts:29:5 › C3 WCAG 2.2 AA Accessibility & Assistive Navigation › Axe automated accessibility audit on / (1.7s)
  ok 19 [edge] › tests\e2e\accessibility.spec.ts:29:5 › C3 WCAG 2.2 AA Accessibility & Assistive Navigation › Axe automated accessibility audit on /projects (951ms)
  ok 20 [edge] › tests\e2e\accessibility.spec.ts:29:5 › C3 WCAG 2.2 AA Accessibility & Assistive Navigation › Axe automated accessibility audit on /projects/helios (970ms)
  ok 21 [edge] › tests\e2e\accessibility.spec.ts:29:5 › C3 WCAG 2.2 AA Accessibility & Assistive Navigation › Axe automated accessibility audit on /projects/zenith (965ms)
  ok 22 [edge] › tests\e2e\accessibility.spec.ts:29:5 › C3 WCAG 2.2 AA Accessibility & Assistive Navigation › Axe automated accessibility audit on /projects/ai-vs-real (998ms)
  ok 23 [edge] › tests\e2e\accessibility.spec.ts:29:5 › C3 WCAG 2.2 AA Accessibility & Assistive Navigation › Axe automated accessibility audit on /projects/talks (923ms)
  ok 24 [edge] › tests\e2e\accessibility.spec.ts:29:5 › C3 WCAG 2.2 AA Accessibility & Assistive Navigation › Axe automated accessibility audit on /admin/login (836ms)
  ok 25 [edge] › tests\e2e\accessibility.spec.ts:29:5 › C3 WCAG 2.2 AA Accessibility & Assistive Navigation › Axe automated accessibility audit on /projects/candidatex (799ms)
  ok 26 [edge] › tests\e2e\accessibility.spec.ts:29:5 › C3 WCAG 2.2 AA Accessibility & Assistive Navigation › Axe automated accessibility audit on /about (884ms)
  ok 27 [edge] › tests\e2e\accessibility.spec.ts:29:5 › C3 WCAG 2.2 AA Accessibility & Assistive Navigation › Axe automated accessibility audit on /resume (943ms)
  ok 28 [edge] › tests\e2e\accessibility.spec.ts:29:5 › C3 WCAG 2.2 AA Accessibility & Assistive Navigation › Axe automated accessibility audit on /contact (844ms)
  ok 29 [edge] › tests\e2e\accessibility.spec.ts:51:3 › C3 WCAG 2.2 AA Accessibility & Assistive Navigation › Logical heading structure and semantic landmarks exist on public shell (419ms)
  ok 30 [edge] › tests\e2e\accessibility.spec.ts:67:3 › C3 WCAG 2.2 AA Accessibility & Assistive Navigation › Skip to content link allows direct keyboard-only bypass (442ms)
  ok 31 [edge] › tests\e2e\accessibility.spec.ts:79:3 › C3 WCAG 2.2 AA Accessibility & Assistive Navigation › Interactive touch targets meet minimum 44x44 CSS px sizing requirement (449ms)
  ok 32 [edge] › tests\e2e\accessibility.spec.ts:105:3 › C3 WCAG 2.2 AA Accessibility & Assistive Navigation › Reflow check: 320 CSS px viewport width without horizontal scrollbars (619ms)
  ok 33 [edge] › tests\e2e\accessibility.spec.ts:116:3 › C3 WCAG 2.2 AA Accessibility & Assistive Navigation › Zoom / 200% reflow inspection (414ms)
  ok 34 [edge] › tests\e2e\accessibility.spec.ts:129:3 › C3 WCAG 2.2 AA Accessibility & Assistive Navigation › Every published project destination is reachable without canvas or WebGL (494ms)

  34 passed (33.7s)

EXIT CODE: 0
