STDOUT
{
  "createdAt": "2026-10-07T21:50:58.389429+00:00",
  "reviewer": "/root/r6_independent_audit",
  "executionClass": "Own read-only hash, API-job/step, actual retained zip/browser/raw-frame analysis; Parent performed API fetch; no suite rerun",
  "sourceCommit": "8e5b954e147a87e36a6869d9940c40f3d4c123f0",
  "candidateHead": "7837efdfe43a4c129aac3d1737916dc5d5a7f435",
  "snapshotPath": "C:\\Users\\yoray\\Projects\\Yor World\\deliveries\\G7\\rc6-candidate-r6\\evidence\\github-actions\\37690758883\\attempt-1\\20261007T214910792736Z",
  "runId": 37690758883,
  "runAttempt": 1,
  "artifactId": 11513308146,
  "artifactZipSha256": "06850541c7243ed46b33a8312c3b98abdae3e51fc68d5fbe64205647f2b3389d",
  "manifestSha256Lf": "671d19d32fcbe19493b15c177e55828259866b01ddeab6b87e54aa68863e0d21",
  "checks": [
    {
      "label": "Retained exact-head quality workflow success",
      "status": "PASS",
      "detail": 37690758883
    },
    {
      "label": "Run/attempt identity stable during Parent fetch",
      "status": "PASS",
      "detail": null
    },
    {
      "label": "Hosted candidate head keeps frozen source implementation",
      "status": "PASS",
      "detail": null
    },
    {
      "label": "Exact-head hosted job success",
      "status": "PASS",
      "detail": 113030026283
    },
    {
      "label": "All thirteen numbered required hosted steps executed successfully",
      "status": "PASS",
      "detail": null
    },
    {
      "label": "Actual retained artifact zip agrees with API digest and identity",
      "status": "PASS",
      "detail": {
        "artifactId": 11513308146,
        "sha256": "06850541c7243ed46b33a8312c3b98abdae3e51fc68d5fbe64205647f2b3389d",
        "bytes": 2339435
      }
    },
    {
      "label": "All inspected extracted artifacts equal actual zip entries",
      "status": "PASS",
      "detail": 74
    },
    {
      "label": "Uploaded strict receipt binds exact source/head/final manifest/archive",
      "status": "PASS",
      "detail": null
    },
    {
      "label": "Actual hosted browser cases: e2e",
      "status": "PASS",
      "detail": null
    },
    {
      "label": "Actual hosted browser cases: accessibility",
      "status": "PASS",
      "detail": null
    },
    {
      "label": "Actual hosted browser cases: performance",
      "status": "PASS",
      "detail": null
    },
    {
      "label": "Own recomputation of hosted raw LOW measurements",
      "status": "PASS",
      "detail": null
    },
    {
      "label": "Hosted composition/performance bind one actual build",
      "status": "PASS",
      "detail": [
        "iysc3dtQrVjzHJixyE-_D"
      ]
    },
    {
      "label": "Retained hosted test counts: unit",
      "status": "PASS",
      "detail": [
        {
          "passed": 312,
          "total": 312
        }
      ]
    },
    {
      "label": "Retained hosted test counts: integration",
      "status": "PASS",
      "detail": [
        {
          "passed": 286,
          "total": 286
        }
      ]
    }
  ],
  "requiredSteps": [
    {
      "number": 1,
      "name": "1. Frozen canonical dependency install",
      "status": "completed",
      "conclusion": "success",
      "startedAt": "2026-10-07T21:38:27Z",
      "completedAt": "2026-10-07T21:38:29Z"
    },
    {
      "number": 2,
      "name": "2. Lint canonical application",
      "status": "completed",
      "conclusion": "success",
      "startedAt": "2026-10-07T21:38:29Z",
      "completedAt": "2026-10-07T21:38:35Z"
    },
    {
      "number": 3,
      "name": "3. Typecheck canonical application",
      "status": "completed",
      "conclusion": "success",
      "startedAt": "2026-10-07T21:38:35Z",
      "completedAt": "2026-10-07T21:38:40Z"
    },
    {
      "number": 4,
      "name": "4. Unified unit tests",
      "status": "completed",
      "conclusion": "success",
      "startedAt": "2026-10-07T21:38:40Z",
      "completedAt": "2026-10-07T21:38:43Z"
    },
    {
      "number": 5,
      "name": "5. Unified backend/runtime integration tests",
      "status": "completed",
      "conclusion": "success",
      "startedAt": "2026-10-07T21:38:43Z",
      "completedAt": "2026-10-07T21:38:59Z"
    },
    {
      "number": 6,
      "name": "6. Khronos frozen canonical asset validation",
      "status": "completed",
      "conclusion": "success",
      "startedAt": "2026-10-07T21:38:59Z",
      "completedAt": "2026-10-07T21:38:59Z"
    },
    {
      "number": 7,
      "name": "7. Full-stack production build",
      "status": "completed",
      "conclusion": "success",
      "startedAt": "2026-10-07T21:38:59Z",
      "completedAt": "2026-10-07T21:39:13Z"
    },
    {
      "number": 8,
      "name": "8. Full unified Playwright E2E",
      "status": "completed",
      "conclusion": "success",
      "startedAt": "2026-10-07T21:43:06Z",
      "completedAt": "2026-10-07T21:46:26Z"
    },
    {
      "number": 9,
      "name": "9. Automated accessibility",
      "status": "completed",
      "conclusion": "success",
      "startedAt": "2026-10-07T21:46:26Z",
      "completedAt": "2026-10-07T21:46:42Z"
    },
    {
      "number": 10,
      "name": "10. Fresh canonical performance browser measurements",
      "status": "completed",
      "conclusion": "success",
      "startedAt": "2026-10-07T21:46:42Z",
      "completedAt": "2026-10-07T21:48:24Z"
    },
    {
      "number": 11,
      "name": "11. Actual production route/module composition",
      "status": "completed",
      "conclusion": "success",
      "startedAt": "2026-10-07T21:48:24Z",
      "completedAt": "2026-10-07T21:48:25Z"
    },
    {
      "number": 12,
      "name": "12. Fresh canonical performance budgets",
      "status": "completed",
      "conclusion": "success",
      "startedAt": "2026-10-07T21:48:25Z",
      "completedAt": "2026-10-07T21:48:25Z"
    },
    {
      "number": 13,
      "name": "13. Exact committed RC6 manifest/archive validation",
      "status": "completed",
      "conclusion": "success",
      "startedAt": "2026-10-07T21:48:25Z",
      "completedAt": "2026-10-07T21:48:27Z"
    }
  ],
  "browserCases": {
    "e2e": {
      "stats": {
        "startTime": "2026-10-07T21:43:07.757Z",
        "duration": 198578.19900000002,
        "expected": 109,
        "skipped": 0,
        "unexpected": 0,
        "flaky": 0
      },
      "cases": 109,
      "everyCaseExactlyOnePass": true
    },
    "accessibility": {
      "stats": {
        "startTime": "2026-10-07T21:46:27.125Z",
        "duration": 15372.75,
        "expected": 17,
        "skipped": 0,
        "unexpected": 0,
        "flaky": 0
      },
      "cases": 17,
      "everyCaseExactlyOnePass": true
    },
    "performance": {
      "stats": {
        "startTime": "2026-10-07T21:46:43.319Z",
        "duration": 101588.967,
        "expected": 6,
        "skipped": 0,
        "unexpected": 0,
        "flaky": 0
      },
      "cases": 6,
      "everyCaseExactlyOnePass": true
    }
  },
  "rawLowRecomputation": {
    "durationMs": 60010.90000000002,
    "frames": 3601,
    "actions": 60,
    "medianMs": 16.7,
    "p95Ms": 16.7,
    "minimumCalls": 22,
    "minimumTriangles": 6896,
    "maximumActionLatencyMs": 18.599999999976717,
    "qualityTiers": [
      "low"
    ],
    "requestedPreference": "low",
    "failureReason": null,
    "rendererIdentity": "ANGLE (Google, Vulkan 1.3.0 (SwiftShader Device (Subzero) (0x0000C0DE)), SwiftShader driver)",
    "buildId": "iysc3dtQrVjzHJixyE-_D",
    "passes": true
  },
  "testCounts": {
    "unit": [
      {
        "passed": 312,
        "total": 312
      }
    ],
    "integration": [
      {
        "passed": 286,
        "total": 286
      }
    ]
  },
  "defects": [],
  "production": "NOT RUN",
  "physicalManual": "NOT RUN",
  "acceptanceClaim": false,
  "overallStatus": "PASS"
}

STDERR
