STDOUT
{
  "createdAt": "2026-10-07T21:40:08.613512+00:00",
  "reviewer": "/root/r6_independent_audit",
  "executionClass": "Own retained API run/job/step and frozen workflow inspection; Parent performed API fetch; no hosted execution by auditor",
  "sourceCommit": "8e5b954e147a87e36a6869d9940c40f3d4c123f0",
  "candidateHead": "7837efdfe43a4c129aac3d1737916dc5d5a7f435",
  "observerPath": "C:\\Users\\yoray\\Projects\\Yor World\\deliveries\\G7\\rc6-candidate-r6\\evidence\\github-observations\\candidate-7837efd-initial.json",
  "observerRawSha256": "7ef6fd1e7904a58dee6b412757de56e09e6a3a558414054ab3b729ca588b2ada",
  "observedAt": "2026-10-07T21:38:39.298816+00:00",
  "runId": 37690758886,
  "runAttempt": 1,
  "runUrl": "https://github.com/yorayriniwnl/Yor-World/actions/runs/37690758886",
  "checks": {
    "retainedObservationIdentity": true,
    "exactHeadSuccessfulRun": true,
    "exactHeadSuccessfulJobs": true,
    "allThreeRequiredStepsExecute": true,
    "retainedObserverNoRequiredSkippedOrMissing": true,
    "sourceToCandidateImplementationUnchanged": true,
    "onlyPRScratchCheckSkippedOnPush": true
  },
  "acceptanceClaim": false,
  "overallStatus": "PASS"
}

STDERR
