STDOUT
{
  "observedAt": "2026-10-07T21:38:36.429280+00:00",
  "source": "8e5b954e147a87e36a6869d9940c40f3d4c123f0",
  "buildId": "UJIOXeDJfXd3SPJ0ye8pr",
  "rawEvidenceSha256": "d3ca7bde47be023a2ad48623c7ad9034179eb6ebc76cbd890518a1e6626bf15a",
  "executionClass": "Own parsing of retained maker browser evidence; no own browser execution",
  "cycles": [
    {
      "cycle": 1,
      "activeRenderedFrames": 681,
      "activeCalls": 66,
      "activeTriangles": 12020,
      "stoppedFrames": 695,
      "afterExit": {
        "canvasConnected": false,
        "renderedFrames": 695,
        "contextLost": true
      },
      "status": "PASS"
    },
    {
      "cycle": 2,
      "activeRenderedFrames": 635,
      "activeCalls": 66,
      "activeTriangles": 12020,
      "stoppedFrames": 647,
      "afterExit": {
        "canvasConnected": false,
        "renderedFrames": 647,
        "contextLost": true
      },
      "status": "PASS"
    },
    {
      "cycle": 3,
      "activeRenderedFrames": 634,
      "activeCalls": 66,
      "activeTriangles": 12020,
      "stoppedFrames": 647,
      "afterExit": {
        "canvasConnected": false,
        "renderedFrames": 647,
        "contextLost": true
      },
      "status": "PASS"
    },
    {
      "cycle": 4,
      "activeRenderedFrames": 638,
      "activeCalls": 66,
      "activeTriangles": 12020,
      "stoppedFrames": 651,
      "afterExit": {
        "canvasConnected": false,
        "renderedFrames": 651,
        "contextLost": true
      },
      "status": "PASS"
    }
  ],
  "heapLeakAbsence": "UNKNOWN",
  "gpuMemoryLeakAbsence": "UNKNOWN",
  "overallStatus": "PASS"
}

STDERR
