Lockfile is up to date, resolution step is skipped
Progress: resolved 1, reused 0, downloaded 0, added 0
Packages: +376
++++++++++++++++++++++++++++++++++++++++++++++++++++++++++++++++++++++++++++++++
Progress: resolved 376, reused 0, downloaded 10, added 9
Progress: resolved 376, reused 0, downloaded 49, added 48
Progress: resolved 376, reused 0, downloaded 51, added 50
Progress: resolved 376, reused 0, downloaded 56, added 55
Progress: resolved 376, reused 0, downloaded 61, added 60
Progress: resolved 376, reused 0, downloaded 67, added 66
Progress: resolved 376, reused 0, downloaded 70, added 68
Progress: resolved 376, reused 0, downloaded 108, added 105
Progress: resolved 376, reused 0, downloaded 148, added 148
Progress: resolved 376, reused 0, downloaded 184, added 184
Progress: resolved 376, reused 0, downloaded 218, added 217
Progress: resolved 376, reused 0, downloaded 237, added 236
Progress: resolved 376, reused 0, downloaded 268, added 268
Progress: resolved 376, reused 0, downloaded 280, added 278
Progress: resolved 376, reused 0, downloaded 291, added 288
Progress: resolved 376, reused 0, downloaded 317, added 313
Progress: resolved 376, reused 0, downloaded 334, added 332
Progress: resolved 376, reused 0, downloaded 334, added 333
Progress: resolved 376, reused 0, downloaded 353, added 347
Progress: resolved 376, reused 0, downloaded 369, added 367
Progress: resolved 376, reused 0, downloaded 370, added 369
Progress: resolved 376, reused 0, downloaded 372, added 371
Progress: resolved 376, reused 0, downloaded 373, added 372
Progress: resolved 376, reused 0, downloaded 374, added 373
Progress: resolved 376, reused 0, downloaded 374, added 374
Progress: resolved 376, reused 0, downloaded 375, added 374
Progress: resolved 376, reused 0, downloaded 375, added 375
Progress: resolved 376, reused 0, downloaded 376, added 375
Progress: resolved 376, reused 0, downloaded 376, added 376
Progress: resolved 376, reused 0, downloaded 376, added 376, done
.../node_modules/unrs-resolver postinstall$ node postinstall.js
.../node_modules/unrs-resolver postinstall: Done

dependencies:
+ next 16.3.8
+ react 19.3.0
+ react-dom 19.3.0
+ three 0.180.0
+ zod 4.6.5

devDependencies:
+ @axe-core/playwright 4.13.0
+ @playwright/test 1.63.0
+ @types/node 24.19.0
+ @types/react 19.3.0
+ @types/react-dom 19.3.0
+ @types/three 0.180.0
+ eslint 9.39.5
+ eslint-config-next 16.3.8
+ typescript 6.0.3
+ vitest 5.0.2

Done in 58.2s using pnpm v9.15.9
