
> yor-world-g1-proof@0.1.0 build C:\Users\yoray\AppData\Local\Temp\yor-g1-hostile-run-y77xxbm4\app
> next build

▲ Next.js 16.3.8 (Turbopack)
✓ Running next.config.ts took 1051ms
⚠ No build cache found. Please configure build caching for faster rebuilds. Read more: https://nextjs.org/docs/messages/no-cache

  Creating an optimized production build ...
✓ Compiled successfully in 6.6s
  Running TypeScript ...
  Finished TypeScript in 18.1s ...
  Collecting page data using 8 workers ...
  Generating static pages using 8 workers (0/7) ...
  Generating static pages using 8 workers (1/7) 
  Generating static pages using 8 workers (3/7) 
  Generating static pages using 8 workers (5/7) 
✓ Generating static pages using 8 workers (7/7) in 1951ms
  Finalizing page optimization ...

Route (app)
┌ ○ /
├ ○ /_not-found
├ ○ /about
├ ○ /contact
├ ○ /projects
└ ○ /resume


○  (Static)  prerendered as static content

