[WebServer] (node:31888) Warning: The 'NO_COLOR' env is ignored due to the 'FORCE_COLOR' env being set.
[WebServer] (Use `node --trace-warnings ...` to show where the warning was created)

Running 20 tests using 1 worker

(node:6732) Warning: The 'NO_COLOR' env is ignored due to the 'FORCE_COLOR' env being set.
(Use `node --trace-warnings ...` to show where the warning was created)
  ok  1 [chrome] › tests\e2e\platform\admin-publish.spec.ts:48:3 › Milestone A4: Project Editor & Publication Management E2E › admin navigation includes links to Dashboard, Editor, and Publish (2.3s)
  ok  2 [chrome] › tests\e2e\platform\admin-publish.spec.ts:63:3 › Milestone A4: Project Editor & Publication Management E2E › loads project editor with structured editing controls (1.2s)
  ok  3 [chrome] › tests\e2e\platform\admin-publish.spec.ts:94:3 › Milestone A4: Project Editor & Publication Management E2E › loads publish review with pre-flight checklist and publication history table (1.0s)
  ok  4 [chrome] › tests\e2e\platform\admin-publish.spec.ts:126:3 › Milestone A4: Project Editor & Publication Management E2E › edits, saves, reloads, and privately previews CandidateX without adding it to public pages (1.7s)
  ok  5 [chrome] › tests\e2e\platform\admin-publish.spec.ts:146:3 › Milestone A4: Project Editor & Publication Management E2E › editor and publish interfaces require zero WebGL, canvas, or 3D models (1.8s)
  ok  6 [chrome] › tests\e2e\platform\admin-publish.spec.ts:163:3 › Milestone A4: Project Editor & Publication Management E2E › public portfolio continues to serve approved snapshot with no private media leakage (649ms)
  ok  7 [chrome] › tests\e2e\platform\completion-authoring-workflow.spec.ts:19:3 › A1 completion authoring and publication workflow › edits all block variants, ordering, picker empty state, save/reopen/cancel, and preserves a failed buffer (2.5s)
  ok  8 [chrome] › tests\e2e\platform\completion-authoring-workflow.spec.ts:92:3 › A1 completion authoring and publication workflow › two open editor sessions reject the stale save and retain its unsaved value (3.9s)
  ok  9 [chrome] › tests\e2e\platform\completion-authoring-workflow.spec.ts:115:3 › A1 completion authoring and publication workflow › publishes from a fresh review, states edge visibility limits, then rolls back with a reason (1.6s)
  ok 10 [chrome] › tests\e2e\platform\completion-authoring-workflow.spec.ts:141:3 › A1 completion authoring and publication workflow › keeps private APIs isolated for anonymous callers and never publishes the CandidateX sentinel (904ms)
(node:33760) Warning: The 'NO_COLOR' env is ignored due to the 'FORCE_COLOR' env being set.
(Use `node --trace-warnings ...` to show where the warning was created)
  ok 11 [edge] › tests\e2e\platform\admin-publish.spec.ts:48:3 › Milestone A4: Project Editor & Publication Management E2E › admin navigation includes links to Dashboard, Editor, and Publish (1.4s)
  ok 12 [edge] › tests\e2e\platform\admin-publish.spec.ts:63:3 › Milestone A4: Project Editor & Publication Management E2E › loads project editor with structured editing controls (1.1s)
  ok 13 [edge] › tests\e2e\platform\admin-publish.spec.ts:94:3 › Milestone A4: Project Editor & Publication Management E2E › loads publish review with pre-flight checklist and publication history table (1.0s)
  ok 14 [edge] › tests\e2e\platform\admin-publish.spec.ts:126:3 › Milestone A4: Project Editor & Publication Management E2E › edits, saves, reloads, and privately previews CandidateX without adding it to public pages (1.7s)
  ok 15 [edge] › tests\e2e\platform\admin-publish.spec.ts:146:3 › Milestone A4: Project Editor & Publication Management E2E › editor and publish interfaces require zero WebGL, canvas, or 3D models (1.3s)
  ok 16 [edge] › tests\e2e\platform\admin-publish.spec.ts:163:3 › Milestone A4: Project Editor & Publication Management E2E › public portfolio continues to serve approved snapshot with no private media leakage (742ms)
  ok 17 [edge] › tests\e2e\platform\completion-authoring-workflow.spec.ts:19:3 › A1 completion authoring and publication workflow › edits all block variants, ordering, picker empty state, save/reopen/cancel, and preserves a failed buffer (3.0s)
  ok 18 [edge] › tests\e2e\platform\completion-authoring-workflow.spec.ts:92:3 › A1 completion authoring and publication workflow › two open editor sessions reject the stale save and retain its unsaved value (4.4s)
  ok 19 [edge] › tests\e2e\platform\completion-authoring-workflow.spec.ts:115:3 › A1 completion authoring and publication workflow › publishes from a fresh review, states edge visibility limits, then rolls back with a reason (1.3s)
  ok 20 [edge] › tests\e2e\platform\completion-authoring-workflow.spec.ts:141:3 › A1 completion authoring and publication workflow › keeps private APIs isolated for anonymous callers and never publishes the CandidateX sentinel (1.5s)

  20 passed (50.6s)
