[WebServer] (node:40476) Warning: The 'NO_COLOR' env is ignored due to the 'FORCE_COLOR' env being set.
[WebServer] (Use `node --trace-warnings ...` to show where the warning was created)

Running 12 tests using 1 worker

(node:36540) Warning: The 'NO_COLOR' env is ignored due to the 'FORCE_COLOR' env being set.
(Use `node --trace-warnings ...` to show where the warning was created)
  ok  1 [chrome] › tests\e2e\platform\admin-publish.spec.ts:48:3 › Milestone A4: Project Editor & Publication Management E2E › admin navigation includes links to Dashboard, Editor, and Publish (1.9s)
  ok  2 [chrome] › tests\e2e\platform\admin-publish.spec.ts:63:3 › Milestone A4: Project Editor & Publication Management E2E › loads project editor with structured editing controls (1.0s)
  ok  3 [chrome] › tests\e2e\platform\admin-publish.spec.ts:94:3 › Milestone A4: Project Editor & Publication Management E2E › loads publish review with pre-flight checklist and publication history table (1.0s)
  ok  4 [chrome] › tests\e2e\platform\admin-publish.spec.ts:122:3 › Milestone A4: Project Editor & Publication Management E2E › edits, saves, reloads, and privately previews CandidateX without adding it to public pages (1.7s)
  ok  5 [chrome] › tests\e2e\platform\admin-publish.spec.ts:141:3 › Milestone A4: Project Editor & Publication Management E2E › editor and publish interfaces require zero WebGL, canvas, or 3D models (1.8s)
  ok  6 [chrome] › tests\e2e\platform\admin-publish.spec.ts:158:3 › Milestone A4: Project Editor & Publication Management E2E › public portfolio continues to serve approved snapshot with no private media leakage (797ms)
(node:20440) Warning: The 'NO_COLOR' env is ignored due to the 'FORCE_COLOR' env being set.
(Use `node --trace-warnings ...` to show where the warning was created)
  ok  7 [edge] › tests\e2e\platform\admin-publish.spec.ts:48:3 › Milestone A4: Project Editor & Publication Management E2E › admin navigation includes links to Dashboard, Editor, and Publish (926ms)
  ok  8 [edge] › tests\e2e\platform\admin-publish.spec.ts:63:3 › Milestone A4: Project Editor & Publication Management E2E › loads project editor with structured editing controls (1.3s)
  ok  9 [edge] › tests\e2e\platform\admin-publish.spec.ts:94:3 › Milestone A4: Project Editor & Publication Management E2E › loads publish review with pre-flight checklist and publication history table (894ms)
  ok 10 [edge] › tests\e2e\platform\admin-publish.spec.ts:122:3 › Milestone A4: Project Editor & Publication Management E2E › edits, saves, reloads, and privately previews CandidateX without adding it to public pages (1.9s)
  ok 11 [edge] › tests\e2e\platform\admin-publish.spec.ts:141:3 › Milestone A4: Project Editor & Publication Management E2E › editor and publish interfaces require zero WebGL, canvas, or 3D models (992ms)
  ok 12 [edge] › tests\e2e\platform\admin-publish.spec.ts:158:3 › Milestone A4: Project Editor & Publication Management E2E › public portfolio continues to serve approved snapshot with no private media leakage (808ms)

  12 passed (27.4s)
