[WebServer] (node:48436) Warning: The 'NO_COLOR' env is ignored due to the 'FORCE_COLOR' env being set.
[WebServer] (Use `node --trace-warnings ...` to show where the warning was created)

Running 20 tests using 1 worker

(node:26488) Warning: The 'NO_COLOR' env is ignored due to the 'FORCE_COLOR' env being set.
(Use `node --trace-warnings ...` to show where the warning was created)
  ok  1 [chrome] › tests\e2e\platform\admin-publish.spec.ts:48:3 › Milestone A4: Project Editor & Publication Management E2E › admin navigation includes links to Dashboard, Editor, and Publish (2.7s)
  ok  2 [chrome] › tests\e2e\platform\admin-publish.spec.ts:63:3 › Milestone A4: Project Editor & Publication Management E2E › loads project editor with structured editing controls (1.6s)
  ok  3 [chrome] › tests\e2e\platform\admin-publish.spec.ts:94:3 › Milestone A4: Project Editor & Publication Management E2E › loads publish review with pre-flight checklist and publication history table (1.1s)
  ok  4 [chrome] › tests\e2e\platform\admin-publish.spec.ts:122:3 › Milestone A4: Project Editor & Publication Management E2E › edits, saves, reloads, and privately previews CandidateX without adding it to public pages (4.1s)
  ok  5 [chrome] › tests\e2e\platform\admin-publish.spec.ts:142:3 › Milestone A4: Project Editor & Publication Management E2E › editor and publish interfaces require zero WebGL, canvas, or 3D models (1.6s)
  ok  6 [chrome] › tests\e2e\platform\admin-publish.spec.ts:159:3 › Milestone A4: Project Editor & Publication Management E2E › public portfolio continues to serve approved snapshot with no private media leakage (2.3s)
  ok  7 [chrome] › tests\e2e\platform\completion-authoring-workflow.spec.ts:19:3 › A1 completion authoring and publication workflow › edits all block variants, ordering, picker empty state, save/reopen/cancel, and preserves a failed buffer (5.2s)
  x   8 [chrome] › tests\e2e\platform\completion-authoring-workflow.spec.ts:90:3 › A1 completion authoring and publication workflow › two open editor sessions reject the stale save and retain its unsaved value (40.8s)
(node:46524) Warning: The 'NO_COLOR' env is ignored due to the 'FORCE_COLOR' env being set.
(Use `node --trace-warnings ...` to show where the warning was created)
  x   9 [chrome] › tests\e2e\platform\completion-authoring-workflow.spec.ts:111:3 › A1 completion authoring and publication workflow › publishes from a fresh review, states edge visibility limits, then rolls back with a reason (7.4s)
(node:26260) Warning: The 'NO_COLOR' env is ignored due to the 'FORCE_COLOR' env being set.
(Use `node --trace-warnings ...` to show where the warning was created)
  ok 10 [chrome] › tests\e2e\platform\completion-authoring-workflow.spec.ts:132:3 › A1 completion authoring and publication workflow › keeps private APIs isolated for anonymous callers and never publishes the CandidateX sentinel (2.6s)
(node:44328) Warning: The 'NO_COLOR' env is ignored due to the 'FORCE_COLOR' env being set.
(Use `node --trace-warnings ...` to show where the warning was created)
  ok 11 [edge] › tests\e2e\platform\admin-publish.spec.ts:48:3 › Milestone A4: Project Editor & Publication Management E2E › admin navigation includes links to Dashboard, Editor, and Publish (2.0s)
  ok 12 [edge] › tests\e2e\platform\admin-publish.spec.ts:63:3 › Milestone A4: Project Editor & Publication Management E2E › loads project editor with structured editing controls (1.6s)
  ok 13 [edge] › tests\e2e\platform\admin-publish.spec.ts:94:3 › Milestone A4: Project Editor & Publication Management E2E › loads publish review with pre-flight checklist and publication history table (1.0s)
  ok 14 [edge] › tests\e2e\platform\admin-publish.spec.ts:122:3 › Milestone A4: Project Editor & Publication Management E2E › edits, saves, reloads, and privately previews CandidateX without adding it to public pages (2.2s)
  ok 15 [edge] › tests\e2e\platform\admin-publish.spec.ts:142:3 › Milestone A4: Project Editor & Publication Management E2E › editor and publish interfaces require zero WebGL, canvas, or 3D models (1.5s)
  ok 16 [edge] › tests\e2e\platform\admin-publish.spec.ts:159:3 › Milestone A4: Project Editor & Publication Management E2E › public portfolio continues to serve approved snapshot with no private media leakage (939ms)
  x  17 [edge] › tests\e2e\platform\completion-authoring-workflow.spec.ts:19:3 › A1 completion authoring and publication workflow › edits all block variants, ordering, picker empty state, save/reopen/cancel, and preserves a failed buffer (2.7s)
(node:37084) Warning: The 'NO_COLOR' env is ignored due to the 'FORCE_COLOR' env being set.
(Use `node --trace-warnings ...` to show where the warning was created)
  ok 18 [edge] › tests\e2e\platform\completion-authoring-workflow.spec.ts:90:3 › A1 completion authoring and publication workflow › two open editor sessions reject the stale save and retain its unsaved value (3.6s)
  x  19 [edge] › tests\e2e\platform\completion-authoring-workflow.spec.ts:111:3 › A1 completion authoring and publication workflow › publishes from a fresh review, states edge visibility limits, then rolls back with a reason (5.8s)
(node:26476) Warning: The 'NO_COLOR' env is ignored due to the 'FORCE_COLOR' env being set.
(Use `node --trace-warnings ...` to show where the warning was created)
  ok 20 [edge] › tests\e2e\platform\completion-authoring-workflow.spec.ts:132:3 › A1 completion authoring and publication workflow › keeps private APIs isolated for anonymous callers and never publishes the CandidateX sentinel (2.2s)


  1) [chrome] › tests\e2e\platform\completion-authoring-workflow.spec.ts:90:3 › A1 completion authoring and publication workflow › two open editor sessions reject the stale save and retain its unsaved value 

    Test timeout of 30000ms exceeded.

    Error: locator.selectOption: Test timeout of 30000ms exceeded.
    Call log:
      - waiting for getByLabel(/Select Project:/i)


      92 |     await Promise.all([page.goto("/admin/editor"), second.goto("/admin/editor")]);
      93 |     await Promise.all([
    > 94 |       page.getByLabel(/Select Project:/i).selectOption("candidatex"),
         |                                           ^
      95 |       second.getByLabel(/Select Project:/i).selectOption("candidatex"),
      96 |     ]);
      97 |     await page.getByLabel(/^Title$/i).fill(`R4 winner ${testInfo.project.name}`);
        at C:\Users\yoray\Projects\Yor World\deliveries\FINISH-A1\r4\verification\app\tests\e2e\platform\completion-authoring-workflow.spec.ts:94:43

    attachment #1: screenshot (image/png) ──────────────────────────────────────────────────────────
    test-results\platform-completion-author-eb782-nd-retain-its-unsaved-value-chrome\test-failed-2.png
    ────────────────────────────────────────────────────────────────────────────────────────────────

    Error Context: test-results\platform-completion-author-eb782-nd-retain-its-unsaved-value-chrome\error-context.md

  2) [chrome] › tests\e2e\platform\completion-authoring-workflow.spec.ts:111:3 › A1 completion authoring and publication workflow › publishes from a fresh review, states edge visibility limits, then rolls back with a reason 

    Error: expect(locator).toBeVisible() failed

    Locator: getByText(/CDN\/edge cache visibility was not observed/i).first()
    Expected: visible
    Timeout: 5000ms
    Error: element(s) not found

    Call log:
      - Expect "toBeVisible" getByText(/CDN\/edge cache visibility was not observed/i).first() with timeout 5000ms
      - waiting for getByText(/CDN\/edge cache visibility was not observed/i).first()


      118 |
      119 |     await publishButton.click();
    > 120 |     await expect(page.getByText(/CDN\/edge cache visibility was not observed/i).first()).toBeVisible();
          |                                                                                          ^
      121 |     await expect(page.getByText(/Origin read observed r\d+/i).first()).toBeVisible();
      122 |
      123 |     const reason = `R4 browser rollback reason ${testInfo.project.name}`;
        at C:\Users\yoray\Projects\Yor World\deliveries\FINISH-A1\r4\verification\app\tests\e2e\platform\completion-authoring-workflow.spec.ts:120:90

    attachment #1: screenshot (image/png) ──────────────────────────────────────────────────────────
    test-results\platform-completion-author-4e005-en-rolls-back-with-a-reason-chrome\test-failed-1.png
    ────────────────────────────────────────────────────────────────────────────────────────────────

    Error Context: test-results\platform-completion-author-4e005-en-rolls-back-with-a-reason-chrome\error-context.md

  3) [edge] › tests\e2e\platform\completion-authoring-workflow.spec.ts:19:3 › A1 completion authoring and publication workflow › edits all block variants, ordering, picker empty state, save/reopen/cancel, and preserves a failed buffer 

    Error: expect(locator).toBeVisible() failed

    Locator: getByText('second', { exact: true })
    Expected: visible
    Error: strict mode violation: getByText('second', { exact: true }) resolved to 2 elements:
        1) <li>second</li> aka locator('#sec-1791678841129-irhxn').getByText('second')
        2) <li>second</li> aka locator('#sec-1791678962236-qirty').getByText('second')

    Call log:
      - Expect "toBeVisible" getByText('second', { exact: true }) with timeout 5000ms
      - waiting for getByText('second', { exact: true })


      76 |     await expect(page.getByText(sentinel, { exact: false })).toBeVisible();
      77 |     await expect(page.getByText(codeText, { exact: false })).toBeVisible();
    > 78 |     await expect(page.getByText("second", { exact: true })).toBeVisible();
         |                                                             ^
      79 |     await capture(page, `r4-private-preview-${testInfo.project.name}`);
      80 |
      81 |     await page.goto("/admin/editor");
        at C:\Users\yoray\Projects\Yor World\deliveries\FINISH-A1\r4\verification\app\tests\e2e\platform\completion-authoring-workflow.spec.ts:78:61

    attachment #1: screenshot (image/png) ──────────────────────────────────────────────────────────
    test-results\platform-completion-author-9e384-d-preserves-a-failed-buffer-edge\test-failed-1.png
    ────────────────────────────────────────────────────────────────────────────────────────────────

    Error Context: test-results\platform-completion-author-9e384-d-preserves-a-failed-buffer-edge\error-context.md

  4) [edge] › tests\e2e\platform\completion-authoring-workflow.spec.ts:111:3 › A1 completion authoring and publication workflow › publishes from a fresh review, states edge visibility limits, then rolls back with a reason 

    Error: expect(locator).toBeVisible() failed

    Locator: getByText(/CDN\/edge cache visibility was not observed/i).first()
    Expected: visible
    Timeout: 5000ms
    Error: element(s) not found

    Call log:
      - Expect "toBeVisible" getByText(/CDN\/edge cache visibility was not observed/i).first() with timeout 5000ms
      - waiting for getByText(/CDN\/edge cache visibility was not observed/i).first()


      118 |
      119 |     await publishButton.click();
    > 120 |     await expect(page.getByText(/CDN\/edge cache visibility was not observed/i).first()).toBeVisible();
          |                                                                                          ^
      121 |     await expect(page.getByText(/Origin read observed r\d+/i).first()).toBeVisible();
      122 |
      123 |     const reason = `R4 browser rollback reason ${testInfo.project.name}`;
        at C:\Users\yoray\Projects\Yor World\deliveries\FINISH-A1\r4\verification\app\tests\e2e\platform\completion-authoring-workflow.spec.ts:120:90

    attachment #1: screenshot (image/png) ──────────────────────────────────────────────────────────
    test-results\platform-completion-author-4e005-en-rolls-back-with-a-reason-edge\test-failed-1.png
    ────────────────────────────────────────────────────────────────────────────────────────────────

    Error Context: test-results\platform-completion-author-4e005-en-rolls-back-with-a-reason-edge\error-context.md

  4 failed
    [chrome] › tests\e2e\platform\completion-authoring-workflow.spec.ts:90:3 › A1 completion authoring and publication workflow › two open editor sessions reject the stale save and retain its unsaved value 
    [chrome] › tests\e2e\platform\completion-authoring-workflow.spec.ts:111:3 › A1 completion authoring and publication workflow › publishes from a fresh review, states edge visibility limits, then rolls back with a reason 
    [edge] › tests\e2e\platform\completion-authoring-workflow.spec.ts:19:3 › A1 completion authoring and publication workflow › edits all block variants, ordering, picker empty state, save/reopen/cancel, and preserves a failed buffer 
    [edge] › tests\e2e\platform\completion-authoring-workflow.spec.ts:111:3 › A1 completion authoring and publication workflow › publishes from a fresh review, states edge visibility limits, then rolls back with a reason 
  16 passed (2.9m)
